2025-11-26 09:35:07,837 - [入场] HEMIUSDT | 方向:LONG | 价格:0.0257 | 数量:779.423227 | 止损:0.0255 | 止盈:0.0260
2025-11-26 09:35:09,347 - [入场] HEMIUSDT | 方向:LONG | 价格:0.0257 | 数量:778.816199 | 止损:0.0255 | 止盈:0.0260
2025-11-26 09:35:10,413 - [入场] HEMIUSDT | 方向:LONG | 价格:0.0257 | 数量:776.699029 | 止损:0.0256 | 止盈:0.0261
2025-11-26 09:37:17,367 - [离场] HEMIUSDT | 原因:STOP | 方向:LONG | 入场:0.0257 | 离场:0.0255 | 数量:778.816199 | 盈亏:-0.1402USDT
2025-11-26 09:37:18,398 - [离场] HEMIUSDT | 原因:STOP | 方向:LONG | 入场:0.0257 | 离场:0.0255 | 数量:776.699029 | 盈亏:-0.1942USDT
2025-11-26 09:37:18,412 - [离场] HEMIUSDT | 原因:STOP | 方向:LONG | 入场:0.0257 | 离场:0.0255 | 数量:779.423227 | 盈亏:-0.1247USDT
2025-11-26 09:41:05,931 - [入场] MERLUSDT | 方向:SHORT | 价格:0.2117 | 数量:94.468849 | 止损:0.2127 | 止盈:0.2098
2025-11-26 09:41:05,967 - [入场] MERLUSDT | 方向:SHORT | 价格:0.2117 | 数量:94.468849 | 止损:0.2127 | 止盈:0.2098
2025-11-26 09:41:31,862 - [入场] MERLUSDT | 方向:SHORT | 价格:0.2119 | 数量:94.397508 | 止损:0.2128 | 止盈:0.2099
2025-11-26 09:42:16,143 - [入场] IPUSDT | 方向:LONG | 价格:2.9220 | 数量:6.844627 | 止损:2.9061 | 止盈:2.9539
2025-11-26 09:42:29,509 - [入场] IPUSDT | 方向:LONG | 价格:2.9250 | 数量:6.837607 | 止损:2.9091 | 止盈:2.9569
2025-11-26 09:42:31,006 - [入场] IPUSDT | 方向:LONG | 价格:2.9250 | 数量:6.837607 | 止损:2.9091 | 止盈:2.9569
2025-11-26 09:42:52,651 - [离场] MERLUSDT | 原因:STOP | 方向:SHORT | 入场:0.2117 | 离场:0.2127 | 数量:94.468849 | 盈亏:-0.0926USDT
2025-11-26 09:43:28,485 - [离场] MERLUSDT | 原因:STOP | 方向:SHORT | 入场:0.2117 | 离场:0.2127 | 数量:94.468849 | 盈亏:-0.0916USDT
2025-11-26 09:44:11,746 - [离场] MERLUSDT | 原因:STOP | 方向:SHORT | 入场:0.2119 | 离场:0.2129 | 数量:94.397508 | 盈亏:-0.1010USDT
2025-11-26 09:44:50,839 - [离场] IPUSDT | 原因:STOP | 方向:LONG | 入场:2.9250 | 离场:2.9050 | 数量:6.837607 | 盈亏:-0.1368USDT
2025-11-26 09:44:54,719 - [离场] IPUSDT | 原因:STOP | 方向:LONG | 入场:2.9250 | 离场:2.9040 | 数量:6.837607 | 盈亏:-0.1436USDT
2025-11-26 09:45:08,080 - [离场] IPUSDT | 原因:STOP | 方向:LONG | 入场:2.9220 | 离场:2.9060 | 数量:6.844627 | 盈亏:-0.1095USDT
2025-11-26 09:54:11,996 - [入场] TRADOORUSDT | 方向:LONG | 价格:1.4520 | 数量:13.774105 | 止损:1.4385 | 止盈:1.4790
2025-11-26 09:54:16,077 - [入场] TRADOORUSDT | 方向:LONG | 价格:1.4480 | 数量:13.812155 | 止损:1.4345 | 止盈:1.4750
2025-11-26 09:54:18,140 - [入场] TRADOORUSDT | 方向:LONG | 价格:1.4500 | 数量:13.793103 | 止损:1.4365 | 止盈:1.4770
2025-11-26 09:56:10,787 - [离场] TRADOORUSDT | 原因:STOP | 方向:LONG | 入场:1.4500 | 离场:1.4360 | 数量:13.793103 | 盈亏:-0.1931USDT
2025-11-26 10:02:56,900 - [离场] TRADOORUSDT | 原因:TAKE | 方向:LONG | 入场:1.4480 | 离场:1.4920 | 数量:13.812155 | 盈亏:+0.6077USDT
2025-11-26 10:02:58,439 - [离场] TRADOORUSDT | 原因:TAKE | 方向:LONG | 入场:1.4520 | 离场:1.4900 | 数量:13.774105 | 盈亏:+0.5234USDT
2025-11-26 10:03:13,039 - [入场] TRADOORUSDT | 方向:LONG | 价格:1.4900 | 数量:13.422819 | 止损:1.4661 | 止盈:1.5377
2025-11-26 10:03:22,310 - [入场] TRADOORUSDT | 方向:LONG | 价格:1.4910 | 数量:13.413816 | 止损:1.4669 | 止盈:1.5393
2025-11-26 10:03:22,811 - [入场] TRADOORUSDT | 方向:LONG | 价格:1.4910 | 数量:13.413816 | 止损:1.4669 | 止盈:1.5393
2025-11-26 10:08:47,647 - [入场] TRADOORUSDT | 方向:LONG | 价格:1.5560 | 数量:12.853470 | 止损:1.5284 | 止盈:1.6113
2025-11-26 10:08:48,951 - [入场] TRADOORUSDT | 方向:LONG | 价格:1.5560 | 数量:12.853470 | 止损:1.5284 | 止盈:1.6113
2025-11-26 10:10:07,628 - [入场] MERLUSDT | 方向:SHORT | 价格:0.2097 | 数量:95.365249 | 止损:0.2110 | 止盈:0.2072
2025-11-26 10:10:08,765 - [离场] TRADOORUSDT | 原因:STOP | 方向:LONG | 入场:1.5560 | 离场:1.5280 | 数量:12.853470 | 盈亏:-0.3599USDT
2025-11-26 10:10:11,132 - [入场] MERLUSDT | 方向:SHORT | 价格:0.2095 | 数量:95.460837 | 止损:0.2109 | 止盈:0.2068
2025-11-26 10:12:05,655 - [离场] TRADOORUSDT | 原因:STOP | 方向:LONG | 入场:1.5560 | 离场:1.5230 | 数量:12.853470 | 盈亏:-0.4242USDT
2025-11-26 10:14:00,274 - [离场] MERLUSDT | 原因:STOP | 方向:SHORT | 入场:0.2095 | 离场:0.2109 | 数量:95.460837 | 盈亏:-0.1308USDT
2025-11-26 10:17:07,072 - [入场] HANAUSDT | 方向:LONG | 价格:0.0200 | 数量:1002.004008 | 止损:0.0198 | 止盈:0.0203
2025-11-26 10:17:16,158 - [入场] HANAUSDT | 方向:LONG | 价格:0.0199 | 数量:1003.009027 | 止损:0.0198 | 止盈:0.0202
2025-11-26 10:17:17,540 - [入场] HANAUSDT | 方向:LONG | 价格:0.0200 | 数量:1002.004008 | 止损:0.0198 | 止盈:0.0203
2025-11-26 10:19:10,729 - [入场] HEMIUSDT | 方向:LONG | 价格:0.0260 | 数量:769.822941 | 止损:0.0259 | 止盈:0.0262
2025-11-26 10:19:15,018 - [入场] HEMIUSDT | 方向:LONG | 价格:0.0260 | 数量:769.822941 | 止损:0.0259 | 止盈:0.0262
2025-11-26 10:21:04,115 - [离场] HEMIUSDT | 原因:TAKE | 方向:LONG | 入场:0.0260 | 离场:0.0262 | 数量:769.822941 | 盈亏:+0.1848USDT
2025-11-26 10:21:05,007 - [入场] HEMIUSDT | 方向:LONG | 价格:0.0263 | 数量:759.878419 | 止损:0.0262 | 止盈:0.0266
2025-11-26 10:21:12,482 - [离场] HEMIUSDT | 原因:TAKE | 方向:LONG | 入场:0.0260 | 离场:0.0263 | 数量:769.822941 | 盈亏:+0.2386USDT
2025-11-26 10:21:13,429 - [入场] HEMIUSDT | 方向:LONG | 价格:0.0263 | 数量:760.745531 | 止损:0.0262 | 止盈:0.0265
2025-11-26 10:21:54,071 - [离场] HEMIUSDT | 原因:STOP | 方向:LONG | 入场:0.0263 | 离场:0.0261 | 数量:759.878419 | 盈亏:-0.1824USDT
2025-11-26 10:22:04,547 - [离场] HEMIUSDT | 原因:STOP | 方向:LONG | 入场:0.0263 | 离场:0.0261 | 数量:760.745531 | 盈亏:-0.1521USDT
2025-11-26 10:24:39,170 - [离场] HANAUSDT | 原因:TAKE | 方向:LONG | 入场:0.0199 | 离场:0.0203 | 数量:1003.009027 | 盈亏:+0.3310USDT
2025-11-26 10:24:45,105 - [离场] HANAUSDT | 原因:TAKE | 方向:LONG | 入场:0.0200 | 离场:0.0203 | 数量:1002.004008 | 盈亏:+0.3407USDT
2025-11-26 10:24:48,888 - [离场] HANAUSDT | 原因:TAKE | 方向:LONG | 入场:0.0200 | 离场:0.0203 | 数量:1002.004008 | 盈亏:+0.3407USDT
2025-11-26 10:31:10,083 - [入场] IPUSDT | 方向:LONG | 价格:2.9360 | 数量:6.811989 | 止损:2.9216 | 止盈:2.9647
2025-11-26 10:31:40,616 - [入场] IPUSDT | 方向:LONG | 价格:2.9390 | 数量:6.805036 | 止损:2.9245 | 止盈:2.9680
2025-11-26 10:32:08,542 - [入场] HEMIUSDT | 方向:LONG | 价格:0.0271 | 数量:737.191301 | 止损:0.0269 | 止盈:0.0276
2025-11-26 10:32:15,875 - [入场] HEMIUSDT | 方向:LONG | 价格:0.0271 | 数量:738.007380 | 止损:0.0269 | 止盈:0.0276
2025-11-26 10:33:11,568 - [离场] IPUSDT | 原因:STOP | 方向:LONG | 入场:2.9390 | 离场:2.9170 | 数量:6.805036 | 盈亏:-0.1497USDT
2025-11-26 10:33:31,504 - [离场] HEMIUSDT | 原因:STOP | 方向:LONG | 入场:0.0271 | 离场:0.0269 | 数量:738.007380 | 盈亏:-0.1771USDT
2025-11-26 10:33:37,385 - [离场] HEMIUSDT | 原因:STOP | 方向:LONG | 入场:0.0271 | 离场:0.0268 | 数量:737.191301 | 盈亏:-0.2138USDT
2025-11-26 10:34:10,609 - [离场] IPUSDT | 原因:STOP | 方向:LONG | 入场:2.9360 | 离场:2.9210 | 数量:6.811989 | 盈亏:-0.1022USDT
2025-11-26 10:39:24,589 - [离场] MERLUSDT | 原因:STOP | 方向:SHORT | 入场:0.2097 | 离场:0.2112 | 数量:95.365249 | 盈亏:-0.1411USDT
2025-11-26 10:41:07,792 - [入场] MONUSDT | 方向:LONG | 价格:0.0457 | 数量:438.116101 | 止损:0.0453 | 止盈:0.0463
2025-11-26 10:41:14,368 - [入场] MONUSDT | 方向:LONG | 价格:0.0457 | 数量:437.636761 | 止损:0.0453 | 止盈:0.0464
2025-11-26 10:41:19,225 - [入场] MONUSDT | 方向:LONG | 价格:0.0456 | 数量:438.596491 | 止损:0.0452 | 止盈:0.0463
2025-11-26 10:55:18,044 - [入场] TRADOORUSDT | 方向:LONG | 价格:1.5320 | 数量:13.054830 | 止损:1.5099 | 止盈:1.5761
2025-11-26 10:55:28,648 - [入场] TRADOORUSDT | 方向:LONG | 价格:1.5300 | 数量:13.071895 | 止损:1.5079 | 止盈:1.5743
2025-11-26 10:55:33,395 - [入场] TRADOORUSDT | 方向:LONG | 价格:1.5320 | 数量:13.054830 | 止损:1.5099 | 止盈:1.5763
2025-11-26 10:58:26,151 - [入场] ICNTUSDT | 方向:LONG | 价格:0.2419 | 数量:82.678793 | 止损:0.2408 | 止盈:0.2442
2025-11-26 10:58:30,599 - [入场] ICNTUSDT | 方向:LONG | 价格:0.2417 | 数量:82.747207 | 止损:0.2406 | 止盈:0.2440
2025-11-26 11:00:38,260 - [离场] ICNTUSDT | 原因:STOP | 方向:LONG | 入场:0.2419 | 离场:0.2397 | 数量:82.678793 | 盈亏:-0.1819USDT
2025-11-26 11:00:39,422 - [离场] ICNTUSDT | 原因:STOP | 方向:LONG | 入场:0.2417 | 离场:0.2397 | 数量:82.747207 | 盈亏:-0.1655USDT
2025-11-26 11:04:12,170 - [离场] TRADOORUSDT | 原因:TAKE | 方向:LONG | 入场:1.5300 | 离场:1.5750 | 数量:13.071895 | 盈亏:+0.5882USDT
2025-11-26 11:06:04,088 - [入场] HANAUSDT | 方向:LONG | 价格:0.0201 | 数量:993.541977 | 止损:0.0200 | 止盈:0.0204
2025-11-26 11:06:05,588 - [入场] HANAUSDT | 方向:LONG | 价格:0.0201 | 数量:993.541977 | 止损:0.0200 | 止盈:0.0204
2025-11-26 11:06:30,574 - [入场] MONUSDT | 方向:LONG | 价格:0.0458 | 数量:436.776589 | 止损:0.0455 | 止盈:0.0463
