2025-11-25 23:49:12,597 - __main__ - WARNING - ================================================================================
2025-11-25 23:49:12,597 - __main__ - WARNING - 实盘交易模式已启动！
2025-11-25 23:49:12,598 - __main__ - WARNING - ================================================================================
2025-11-25 23:49:13,379 - binance_client_v2 - INFO - Binance客户端已初始化 (实盘)
2025-11-25 23:49:13,379 - trading_engine_v2 - INFO - Binance客户端已初始化
2025-11-25 23:49:13,380 - trading_engine_v2 - INFO - 交易引擎初始化完成
2025-11-25 23:49:13,380 - trading_engine_v2 - INFO - ================================================================================
2025-11-25 23:49:13,381 - trading_engine_v2 - INFO - 交易引擎启动
2025-11-25 23:49:13,381 - trading_engine_v2 - INFO - 模式: 实盘交易
2025-11-25 23:49:13,382 - trading_engine_v2 - INFO - 调试模式: False
2025-11-25 23:49:13,382 - trading_engine_v2 - INFO - ================================================================================
2025-11-25 23:49:13,382 - trading_engine_v2 - INFO - 正在配置Binance账户参数...
2025-11-25 23:49:14,469 - binance_client_v2 - INFO - 持仓模式已经是目标状态
2025-11-25 23:49:14,469 - trading_engine_v2 - INFO - ✓ 双向持仓模式(Hedge)已设置
2025-11-25 23:49:14,470 - trading_engine_v2 - INFO - 引擎启动完成
2025-11-25 23:49:14,843 - risk_manager_v2 - INFO - 市场状态更新为: NORMAL
2025-11-25 23:49:15,295 - binance_client_v2 - INFO - 获取了40个USDT币种
2025-11-25 23:49:15,296 - coin_selector - INFO - 成交量排名选择: 从40个币中筛选出30个
2025-11-25 23:49:15,296 - coin_selector - INFO - 币种选择完成: 共30个候选币种
2025-11-25 23:49:16,383 - trading_engine_v2 - INFO - 市场状态: EXCELLENT
2025-11-25 23:49:35,239 - trading_engine_v2 - INFO - 信号扫描完成: 生成0个信号，队列中0个待处理 (≥9分: 0个)
2025-11-25 23:49:45,893 - risk_manager_v2 - INFO - 市场状态更新为: NORMAL
2025-11-25 23:49:47,318 - binance_client_v2 - INFO - 获取了40个USDT币种
2025-11-25 23:49:47,319 - coin_selector - INFO - 成交量排名选择: 从40个币中筛选出30个
2025-11-25 23:49:47,319 - coin_selector - INFO - 币种选择完成: 共30个候选币种
2025-11-25 23:49:47,643 - trading_engine_v2 - INFO - 市场状态: EXCELLENT
2025-11-25 23:50:02,252 - trading_engine_v2 - INFO - 信号扫描完成: 生成0个信号，队列中0个待处理 (≥9分: 0个)
2025-11-25 23:50:12,872 - risk_manager_v2 - INFO - 市场状态更新为: NORMAL
2025-11-25 23:50:14,122 - binance_client_v2 - INFO - 获取了40个USDT币种
2025-11-25 23:50:14,123 - coin_selector - INFO - 成交量排名选择: 从40个币中筛选出30个
2025-11-25 23:50:14,123 - coin_selector - INFO - 币种选择完成: 共30个候选币种
2025-11-25 23:50:14,411 - trading_engine_v2 - INFO - 市场状态: EXCELLENT
2025-11-25 23:50:35,082 - trading_engine_v2 - INFO - 信号扫描完成: 生成0个信号，队列中0个待处理 (≥9分: 0个)
2025-11-25 23:50:45,514 - risk_manager_v2 - INFO - 市场状态更新为: NORMAL
2025-11-25 23:50:47,522 - binance_client_v2 - INFO - 获取了40个USDT币种
2025-11-25 23:50:47,523 - coin_selector - INFO - 成交量排名选择: 从40个币中筛选出30个
2025-11-25 23:50:47,523 - coin_selector - INFO - 币种选择完成: 共30个候选币种
2025-11-25 23:50:47,855 - trading_engine_v2 - INFO - 市场状态: EXCELLENT
2025-11-25 23:51:07,666 - trading_engine_v2 - INFO - 信号扫描完成: 生成0个信号，队列中0个待处理 (≥9分: 0个)
2025-11-25 23:51:18,488 - risk_manager_v2 - INFO - 市场状态更新为: NORMAL
2025-11-25 23:51:19,573 - binance_client_v2 - INFO - 获取了40个USDT币种
2025-11-25 23:51:19,574 - coin_selector - INFO - 成交量排名选择: 从40个币中筛选出30个
2025-11-25 23:51:19,574 - coin_selector - INFO - 币种选择完成: 共30个候选币种
2025-11-25 23:51:20,044 - trading_engine_v2 - INFO - 市场状态: EXCELLENT
2025-11-25 23:51:37,699 - trading_engine_v2 - INFO - 信号扫描完成: 生成0个信号，队列中0个待处理 (≥9分: 0个)
2025-11-25 23:51:48,144 - risk_manager_v2 - INFO - 市场状态更新为: NORMAL
2025-11-25 23:51:49,277 - binance_client_v2 - INFO - 获取了40个USDT币种
2025-11-25 23:51:49,278 - coin_selector - INFO - 成交量排名选择: 从40个币中筛选出30个
2025-11-25 23:51:49,279 - coin_selector - INFO - 币种选择完成: 共30个候选币种
2025-11-25 23:51:49,578 - trading_engine_v2 - INFO - 市场状态: EXCELLENT
2025-11-25 23:52:04,901 - trading_engine_v2 - INFO - 信号扫描完成: 生成0个信号，队列中0个待处理 (≥9分: 0个)
2025-11-25 23:52:15,699 - risk_manager_v2 - INFO - 市场状态更新为: NORMAL
2025-11-25 23:52:17,223 - binance_client_v2 - INFO - 获取了40个USDT币种
2025-11-25 23:52:17,224 - coin_selector - INFO - 成交量排名选择: 从40个币中筛选出30个
2025-11-25 23:52:17,224 - coin_selector - INFO - 币种选择完成: 共30个候选币种
2025-11-25 23:52:17,584 - trading_engine_v2 - INFO - 市场状态: EXCELLENT
2025-11-25 23:52:36,855 - trading_engine_v2 - INFO - 信号扫描完成: 生成0个信号，队列中0个待处理 (≥9分: 0个)
2025-11-25 23:52:47,752 - risk_manager_v2 - INFO - 市场状态更新为: NORMAL
2025-11-25 23:52:49,251 - binance_client_v2 - INFO - 获取了40个USDT币种
2025-11-25 23:52:49,253 - coin_selector - INFO - 成交量排名选择: 从40个币中筛选出30个
2025-11-25 23:52:49,253 - coin_selector - INFO - 币种选择完成: 共30个候选币种
2025-11-25 23:52:49,578 - trading_engine_v2 - INFO - 市场状态: EXCELLENT
2025-11-25 23:53:12,880 - trading_engine_v2 - INFO - 信号扫描完成: 生成0个信号，队列中0个待处理 (≥9分: 0个)
2025-11-25 23:53:24,110 - risk_manager_v2 - INFO - 市场状态更新为: NORMAL
2025-11-25 23:53:26,679 - binance_client_v2 - INFO - 获取了40个USDT币种
2025-11-25 23:53:26,680 - coin_selector - INFO - 成交量排名选择: 从40个币中筛选出30个
2025-11-25 23:53:26,680 - coin_selector - INFO - 币种选择完成: 共30个候选币种
2025-11-25 23:53:27,611 - trading_engine_v2 - INFO - 市场状态: EXCELLENT
2025-11-25 23:53:49,406 - trading_engine_v2 - INFO - 信号扫描完成: 生成0个信号，队列中0个待处理 (≥9分: 0个)
2025-11-25 23:53:59,907 - risk_manager_v2 - INFO - 市场状态更新为: NORMAL
2025-11-25 23:54:00,877 - binance_client_v2 - INFO - 获取了40个USDT币种
2025-11-25 23:54:00,878 - coin_selector - INFO - 成交量排名选择: 从40个币中筛选出30个
2025-11-25 23:54:00,880 - coin_selector - INFO - 币种选择完成: 共30个候选币种
2025-11-25 23:54:01,189 - trading_engine_v2 - INFO - 市场状态: EXCELLENT
2025-11-25 23:54:19,007 - trading_engine_v2 - INFO - 信号扫描完成: 生成0个信号，队列中0个待处理 (≥9分: 0个)
2025-11-25 23:54:29,870 - risk_manager_v2 - INFO - 市场状态更新为: NORMAL
2025-11-25 23:54:31,411 - binance_client_v2 - INFO - 获取了40个USDT币种
2025-11-25 23:54:31,412 - coin_selector - INFO - 成交量排名选择: 从40个币中筛选出30个
2025-11-25 23:54:31,412 - coin_selector - INFO - 币种选择完成: 共30个候选币种
2025-11-25 23:54:32,854 - trading_engine_v2 - INFO - 市场状态: EXCELLENT
2025-11-25 23:54:54,453 - trading_engine_v2 - INFO - 信号扫描完成: 生成0个信号，队列中0个待处理 (≥9分: 0个)
2025-11-25 23:55:04,925 - risk_manager_v2 - INFO - 市场状态更新为: NORMAL
2025-11-25 23:55:06,232 - binance_client_v2 - INFO - 获取了40个USDT币种
2025-11-25 23:55:06,233 - coin_selector - INFO - 成交量排名选择: 从40个币中筛选出30个
2025-11-25 23:55:06,233 - coin_selector - INFO - 币种选择完成: 共30个候选币种
2025-11-25 23:55:07,354 - trading_engine_v2 - INFO - 市场状态: EXCELLENT
2025-11-25 23:55:27,456 - trading_engine_v2 - INFO - 信号扫描完成: 生成0个信号，队列中0个待处理 (≥9分: 0个)
2025-11-25 23:55:38,118 - risk_manager_v2 - INFO - 市场状态更新为: NORMAL
2025-11-25 23:55:39,248 - binance_client_v2 - INFO - 获取了40个USDT币种
2025-11-25 23:55:39,250 - coin_selector - INFO - 成交量排名选择: 从40个币中筛选出30个
2025-11-25 23:55:39,250 - coin_selector - INFO - 币种选择完成: 共30个候选币种
2025-11-25 23:55:39,600 - trading_engine_v2 - INFO - 市场状态: EXCELLENT
2025-11-25 23:55:57,822 - trading_engine_v2 - INFO - 信号扫描完成: 生成0个信号，队列中0个待处理 (≥9分: 0个)
2025-11-25 23:56:08,444 - risk_manager_v2 - INFO - 市场状态更新为: NORMAL
2025-11-25 23:56:09,642 - binance_client_v2 - INFO - 获取了40个USDT币种
2025-11-25 23:56:09,643 - coin_selector - INFO - 成交量排名选择: 从40个币中筛选出30个
2025-11-25 23:56:09,643 - coin_selector - INFO - 币种选择完成: 共30个候选币种
2025-11-25 23:56:10,116 - trading_engine_v2 - INFO - 市场状态: EXCELLENT
2025-11-25 23:56:20,072 - signal_generator - INFO - LINKUSDT: 生成信号 BEARISH [PULLBACK] (评分: 9)
2025-11-25 23:56:20,072 - trading_engine_v2 - INFO - ✓ LINKUSDT: 生成信号 (评分: 9, 信心度: 90%)
2025-11-25 23:56:27,929 - trading_engine_v2 - INFO - 信号扫描完成: 生成1个信号，队列中1个待处理 (≥9分: 1个)
2025-11-25 23:56:27,930 - trading_engine_v2 - INFO - 执行入场: LINKUSDT BEARISH @ 12.7020
2025-11-25 23:56:27,930 - risk_manager_v2 - INFO - 动态仓位: 25.00 USDT (基础:25, 评分倍率:1.0, 市场倍率:1.0, 相关性:1.00)
2025-11-25 23:56:27,930 - trading_engine_v2 - WARNING - [实盘交易] 执行入场订单: LINKUSDT SELL x 1.968194 (positionSide: SHORT)
2025-11-25 23:56:28,015 - binance_client_v2 - INFO - LINKUSDT: 保证金模式已经是 CROSSED
2025-11-25 23:56:28,096 - binance_client_v2 - INFO - LINKUSDT: 杠杆已设置为 1x
2025-11-25 23:56:29,124 - binance_client_v2 - INFO - LINKUSDT: 市价单 SELL 1.96 @ 市价 (订单ID: 46170587703)
2025-11-25 23:56:29,124 - trading_engine_v2 - INFO - ✓ 入场成功: LINKUSDT 订单ID: 46170587703
2025-11-25 23:56:29,124 - risk_manager_v2 - INFO - 添加持仓: LINKUSDT SELL @ 12.7020 x 1.968194
2025-11-25 23:56:29,125 - [入场] LINKUSDT | 方向:BEARISH | 价格:12.7020 | 数量:1.968194 | 仓位:25.00USDT | 评分:9 | 止损:12.8290
2025-11-25 23:56:29,125 - trading_engine_v2 - INFO - ✓ 入场成功: LINKUSDT 仓位大小: 25.00 USDT
2025-11-25 23:56:29,125 - trading_engine_v2 - INFO - 从信号队列执行了 1 个信号，剩余 0 个待处理
2025-11-25 23:56:40,634 - risk_manager_v2 - INFO - 市场状态更新为: NORMAL
2025-11-25 23:56:42,830 - binance_client_v2 - INFO - 获取了40个USDT币种
2025-11-25 23:56:42,831 - coin_selector - INFO - 成交量排名选择: 从40个币中筛选出30个
2025-11-25 23:56:42,831 - coin_selector - INFO - 币种选择完成: 共30个候选币种
2025-11-25 23:56:44,180 - trading_engine_v2 - INFO - 市场状态: EXCELLENT
2025-11-25 23:56:50,665 - signal_generator - INFO - HYPEUSDT: 生成信号 BEARISH [MOMENTUM] (评分: 9)
2025-11-25 23:56:50,665 - trading_engine_v2 - INFO - ✓ HYPEUSDT: 生成信号 (评分: 9, 信心度: 90%)
2025-11-25 23:57:02,778 - trading_engine_v2 - INFO - 信号扫描完成: 生成1个信号，队列中1个待处理 (≥9分: 1个)
2025-11-25 23:57:02,778 - trading_engine_v2 - INFO - 执行入场: HYPEUSDT BEARISH @ 32.1570
2025-11-25 23:57:02,778 - risk_manager_v2 - INFO - 动态仓位: 25.00 USDT (基础:25, 评分倍率:1.0, 市场倍率:1.0, 相关性:1.00)
2025-11-25 23:57:02,779 - trading_engine_v2 - WARNING - [实盘交易] 执行入场订单: HYPEUSDT SELL x 0.777436 (positionSide: SHORT)
2025-11-25 23:57:02,875 - binance_client_v2 - INFO - HYPEUSDT: 保证金模式已经是 CROSSED
2025-11-25 23:57:02,956 - binance_client_v2 - INFO - HYPEUSDT: 杠杆已设置为 1x
2025-11-25 23:57:03,654 - binance_client_v2 - INFO - HYPEUSDT: 市价单 SELL 0.77 @ 市价 (订单ID: 4001983509)
2025-11-25 23:57:03,655 - trading_engine_v2 - INFO - ✓ 入场成功: HYPEUSDT 订单ID: 4001983509
2025-11-25 23:57:03,655 - risk_manager_v2 - INFO - 添加持仓: HYPEUSDT SELL @ 32.1570 x 0.777436
2025-11-25 23:57:03,656 - [入场] HYPEUSDT | 方向:BEARISH | 价格:32.1570 | 数量:0.777436 | 仓位:25.00USDT | 评分:9 | 止损:32.4786
2025-11-25 23:57:03,656 - trading_engine_v2 - INFO - ✓ 入场成功: HYPEUSDT 仓位大小: 25.00 USDT
2025-11-25 23:57:03,656 - trading_engine_v2 - INFO - 从信号队列执行了 1 个信号，剩余 0 个待处理
2025-11-25 23:57:14,794 - risk_manager_v2 - INFO - 市场状态更新为: NORMAL
2025-11-25 23:57:15,809 - binance_client_v2 - INFO - 获取了40个USDT币种
2025-11-25 23:57:15,810 - coin_selector - INFO - 成交量排名选择: 从40个币中筛选出30个
2025-11-25 23:57:15,811 - coin_selector - INFO - 币种选择完成: 共30个候选币种
2025-11-25 23:57:16,359 - trading_engine_v2 - INFO - 市场状态: EXCELLENT
2025-11-25 23:57:30,636 - trading_engine_v2 - INFO - 信号扫描完成: 生成0个信号，队列中0个待处理 (≥9分: 0个)
2025-11-25 23:57:41,515 - risk_manager_v2 - INFO - 市场状态更新为: NORMAL
2025-11-25 23:57:42,721 - binance_client_v2 - INFO - 获取了40个USDT币种
2025-11-25 23:57:42,722 - coin_selector - INFO - 成交量排名选择: 从40个币中筛选出30个
2025-11-25 23:57:42,723 - coin_selector - INFO - 币种选择完成: 共30个候选币种
2025-11-25 23:57:45,268 - trading_engine_v2 - INFO - 市场状态: EXCELLENT
2025-11-25 23:58:01,828 - trading_engine_v2 - INFO - 信号扫描完成: 生成0个信号，队列中0个待处理 (≥9分: 0个)
2025-11-25 23:58:12,877 - risk_manager_v2 - INFO - 市场状态更新为: NORMAL
2025-11-25 23:58:14,183 - binance_client_v2 - INFO - 获取了40个USDT币种
2025-11-25 23:58:14,184 - coin_selector - INFO - 成交量排名选择: 从40个币中筛选出30个
2025-11-25 23:58:14,184 - coin_selector - INFO - 币种选择完成: 共30个候选币种
2025-11-25 23:58:14,580 - trading_engine_v2 - INFO - 市场状态: EXCELLENT
2025-11-25 23:58:32,990 - trading_engine_v2 - INFO - 信号扫描完成: 生成0个信号，队列中0个待处理 (≥9分: 0个)
2025-11-25 23:58:43,930 - risk_manager_v2 - INFO - 市场状态更新为: NORMAL
2025-11-25 23:58:44,939 - binance_client_v2 - INFO - 获取了40个USDT币种
2025-11-25 23:58:44,940 - coin_selector - INFO - 成交量排名选择: 从40个币中筛选出30个
2025-11-25 23:58:44,941 - coin_selector - INFO - 币种选择完成: 共30个候选币种
2025-11-25 23:58:45,242 - trading_engine_v2 - INFO - 市场状态: EXCELLENT
2025-11-25 23:59:03,073 - signal_generator - INFO - RESOLVUSDT: 生成信号 BEARISH [PULLBACK] (评分: 9)
2025-11-25 23:59:03,074 - trading_engine_v2 - INFO - ✓ RESOLVUSDT: 生成信号 (评分: 9, 信心度: 90%)
2025-11-25 23:59:06,067 - trading_engine_v2 - INFO - 信号扫描完成: 生成1个信号，队列中1个待处理 (≥9分: 1个)
2025-11-25 23:59:06,068 - trading_engine_v2 - INFO - 执行入场: RESOLVUSDT BEARISH @ 0.1343
2025-11-25 23:59:06,068 - risk_manager_v2 - INFO - 动态仓位: 25.00 USDT (基础:25, 评分倍率:1.0, 市场倍率:1.0, 相关性:1.00)
2025-11-25 23:59:06,068 - trading_engine_v2 - WARNING - [实盘交易] 执行入场订单: RESOLVUSDT SELL x 186.178135 (positionSide: SHORT)
2025-11-25 23:59:06,151 - binance_client_v2 - INFO - RESOLVUSDT: 保证金模式已经是 CROSSED
2025-11-25 23:59:06,341 - binance_client_v2 - INFO - RESOLVUSDT: 杠杆已设置为 1x
2025-11-25 23:59:07,070 - binance_client_v2 - INFO - RESOLVUSDT: 市价单 SELL 186.0 @ 市价 (订单ID: 1781889951)
2025-11-25 23:59:07,070 - trading_engine_v2 - INFO - ✓ 入场成功: RESOLVUSDT 订单ID: 1781889951
2025-11-25 23:59:07,071 - risk_manager_v2 - INFO - 添加持仓: RESOLVUSDT SELL @ 0.1343 x 186.178135
2025-11-25 23:59:07,071 - [入场] RESOLVUSDT | 方向:BEARISH | 价格:0.1343 | 数量:186.178135 | 仓位:25.00USDT | 评分:9 | 止损:0.1356
2025-11-25 23:59:07,071 - trading_engine_v2 - INFO - ✓ 入场成功: RESOLVUSDT 仓位大小: 25.00 USDT
2025-11-25 23:59:07,071 - trading_engine_v2 - INFO - 从信号队列执行了 1 个信号，剩余 0 个待处理
2025-11-25 23:59:18,666 - risk_manager_v2 - INFO - 市场状态更新为: NORMAL
2025-11-25 23:59:19,939 - binance_client_v2 - INFO - 获取了40个USDT币种
2025-11-25 23:59:19,940 - coin_selector - INFO - 成交量排名选择: 从40个币中筛选出30个
2025-11-25 23:59:19,941 - coin_selector - INFO - 币种选择完成: 共30个候选币种
2025-11-25 23:59:20,901 - trading_engine_v2 - INFO - 市场状态: EXCELLENT
2025-11-25 23:59:33,920 - trading_engine_v2 - INFO - 信号扫描完成: 生成0个信号，队列中0个待处理 (≥9分: 0个)
2025-11-25 23:59:44,871 - risk_manager_v2 - INFO - 市场状态更新为: NORMAL
2025-11-25 23:59:45,938 - binance_client_v2 - INFO - 获取了40个USDT币种
2025-11-25 23:59:45,939 - coin_selector - INFO - 成交量排名选择: 从40个币中筛选出30个
2025-11-25 23:59:45,939 - coin_selector - INFO - 币种选择完成: 共30个候选币种
2025-11-25 23:59:46,915 - trading_engine_v2 - INFO - 市场状态: EXCELLENT
2025-11-25 23:59:59,730 - trading_engine_v2 - INFO - 信号扫描完成: 生成0个信号，队列中0个待处理 (≥9分: 0个)
2025-11-26 00:00:20,314 - binance_client_v2 - ERROR - 获取K线异常 BTCUSDT: HTTPSConnectionPool(host='fapi.binance.com', port=443): Read timed out. (read timeout=10)
2025-11-26 00:00:30,332 - binance_client_v2 - ERROR - 获取K线异常 BTCUSDT: HTTPSConnectionPool(host='fapi.binance.com', port=443): Read timed out. (read timeout=10)
2025-11-26 00:00:36,890 - binance_client_v2 - INFO - 获取了40个USDT币种
2025-11-26 00:00:36,900 - coin_selector - INFO - 成交量排名选择: 从40个币中筛选出30个
2025-11-26 00:00:36,901 - coin_selector - INFO - 币种选择完成: 共30个候选币种
2025-11-26 00:00:37,275 - trading_engine_v2 - INFO - 市场状态: EXCELLENT
2025-11-26 00:00:52,836 - trading_engine_v2 - INFO - 信号扫描完成: 生成0个信号，队列中0个待处理 (≥9分: 0个)
2025-11-26 00:01:03,836 - risk_manager_v2 - INFO - 市场状态更新为: NORMAL
2025-11-26 00:01:04,378 - binance_client_v2 - INFO - 获取了40个USDT币种
2025-11-26 00:01:04,379 - coin_selector - INFO - 成交量排名选择: 从40个币中筛选出30个
2025-11-26 00:01:04,379 - coin_selector - INFO - 币种选择完成: 共30个候选币种
2025-11-26 00:01:04,979 - trading_engine_v2 - INFO - 市场状态: EXCELLENT
2025-11-26 00:01:19,253 - trading_engine_v2 - INFO - 信号扫描完成: 生成0个信号，队列中0个待处理 (≥9分: 0个)
2025-11-26 00:01:20,385 - position_monitor_v2 - INFO - RESOLVUSDT: 触发保本机制(1.50×ATR): 止损抬升至入场价 0.1343(保本)
2025-11-26 00:01:20,386 - position_monitor_v2 - INFO - RESOLVUSDT: 触发止损: 0.1357 >= 0.1343
2025-11-26 00:01:20,386 - position_monitor_v2 - WARNING - RESOLVUSDT: 触发平仓事件
2025-11-26 00:01:20,386 - trading_engine_v2 - INFO - 执行出场: RESOLVUSDT x 186.178135 @ 0.1357 (剩余: 186.178135)
2025-11-26 00:01:20,387 - trading_engine_v2 - WARNING - [实盘交易] 执行出场订单: RESOLVUSDT BUY x 186.178135 (positionSide: SHORT)
2025-11-26 00:01:20,477 - binance_client_v2 - INFO - RESOLVUSDT: 市价单 BUY 186.0 @ 市价 (订单ID: 1781936902)
2025-11-26 00:01:20,477 - trading_engine_v2 - INFO - ✓ 出场成功: RESOLVUSDT 订单ID: 1781936902
2025-11-26 00:01:20,478 - [离场] RESOLVUSDT | 入场价:0.1343 | 离场价:0.1357 | 盈亏:-0.27USDT (-1.07%) | 持仓时长:2分钟
2025-11-26 00:01:20,478 - trading_engine_v2 - INFO - ✓ 出场成功: RESOLVUSDT 盈亏: -0.27 USDT
2025-11-26 00:01:20,478 - risk_manager_v2 - INFO - RESOLVUSDT 已加入冷却列表(45分钟): 止损平仓 (亏损0.27USDT)
2025-11-26 00:01:20,478 - trading_engine_v2 - WARNING - RESOLVUSDT: 未找到活跃持仓
2025-11-26 00:01:20,479 - trading_engine_v2 - INFO - RESOLVUSDT: STOP_LOSS - P&L: -0.27 USDT (-1.07%)
2025-11-26 00:01:20,479 - trading_engine_v2 - INFO - RESOLVUSDT: STOP_LOSS - P&L: -0.27 USDT (-1.07%)
2025-11-26 00:01:30,780 - risk_manager_v2 - INFO - 市场状态更新为: NORMAL
2025-11-26 00:01:31,143 - binance_client_v2 - INFO - 获取了40个USDT币种
2025-11-26 00:01:31,144 - coin_selector - INFO - 成交量排名选择: 从40个币中筛选出30个
2025-11-26 00:01:31,145 - coin_selector - INFO - 币种选择完成: 共30个候选币种
2025-11-26 00:01:31,516 - trading_engine_v2 - INFO - 市场状态: EXCELLENT
2025-11-26 00:01:43,821 - trading_engine_v2 - INFO - 信号扫描完成: 生成0个信号，队列中0个待处理 (≥9分: 0个)
2025-11-26 00:01:54,888 - risk_manager_v2 - INFO - 市场状态更新为: NORMAL
2025-11-26 00:01:55,814 - binance_client_v2 - INFO - 获取了40个USDT币种
2025-11-26 00:01:55,815 - coin_selector - INFO - 成交量排名选择: 从40个币中筛选出30个
2025-11-26 00:01:55,816 - coin_selector - INFO - 币种选择完成: 共30个候选币种
2025-11-26 00:01:56,305 - trading_engine_v2 - INFO - 市场状态: EXCELLENT
2025-11-26 00:01:59,123 - signal_generator - INFO - ZECUSDT: 生成信号 BEARISH [BREAKOUT] (评分: 10)
2025-11-26 00:01:59,124 - trading_engine_v2 - INFO - ✓ ZECUSDT: 生成信号 (评分: 10, 信心度: 100%)
2025-11-26 00:02:10,918 - trading_engine_v2 - INFO - 信号扫描完成: 生成1个信号，队列中1个待处理 (≥9分: 1个)
2025-11-26 00:02:10,918 - trading_engine_v2 - INFO - 执行入场: ZECUSDT BEARISH @ 495.3500
2025-11-26 00:02:10,918 - risk_manager_v2 - INFO - 动态仓位: 25.00 USDT (基础:25, 评分倍率:1.0, 市场倍率:1.0, 相关性:1.00)
2025-11-26 00:02:10,918 - trading_engine_v2 - WARNING - [实盘交易] 执行入场订单: ZECUSDT SELL x 0.050469 (positionSide: SHORT)
2025-11-26 00:02:10,992 - binance_client_v2 - INFO - ZECUSDT: 保证金模式已经是 CROSSED
2025-11-26 00:02:11,072 - binance_client_v2 - INFO - ZECUSDT: 杠杆已设置为 1x
2025-11-26 00:02:11,834 - binance_client_v2 - INFO - ZECUSDT: 市价单 SELL 0.05 @ 市价 (订单ID: 794426000669)
2025-11-26 00:02:11,835 - trading_engine_v2 - INFO - ✓ 入场成功: ZECUSDT 订单ID: 794426000669
2025-11-26 00:02:11,835 - risk_manager_v2 - INFO - 添加持仓: ZECUSDT SELL @ 495.3500 x 0.050469
2025-11-26 00:02:11,835 - [入场] ZECUSDT | 方向:BEARISH | 价格:495.3500 | 数量:0.050469 | 仓位:25.00USDT | 评分:10 | 止损:500.3035
2025-11-26 00:02:11,835 - trading_engine_v2 - INFO - ✓ 入场成功: ZECUSDT 仓位大小: 25.00 USDT
2025-11-26 00:02:11,836 - trading_engine_v2 - INFO - 从信号队列执行了 1 个信号，剩余 0 个待处理
2025-11-26 00:02:23,134 - risk_manager_v2 - INFO - 市场状态更新为: NORMAL
2025-11-26 00:02:24,004 - binance_client_v2 - INFO - 获取了40个USDT币种
2025-11-26 00:02:24,005 - coin_selector - INFO - 成交量排名选择: 从40个币中筛选出30个
2025-11-26 00:02:24,005 - coin_selector - INFO - 币种选择完成: 共30个候选币种
2025-11-26 00:02:24,433 - trading_engine_v2 - INFO - 市场状态: EXCELLENT
2025-11-26 00:02:34,292 - trading_engine_v2 - INFO - 信号扫描完成: 生成0个信号，队列中0个待处理 (≥9分: 0个)
2025-11-26 00:02:44,962 - risk_manager_v2 - INFO - 市场状态更新为: NORMAL
2025-11-26 00:02:45,649 - binance_client_v2 - INFO - 获取了40个USDT币种
2025-11-26 00:02:45,650 - coin_selector - INFO - 成交量排名选择: 从40个币中筛选出30个
2025-11-26 00:02:45,650 - coin_selector - INFO - 币种选择完成: 共30个候选币种
2025-11-26 00:02:45,931 - trading_engine_v2 - INFO - 市场状态: EXCELLENT
2025-11-26 00:02:55,063 - signal_generator - INFO - UNIUSDT: 生成信号 BEARISH [PULLBACK] (评分: 9)
2025-11-26 00:02:55,063 - trading_engine_v2 - INFO - ✓ UNIUSDT: 生成信号 (评分: 9, 信心度: 90%)
2025-11-26 00:02:55,667 - signal_generator - INFO - WLFIUSDT: 生成信号 BEARISH [PULLBACK] (评分: 9)
2025-11-26 00:02:55,667 - trading_engine_v2 - INFO - ✓ WLFIUSDT: 生成信号 (评分: 9, 信心度: 90%)
2025-11-26 00:02:57,324 - trading_engine_v2 - INFO - 信号扫描完成: 生成2个信号，队列中2个待处理 (≥9分: 2个)
2025-11-26 00:02:57,324 - trading_engine_v2 - INFO - 执行入场: UNIUSDT BEARISH @ 5.9250
2025-11-26 00:02:57,324 - risk_manager_v2 - INFO - 动态仓位: 25.00 USDT (基础:25, 评分倍率:1.0, 市场倍率:1.0, 相关性:1.00)
2025-11-26 00:02:57,325 - trading_engine_v2 - WARNING - [实盘交易] 执行入场订单: UNIUSDT SELL x 4.219409 (positionSide: SHORT)
2025-11-26 00:02:57,403 - binance_client_v2 - INFO - UNIUSDT: 保证金模式已经是 CROSSED
2025-11-26 00:02:57,485 - binance_client_v2 - INFO - UNIUSDT: 杠杆已设置为 1x
2025-11-26 00:02:57,978 - binance_client_v2 - INFO - UNIUSDT: 市价单 SELL 4.0 @ 市价 (订单ID: 29342423678)
2025-11-26 00:02:57,978 - trading_engine_v2 - INFO - ✓ 入场成功: UNIUSDT 订单ID: 29342423678
2025-11-26 00:02:57,978 - risk_manager_v2 - INFO - 添加持仓: UNIUSDT SELL @ 5.9250 x 4.219409
2025-11-26 00:02:57,978 - [入场] UNIUSDT | 方向:BEARISH | 价格:5.9250 | 数量:4.219409 | 仓位:25.00USDT | 评分:9 | 止损:5.9842
2025-11-26 00:02:57,978 - trading_engine_v2 - INFO - ✓ 入场成功: UNIUSDT 仓位大小: 25.00 USDT
2025-11-26 00:02:57,979 - trading_engine_v2 - INFO - 执行入场: WLFIUSDT BEARISH @ 0.1558
2025-11-26 00:02:57,979 - risk_manager_v2 - INFO - 动态仓位: 25.00 USDT (基础:25, 评分倍率:1.0, 市场倍率:1.0, 相关性:1.00)
2025-11-26 00:02:57,979 - trading_engine_v2 - WARNING - [实盘交易] 执行入场订单: WLFIUSDT SELL x 160.462131 (positionSide: SHORT)
2025-11-26 00:02:58,052 - binance_client_v2 - INFO - WLFIUSDT: 保证金模式已经是 CROSSED
2025-11-26 00:02:58,127 - binance_client_v2 - INFO - WLFIUSDT: 杠杆已设置为 1x
2025-11-26 00:02:58,601 - binance_client_v2 - INFO - WLFIUSDT: 市价单 SELL 160.0 @ 市价 (订单ID: 2304994714)
2025-11-26 00:02:58,602 - trading_engine_v2 - INFO - ✓ 入场成功: WLFIUSDT 订单ID: 2304994714
2025-11-26 00:02:58,602 - risk_manager_v2 - INFO - 添加持仓: WLFIUSDT SELL @ 0.1558 x 160.462131
2025-11-26 00:02:58,602 - [入场] WLFIUSDT | 方向:BEARISH | 价格:0.1558 | 数量:160.462131 | 仓位:25.00USDT | 评分:9 | 止损:0.1574
2025-11-26 00:02:58,603 - trading_engine_v2 - INFO - ✓ 入场成功: WLFIUSDT 仓位大小: 25.00 USDT
2025-11-26 00:02:58,603 - trading_engine_v2 - INFO - 从信号队列执行了 2 个信号，剩余 0 个待处理
2025-11-26 00:03:09,459 - risk_manager_v2 - INFO - 市场状态更新为: NORMAL
2025-11-26 00:03:10,127 - binance_client_v2 - INFO - 获取了40个USDT币种
2025-11-26 00:03:10,128 - coin_selector - INFO - 成交量排名选择: 从40个币中筛选出30个
2025-11-26 00:03:10,128 - coin_selector - INFO - 币种选择完成: 共30个候选币种
2025-11-26 00:03:10,593 - trading_engine_v2 - INFO - 市场状态: EXCELLENT
2025-11-26 00:03:10,593 - trading_engine_v2 - INFO - 信号扫描完成: 生成0个信号，队列中0个待处理 (≥9分: 0个)
2025-11-26 00:03:24,369 - risk_manager_v2 - INFO - 市场状态更新为: NORMAL
2025-11-26 00:03:25,168 - binance_client_v2 - INFO - 获取了40个USDT币种
2025-11-26 00:03:25,169 - coin_selector - INFO - 成交量排名选择: 从40个币中筛选出30个
2025-11-26 00:03:25,169 - coin_selector - INFO - 币种选择完成: 共30个候选币种
2025-11-26 00:03:25,460 - trading_engine_v2 - INFO - 市场状态: EXCELLENT
2025-11-26 00:03:25,460 - trading_engine_v2 - INFO - 信号扫描完成: 生成0个信号，队列中0个待处理 (≥9分: 0个)
2025-11-26 00:03:36,694 - risk_manager_v2 - INFO - 市场状态更新为: NORMAL
2025-11-26 00:03:37,746 - binance_client_v2 - INFO - 获取了40个USDT币种
2025-11-26 00:03:37,747 - coin_selector - INFO - 成交量排名选择: 从40个币中筛选出30个
2025-11-26 00:03:37,747 - coin_selector - INFO - 币种选择完成: 共30个候选币种
2025-11-26 00:03:38,015 - trading_engine_v2 - INFO - 市场状态: EXCELLENT
2025-11-26 00:03:38,015 - trading_engine_v2 - INFO - 信号扫描完成: 生成0个信号，队列中0个待处理 (≥9分: 0个)
2025-11-26 00:03:48,958 - risk_manager_v2 - INFO - 市场状态更新为: NORMAL
2025-11-26 00:03:49,475 - binance_client_v2 - INFO - 获取了40个USDT币种
2025-11-26 00:03:49,476 - coin_selector - INFO - 成交量排名选择: 从40个币中筛选出30个
2025-11-26 00:03:49,477 - coin_selector - INFO - 币种选择完成: 共30个候选币种
2025-11-26 00:03:50,068 - trading_engine_v2 - INFO - 市场状态: EXCELLENT
2025-11-26 00:03:50,068 - trading_engine_v2 - INFO - 信号扫描完成: 生成0个信号，队列中0个待处理 (≥9分: 0个)
2025-11-26 00:04:01,165 - risk_manager_v2 - INFO - 市场状态更新为: NORMAL
2025-11-26 00:04:02,334 - binance_client_v2 - INFO - 获取了40个USDT币种
2025-11-26 00:04:02,335 - coin_selector - INFO - 成交量排名选择: 从40个币中筛选出30个
2025-11-26 00:04:02,335 - coin_selector - INFO - 币种选择完成: 共30个候选币种
2025-11-26 00:04:02,748 - trading_engine_v2 - INFO - 市场状态: EXCELLENT
2025-11-26 00:04:02,748 - trading_engine_v2 - INFO - 信号扫描完成: 生成0个信号，队列中0个待处理 (≥9分: 0个)
2025-11-26 00:04:14,261 - risk_manager_v2 - INFO - 市场状态更新为: NORMAL
2025-11-26 00:04:15,649 - binance_client_v2 - INFO - 获取了40个USDT币种
2025-11-26 00:04:15,650 - coin_selector - INFO - 成交量排名选择: 从40个币中筛选出30个
2025-11-26 00:04:15,650 - coin_selector - INFO - 币种选择完成: 共30个候选币种
2025-11-26 00:04:16,222 - trading_engine_v2 - INFO - 市场状态: EXCELLENT
2025-11-26 00:04:16,222 - trading_engine_v2 - INFO - 信号扫描完成: 生成0个信号，队列中0个待处理 (≥9分: 0个)
2025-11-26 00:04:27,616 - risk_manager_v2 - INFO - 市场状态更新为: NORMAL
2025-11-26 00:04:28,744 - binance_client_v2 - INFO - 获取了40个USDT币种
2025-11-26 00:04:28,745 - coin_selector - INFO - 成交量排名选择: 从40个币中筛选出30个
2025-11-26 00:04:28,745 - coin_selector - INFO - 币种选择完成: 共30个候选币种
2025-11-26 00:04:29,219 - trading_engine_v2 - INFO - 市场状态: EXCELLENT
2025-11-26 00:04:29,219 - trading_engine_v2 - INFO - 信号扫描完成: 生成0个信号，队列中0个待处理 (≥9分: 0个)
2025-11-26 00:04:40,192 - risk_manager_v2 - INFO - 市场状态更新为: NORMAL
2025-11-26 00:04:41,587 - binance_client_v2 - INFO - 获取了40个USDT币种
2025-11-26 00:04:41,588 - coin_selector - INFO - 成交量排名选择: 从40个币中筛选出30个
2025-11-26 00:04:41,589 - coin_selector - INFO - 币种选择完成: 共30个候选币种
2025-11-26 00:04:41,973 - trading_engine_v2 - INFO - 市场状态: EXCELLENT
2025-11-26 00:04:41,973 - trading_engine_v2 - INFO - 信号扫描完成: 生成0个信号，队列中0个待处理 (≥9分: 0个)
2025-11-26 00:04:52,883 - risk_manager_v2 - INFO - 市场状态更新为: NORMAL
2025-11-26 00:04:53,917 - binance_client_v2 - INFO - 获取了40个USDT币种
2025-11-26 00:04:53,918 - coin_selector - INFO - 成交量排名选择: 从40个币中筛选出30个
2025-11-26 00:04:53,918 - coin_selector - INFO - 币种选择完成: 共30个候选币种
2025-11-26 00:04:54,195 - trading_engine_v2 - INFO - 市场状态: EXCELLENT
2025-11-26 00:04:54,195 - trading_engine_v2 - INFO - 信号扫描完成: 生成0个信号，队列中0个待处理 (≥9分: 0个)
2025-11-26 00:05:05,482 - risk_manager_v2 - INFO - 市场状态更新为: NORMAL
2025-11-26 00:05:06,297 - binance_client_v2 - INFO - 获取了40个USDT币种
2025-11-26 00:05:06,298 - coin_selector - INFO - 成交量排名选择: 从40个币中筛选出30个
2025-11-26 00:05:06,298 - coin_selector - INFO - 币种选择完成: 共30个候选币种
2025-11-26 00:05:06,603 - trading_engine_v2 - INFO - 市场状态: EXCELLENT
2025-11-26 00:05:06,604 - trading_engine_v2 - INFO - 信号扫描完成: 生成0个信号，队列中0个待处理 (≥9分: 0个)
2025-11-26 00:05:17,733 - risk_manager_v2 - INFO - 市场状态更新为: NORMAL
2025-11-26 00:05:18,769 - binance_client_v2 - INFO - 获取了40个USDT币种
2025-11-26 00:05:18,770 - coin_selector - INFO - 成交量排名选择: 从40个币中筛选出30个
2025-11-26 00:05:18,770 - coin_selector - INFO - 币种选择完成: 共30个候选币种
2025-11-26 00:05:19,211 - trading_engine_v2 - INFO - 市场状态: EXCELLENT
2025-11-26 00:05:19,212 - trading_engine_v2 - INFO - 信号扫描完成: 生成0个信号，队列中0个待处理 (≥9分: 0个)
2025-11-26 00:05:30,672 - risk_manager_v2 - INFO - 市场状态更新为: NORMAL
2025-11-26 00:05:32,017 - binance_client_v2 - INFO - 获取了40个USDT币种
2025-11-26 00:05:32,018 - coin_selector - INFO - 成交量排名选择: 从40个币中筛选出30个
2025-11-26 00:05:32,018 - coin_selector - INFO - 币种选择完成: 共30个候选币种
2025-11-26 00:05:32,692 - trading_engine_v2 - INFO - 市场状态: EXCELLENT
2025-11-26 00:05:32,693 - trading_engine_v2 - INFO - 信号扫描完成: 生成0个信号，队列中0个待处理 (≥9分: 0个)
2025-11-26 00:05:44,032 - risk_manager_v2 - INFO - 市场状态更新为: NORMAL
2025-11-26 00:05:44,987 - binance_client_v2 - INFO - 获取了40个USDT币种
2025-11-26 00:05:44,988 - coin_selector - INFO - 成交量排名选择: 从40个币中筛选出30个
2025-11-26 00:05:44,988 - coin_selector - INFO - 币种选择完成: 共30个候选币种
2025-11-26 00:05:45,411 - trading_engine_v2 - INFO - 市场状态: EXCELLENT
2025-11-26 00:05:45,411 - trading_engine_v2 - INFO - 信号扫描完成: 生成0个信号，队列中0个待处理 (≥9分: 0个)
2025-11-26 00:05:57,578 - risk_manager_v2 - INFO - 市场状态更新为: NORMAL
2025-11-26 00:05:58,856 - binance_client_v2 - INFO - 获取了40个USDT币种
2025-11-26 00:05:58,857 - coin_selector - INFO - 成交量排名选择: 从40个币中筛选出30个
2025-11-26 00:05:58,857 - coin_selector - INFO - 币种选择完成: 共30个候选币种
2025-11-26 00:05:59,563 - trading_engine_v2 - INFO - 市场状态: EXCELLENT
2025-11-26 00:05:59,563 - trading_engine_v2 - INFO - 信号扫描完成: 生成0个信号，队列中0个待处理 (≥9分: 0个)
2025-11-26 00:06:10,448 - risk_manager_v2 - INFO - 市场状态更新为: NORMAL
2025-11-26 00:06:11,142 - binance_client_v2 - INFO - 获取了40个USDT币种
2025-11-26 00:06:11,143 - coin_selector - INFO - 成交量排名选择: 从40个币中筛选出30个
2025-11-26 00:06:11,144 - coin_selector - INFO - 币种选择完成: 共30个候选币种
2025-11-26 00:06:11,778 - trading_engine_v2 - INFO - 市场状态: EXCELLENT
2025-11-26 00:06:11,778 - trading_engine_v2 - INFO - 信号扫描完成: 生成0个信号，队列中0个待处理 (≥9分: 0个)
2025-11-26 00:06:23,274 - risk_manager_v2 - INFO - 市场状态更新为: NORMAL
2025-11-26 00:06:24,200 - binance_client_v2 - INFO - 获取了40个USDT币种
2025-11-26 00:06:24,201 - coin_selector - INFO - 成交量排名选择: 从40个币中筛选出30个
2025-11-26 00:06:24,201 - coin_selector - INFO - 币种选择完成: 共30个候选币种
2025-11-26 00:06:24,504 - trading_engine_v2 - INFO - 市场状态: EXCELLENT
2025-11-26 00:06:24,505 - trading_engine_v2 - INFO - 信号扫描完成: 生成0个信号，队列中0个待处理 (≥9分: 0个)
2025-11-26 00:06:36,217 - risk_manager_v2 - INFO - 市场状态更新为: NORMAL
2025-11-26 00:06:36,876 - binance_client_v2 - INFO - 获取了40个USDT币种
2025-11-26 00:06:36,877 - coin_selector - INFO - 成交量排名选择: 从40个币中筛选出30个
2025-11-26 00:06:36,877 - coin_selector - INFO - 币种选择完成: 共30个候选币种
2025-11-26 00:06:37,808 - trading_engine_v2 - INFO - 市场状态: EXCELLENT
2025-11-26 00:06:37,809 - trading_engine_v2 - INFO - 信号扫描完成: 生成0个信号，队列中0个待处理 (≥9分: 0个)
2025-11-26 00:06:49,856 - risk_manager_v2 - INFO - 市场状态更新为: NORMAL
2025-11-26 00:06:50,493 - binance_client_v2 - INFO - 获取了40个USDT币种
2025-11-26 00:06:50,494 - coin_selector - INFO - 成交量排名选择: 从40个币中筛选出30个
2025-11-26 00:06:50,494 - coin_selector - INFO - 币种选择完成: 共30个候选币种
2025-11-26 00:06:51,002 - trading_engine_v2 - INFO - 市场状态: EXCELLENT
2025-11-26 00:06:51,002 - trading_engine_v2 - INFO - 信号扫描完成: 生成0个信号，队列中0个待处理 (≥9分: 0个)
2025-11-26 00:07:02,573 - risk_manager_v2 - INFO - 市场状态更新为: NORMAL
2025-11-26 00:07:03,879 - binance_client_v2 - INFO - 获取了40个USDT币种
2025-11-26 00:07:03,880 - coin_selector - INFO - 成交量排名选择: 从40个币中筛选出30个
2025-11-26 00:07:03,880 - coin_selector - INFO - 币种选择完成: 共30个候选币种
2025-11-26 00:07:04,174 - trading_engine_v2 - INFO - 市场状态: EXCELLENT
2025-11-26 00:07:04,174 - trading_engine_v2 - INFO - 信号扫描完成: 生成0个信号，队列中0个待处理 (≥9分: 0个)
2025-11-26 00:07:15,246 - risk_manager_v2 - INFO - 市场状态更新为: NORMAL
2025-11-26 00:07:16,134 - binance_client_v2 - INFO - 获取了40个USDT币种
2025-11-26 00:07:16,135 - coin_selector - INFO - 成交量排名选择: 从40个币中筛选出30个
2025-11-26 00:07:16,136 - coin_selector - INFO - 币种选择完成: 共30个候选币种
2025-11-26 00:07:16,721 - trading_engine_v2 - INFO - 市场状态: EXCELLENT
2025-11-26 00:07:16,722 - trading_engine_v2 - INFO - 信号扫描完成: 生成0个信号，队列中0个待处理 (≥9分: 0个)
2025-11-26 00:07:27,706 - risk_manager_v2 - INFO - 市场状态更新为: NORMAL
2025-11-26 00:07:28,525 - binance_client_v2 - INFO - 获取了40个USDT币种
2025-11-26 00:07:28,526 - coin_selector - INFO - 成交量排名选择: 从40个币中筛选出30个
2025-11-26 00:07:28,526 - coin_selector - INFO - 币种选择完成: 共30个候选币种
2025-11-26 00:07:28,819 - trading_engine_v2 - INFO - 市场状态: EXCELLENT
2025-11-26 00:07:28,819 - trading_engine_v2 - INFO - 信号扫描完成: 生成0个信号，队列中0个待处理 (≥9分: 0个)
2025-11-26 00:07:42,813 - risk_manager_v2 - INFO - 市场状态更新为: NORMAL
2025-11-26 00:07:44,125 - binance_client_v2 - INFO - 获取了40个USDT币种
2025-11-26 00:07:44,126 - coin_selector - INFO - 成交量排名选择: 从40个币中筛选出30个
2025-11-26 00:07:44,127 - coin_selector - INFO - 币种选择完成: 共30个候选币种
2025-11-26 00:07:44,419 - trading_engine_v2 - INFO - 市场状态: EXCELLENT
2025-11-26 00:07:44,419 - trading_engine_v2 - INFO - 信号扫描完成: 生成0个信号，队列中0个待处理 (≥9分: 0个)
2025-11-26 00:07:55,295 - risk_manager_v2 - INFO - 市场状态更新为: NORMAL
2025-11-26 00:07:56,260 - binance_client_v2 - INFO - 获取了40个USDT币种
2025-11-26 00:07:56,261 - coin_selector - INFO - 成交量排名选择: 从40个币中筛选出30个
2025-11-26 00:07:56,261 - coin_selector - INFO - 币种选择完成: 共30个候选币种
2025-11-26 00:07:56,758 - trading_engine_v2 - INFO - 市场状态: EXCELLENT
2025-11-26 00:07:56,758 - trading_engine_v2 - INFO - 信号扫描完成: 生成0个信号，队列中0个待处理 (≥9分: 0个)
2025-11-26 00:08:08,467 - risk_manager_v2 - INFO - 市场状态更新为: NORMAL
2025-11-26 00:08:09,423 - binance_client_v2 - INFO - 获取了40个USDT币种
2025-11-26 00:08:09,424 - coin_selector - INFO - 成交量排名选择: 从40个币中筛选出30个
2025-11-26 00:08:09,424 - coin_selector - INFO - 币种选择完成: 共30个候选币种
2025-11-26 00:08:09,806 - trading_engine_v2 - INFO - 市场状态: EXCELLENT
2025-11-26 00:08:09,807 - trading_engine_v2 - INFO - 信号扫描完成: 生成0个信号，队列中0个待处理 (≥9分: 0个)
2025-11-26 00:08:21,037 - risk_manager_v2 - INFO - 市场状态更新为: NORMAL
2025-11-26 00:08:21,608 - binance_client_v2 - INFO - 获取了40个USDT币种
2025-11-26 00:08:21,609 - coin_selector - INFO - 成交量排名选择: 从40个币中筛选出30个
2025-11-26 00:08:21,609 - coin_selector - INFO - 币种选择完成: 共30个候选币种
2025-11-26 00:08:21,876 - trading_engine_v2 - INFO - 市场状态: EXCELLENT
2025-11-26 00:08:21,877 - trading_engine_v2 - INFO - 信号扫描完成: 生成0个信号，队列中0个待处理 (≥9分: 0个)
2025-11-26 00:08:33,681 - risk_manager_v2 - INFO - 市场状态更新为: NORMAL
2025-11-26 00:08:34,665 - binance_client_v2 - INFO - 获取了40个USDT币种
2025-11-26 00:08:34,666 - coin_selector - INFO - 成交量排名选择: 从40个币中筛选出30个
2025-11-26 00:08:34,667 - coin_selector - INFO - 币种选择完成: 共30个候选币种
2025-11-26 00:08:34,982 - trading_engine_v2 - INFO - 市场状态: EXCELLENT
2025-11-26 00:08:34,982 - trading_engine_v2 - INFO - 信号扫描完成: 生成0个信号，队列中0个待处理 (≥9分: 0个)
2025-11-26 00:08:45,928 - risk_manager_v2 - INFO - 市场状态更新为: NORMAL
2025-11-26 00:08:46,557 - binance_client_v2 - INFO - 获取了40个USDT币种
2025-11-26 00:08:46,558 - coin_selector - INFO - 成交量排名选择: 从40个币中筛选出30个
2025-11-26 00:08:46,559 - coin_selector - INFO - 币种选择完成: 共30个候选币种
2025-11-26 00:08:46,829 - trading_engine_v2 - INFO - 市场状态: EXCELLENT
2025-11-26 00:08:46,829 - trading_engine_v2 - INFO - 信号扫描完成: 生成0个信号，队列中0个待处理 (≥9分: 0个)
2025-11-26 00:08:57,684 - risk_manager_v2 - INFO - 市场状态更新为: NORMAL
2025-11-26 00:08:58,157 - binance_client_v2 - INFO - 获取了40个USDT币种
2025-11-26 00:08:58,159 - coin_selector - INFO - 成交量排名选择: 从40个币中筛选出30个
2025-11-26 00:08:58,159 - coin_selector - INFO - 币种选择完成: 共30个候选币种
2025-11-26 00:08:58,416 - trading_engine_v2 - INFO - 市场状态: EXCELLENT
2025-11-26 00:08:58,417 - trading_engine_v2 - INFO - 信号扫描完成: 生成0个信号，队列中0个待处理 (≥9分: 0个)
2025-11-26 00:09:10,634 - risk_manager_v2 - INFO - 市场状态更新为: NORMAL
2025-11-26 00:09:11,121 - binance_client_v2 - INFO - 获取了40个USDT币种
2025-11-26 00:09:11,122 - coin_selector - INFO - 成交量排名选择: 从40个币中筛选出30个
2025-11-26 00:09:11,125 - coin_selector - INFO - 币种选择完成: 共30个候选币种
2025-11-26 00:09:11,476 - trading_engine_v2 - INFO - 市场状态: EXCELLENT
2025-11-26 00:09:11,476 - trading_engine_v2 - INFO - 信号扫描完成: 生成0个信号，队列中0个待处理 (≥9分: 0个)
2025-11-26 00:09:23,579 - risk_manager_v2 - INFO - 市场状态更新为: NORMAL
2025-11-26 00:09:23,985 - binance_client_v2 - INFO - 获取了40个USDT币种
2025-11-26 00:09:23,986 - coin_selector - INFO - 成交量排名选择: 从40个币中筛选出29个
2025-11-26 00:09:23,986 - coin_selector - INFO - 币种选择完成: 共29个候选币种
2025-11-26 00:09:24,299 - trading_engine_v2 - INFO - 市场状态: EXCELLENT
2025-11-26 00:09:24,300 - trading_engine_v2 - INFO - 信号扫描完成: 生成0个信号，队列中0个待处理 (≥9分: 0个)
2025-11-26 00:09:35,473 - risk_manager_v2 - INFO - 市场状态更新为: NORMAL
2025-11-26 00:09:36,522 - binance_client_v2 - INFO - 获取了40个USDT币种
2025-11-26 00:09:36,523 - coin_selector - INFO - 成交量排名选择: 从40个币中筛选出29个
2025-11-26 00:09:36,523 - coin_selector - INFO - 币种选择完成: 共29个候选币种
2025-11-26 00:09:36,821 - trading_engine_v2 - INFO - 市场状态: EXCELLENT
2025-11-26 00:09:36,821 - trading_engine_v2 - INFO - 信号扫描完成: 生成0个信号，队列中0个待处理 (≥9分: 0个)
2025-11-26 00:09:48,064 - risk_manager_v2 - INFO - 市场状态更新为: NORMAL
2025-11-26 00:09:49,068 - binance_client_v2 - INFO - 获取了40个USDT币种
2025-11-26 00:09:49,069 - coin_selector - INFO - 成交量排名选择: 从40个币中筛选出29个
2025-11-26 00:09:49,069 - coin_selector - INFO - 币种选择完成: 共29个候选币种
2025-11-26 00:09:49,388 - trading_engine_v2 - INFO - 市场状态: EXCELLENT
2025-11-26 00:09:49,389 - trading_engine_v2 - INFO - 信号扫描完成: 生成0个信号，队列中0个待处理 (≥9分: 0个)
2025-11-26 00:10:00,941 - risk_manager_v2 - INFO - 市场状态更新为: NORMAL
2025-11-26 00:10:01,589 - binance_client_v2 - INFO - 获取了40个USDT币种
2025-11-26 00:10:01,590 - coin_selector - INFO - 成交量排名选择: 从40个币中筛选出29个
2025-11-26 00:10:01,591 - coin_selector - INFO - 币种选择完成: 共29个候选币种
2025-11-26 00:10:02,324 - trading_engine_v2 - INFO - 市场状态: EXCELLENT
2025-11-26 00:10:02,325 - trading_engine_v2 - INFO - 信号扫描完成: 生成0个信号，队列中0个待处理 (≥9分: 0个)
2025-11-26 00:10:14,260 - risk_manager_v2 - INFO - 市场状态更新为: NORMAL
2025-11-26 00:10:15,176 - binance_client_v2 - INFO - 获取了40个USDT币种
2025-11-26 00:10:15,177 - coin_selector - INFO - 成交量排名选择: 从40个币中筛选出29个
2025-11-26 00:10:15,178 - coin_selector - INFO - 币种选择完成: 共29个候选币种
2025-11-26 00:10:15,458 - trading_engine_v2 - INFO - 市场状态: EXCELLENT
2025-11-26 00:10:15,458 - trading_engine_v2 - INFO - 信号扫描完成: 生成0个信号，队列中0个待处理 (≥9分: 0个)
2025-11-26 00:10:26,678 - risk_manager_v2 - INFO - 市场状态更新为: NORMAL
2025-11-26 00:10:27,384 - binance_client_v2 - INFO - 获取了40个USDT币种
2025-11-26 00:10:27,386 - coin_selector - INFO - 成交量排名选择: 从40个币中筛选出29个
2025-11-26 00:10:27,386 - coin_selector - INFO - 币种选择完成: 共29个候选币种
2025-11-26 00:10:27,654 - trading_engine_v2 - INFO - 市场状态: EXCELLENT
2025-11-26 00:10:27,655 - trading_engine_v2 - INFO - 信号扫描完成: 生成0个信号，队列中0个待处理 (≥9分: 0个)
2025-11-26 00:10:39,038 - risk_manager_v2 - INFO - 市场状态更新为: NORMAL
2025-11-26 00:10:40,915 - binance_client_v2 - INFO - 获取了40个USDT币种
2025-11-26 00:10:40,917 - coin_selector - INFO - 成交量排名选择: 从40个币中筛选出29个
2025-11-26 00:10:40,917 - coin_selector - INFO - 币种选择完成: 共29个候选币种
2025-11-26 00:10:41,498 - trading_engine_v2 - INFO - 市场状态: EXCELLENT
2025-11-26 00:10:41,499 - trading_engine_v2 - INFO - 信号扫描完成: 生成0个信号，队列中0个待处理 (≥9分: 0个)
2025-11-26 00:10:52,637 - risk_manager_v2 - INFO - 市场状态更新为: NORMAL
2025-11-26 00:10:53,266 - binance_client_v2 - INFO - 获取了40个USDT币种
2025-11-26 00:10:53,267 - coin_selector - INFO - 成交量排名选择: 从40个币中筛选出29个
2025-11-26 00:10:53,267 - coin_selector - INFO - 币种选择完成: 共29个候选币种
2025-11-26 00:10:53,801 - trading_engine_v2 - INFO - 市场状态: EXCELLENT
2025-11-26 00:10:53,801 - trading_engine_v2 - INFO - 信号扫描完成: 生成0个信号，队列中0个待处理 (≥9分: 0个)
2025-11-26 00:11:04,858 - risk_manager_v2 - INFO - 市场状态更新为: NORMAL
2025-11-26 00:11:05,810 - binance_client_v2 - INFO - 获取了40个USDT币种
2025-11-26 00:11:05,811 - coin_selector - INFO - 成交量排名选择: 从40个币中筛选出29个
2025-11-26 00:11:05,812 - coin_selector - INFO - 币种选择完成: 共29个候选币种
2025-11-26 00:11:06,328 - trading_engine_v2 - INFO - 市场状态: EXCELLENT
2025-11-26 00:11:06,329 - trading_engine_v2 - INFO - 信号扫描完成: 生成0个信号，队列中0个待处理 (≥9分: 0个)
2025-11-26 00:11:17,265 - risk_manager_v2 - INFO - 市场状态更新为: NORMAL
2025-11-26 00:11:18,442 - binance_client_v2 - INFO - 获取了40个USDT币种
2025-11-26 00:11:18,443 - coin_selector - INFO - 成交量排名选择: 从40个币中筛选出28个
2025-11-26 00:11:18,443 - coin_selector - INFO - 币种选择完成: 共28个候选币种
2025-11-26 00:11:18,785 - trading_engine_v2 - INFO - 市场状态: EXCELLENT
2025-11-26 00:11:18,785 - trading_engine_v2 - INFO - 信号扫描完成: 生成0个信号，队列中0个待处理 (≥9分: 0个)
2025-11-26 00:11:29,585 - risk_manager_v2 - INFO - 市场状态更新为: NORMAL
2025-11-26 00:11:30,457 - binance_client_v2 - INFO - 获取了40个USDT币种
2025-11-26 00:11:30,459 - coin_selector - INFO - 成交量排名选择: 从40个币中筛选出28个
2025-11-26 00:11:30,459 - coin_selector - INFO - 币种选择完成: 共28个候选币种
2025-11-26 00:11:31,013 - trading_engine_v2 - INFO - 市场状态: EXCELLENT
2025-11-26 00:11:31,013 - trading_engine_v2 - INFO - 信号扫描完成: 生成0个信号，队列中0个待处理 (≥9分: 0个)
2025-11-26 00:11:41,984 - risk_manager_v2 - INFO - 市场状态更新为: NORMAL
2025-11-26 00:11:43,389 - binance_client_v2 - INFO - 获取了40个USDT币种
2025-11-26 00:11:43,390 - coin_selector - INFO - 成交量排名选择: 从40个币中筛选出28个
2025-11-26 00:11:43,391 - coin_selector - INFO - 币种选择完成: 共28个候选币种
2025-11-26 00:11:43,655 - trading_engine_v2 - INFO - 市场状态: EXCELLENT
2025-11-26 00:11:43,656 - trading_engine_v2 - INFO - 信号扫描完成: 生成0个信号，队列中0个待处理 (≥9分: 0个)
2025-11-26 00:11:54,824 - risk_manager_v2 - INFO - 市场状态更新为: NORMAL
2025-11-26 00:11:55,309 - binance_client_v2 - INFO - 获取了40个USDT币种
2025-11-26 00:11:55,310 - coin_selector - INFO - 成交量排名选择: 从40个币中筛选出28个
2025-11-26 00:11:55,310 - coin_selector - INFO - 币种选择完成: 共28个候选币种
2025-11-26 00:11:55,571 - trading_engine_v2 - INFO - 市场状态: EXCELLENT
2025-11-26 00:11:55,572 - trading_engine_v2 - INFO - 信号扫描完成: 生成0个信号，队列中0个待处理 (≥9分: 0个)
2025-11-26 00:12:06,943 - risk_manager_v2 - INFO - 市场状态更新为: NORMAL
2025-11-26 00:12:07,398 - binance_client_v2 - INFO - 获取了40个USDT币种
2025-11-26 00:12:07,400 - coin_selector - INFO - 成交量排名选择: 从40个币中筛选出28个
2025-11-26 00:12:07,400 - coin_selector - INFO - 币种选择完成: 共28个候选币种
2025-11-26 00:12:07,672 - trading_engine_v2 - INFO - 市场状态: EXCELLENT
2025-11-26 00:12:07,672 - trading_engine_v2 - INFO - 信号扫描完成: 生成0个信号，队列中0个待处理 (≥9分: 0个)
2025-11-26 00:12:08,327 - position_monitor_v2 - INFO - LINKUSDT: 触发保本机制(1.50×ATR): 止损抬升至入场价 12.7020(保本)
2025-11-26 00:12:08,327 - position_monitor_v2 - INFO - LINKUSDT: 触发止损: 12.7920 >= 12.7020
2025-11-26 00:12:08,328 - position_monitor_v2 - WARNING - LINKUSDT: 触发平仓事件
2025-11-26 00:12:08,328 - trading_engine_v2 - INFO - 执行出场: LINKUSDT x 1.968194 @ 12.7920 (剩余: 1.968194)
2025-11-26 00:12:08,328 - trading_engine_v2 - WARNING - [实盘交易] 执行出场订单: LINKUSDT BUY x 1.968194 (positionSide: SHORT)
2025-11-26 00:12:08,408 - binance_client_v2 - INFO - LINKUSDT: 市价单 BUY 1.96 @ 市价 (订单ID: 46170951409)
2025-11-26 00:12:08,409 - trading_engine_v2 - INFO - ✓ 出场成功: LINKUSDT 订单ID: 46170951409
2025-11-26 00:12:08,409 - [离场] LINKUSDT | 入场价:12.7020 | 离场价:12.7920 | 盈亏:-0.18USDT (-0.71%) | 持仓时长:16分钟
2025-11-26 00:12:08,409 - trading_engine_v2 - INFO - ✓ 出场成功: LINKUSDT 盈亏: -0.18 USDT
2025-11-26 00:12:08,409 - risk_manager_v2 - INFO - LINKUSDT 已加入冷却列表(45分钟): 止损平仓 (亏损0.18USDT)
2025-11-26 00:12:08,410 - trading_engine_v2 - WARNING - LINKUSDT: 未找到活跃持仓
2025-11-26 00:12:08,410 - trading_engine_v2 - INFO - LINKUSDT: STOP_LOSS - P&L: -0.18 USDT (-0.71%)
2025-11-26 00:12:08,410 - trading_engine_v2 - INFO - LINKUSDT: STOP_LOSS - P&L: -0.18 USDT (-0.71%)
2025-11-26 00:12:18,789 - risk_manager_v2 - INFO - 市场状态更新为: NORMAL
2025-11-26 00:12:19,871 - binance_client_v2 - INFO - 获取了40个USDT币种
2025-11-26 00:12:19,872 - coin_selector - INFO - 成交量排名选择: 从40个币中筛选出28个
2025-11-26 00:12:19,873 - coin_selector - INFO - 币种选择完成: 共28个候选币种
2025-11-26 00:12:20,325 - trading_engine_v2 - INFO - 市场状态: EXCELLENT
2025-11-26 00:12:31,011 - trading_engine_v2 - INFO - 信号扫描完成: 生成0个信号，队列中0个待处理 (≥9分: 0个)
2025-11-26 00:12:41,792 - risk_manager_v2 - INFO - 市场状态更新为: NORMAL
2025-11-26 00:12:42,518 - binance_client_v2 - INFO - 获取了40个USDT币种
2025-11-26 00:12:42,519 - coin_selector - INFO - 成交量排名选择: 从40个币中筛选出28个
2025-11-26 00:12:42,519 - coin_selector - INFO - 币种选择完成: 共28个候选币种
2025-11-26 00:12:42,789 - trading_engine_v2 - INFO - 市场状态: EXCELLENT
2025-11-26 00:12:53,641 - trading_engine_v2 - INFO - 信号扫描完成: 生成0个信号，队列中0个待处理 (≥9分: 0个)
2025-11-26 00:13:05,192 - risk_manager_v2 - INFO - 市场状态更新为: NORMAL
2025-11-26 00:13:05,965 - binance_client_v2 - INFO - 获取了40个USDT币种
2025-11-26 00:13:05,966 - coin_selector - INFO - 成交量排名选择: 从40个币中筛选出28个
2025-11-26 00:13:05,966 - coin_selector - INFO - 币种选择完成: 共28个候选币种
2025-11-26 00:13:06,273 - trading_engine_v2 - INFO - 市场状态: EXCELLENT
2025-11-26 00:13:15,027 - trading_engine_v2 - INFO - 信号扫描完成: 生成0个信号，队列中0个待处理 (≥9分: 0个)
2025-11-26 00:13:25,795 - risk_manager_v2 - INFO - 市场状态更新为: NORMAL
2025-11-26 00:13:26,528 - binance_client_v2 - INFO - 获取了40个USDT币种
2025-11-26 00:13:26,529 - coin_selector - INFO - 成交量排名选择: 从40个币中筛选出29个
2025-11-26 00:13:26,529 - coin_selector - INFO - 币种选择完成: 共29个候选币种
2025-11-26 00:13:26,854 - trading_engine_v2 - INFO - 市场状态: EXCELLENT
2025-11-26 00:13:34,274 - trading_engine_v2 - INFO - 信号扫描完成: 生成0个信号，队列中0个待处理 (≥9分: 0个)
2025-11-26 00:13:45,207 - risk_manager_v2 - INFO - 市场状态更新为: NORMAL
2025-11-26 00:13:45,989 - binance_client_v2 - INFO - 获取了40个USDT币种
2025-11-26 00:13:45,990 - coin_selector - INFO - 成交量排名选择: 从40个币中筛选出28个
2025-11-26 00:13:45,990 - coin_selector - INFO - 币种选择完成: 共28个候选币种
2025-11-26 00:13:46,269 - trading_engine_v2 - INFO - 市场状态: EXCELLENT
2025-11-26 00:13:54,382 - trading_engine_v2 - INFO - 信号扫描完成: 生成0个信号，队列中0个待处理 (≥9分: 0个)
2025-11-26 00:14:05,371 - risk_manager_v2 - INFO - 市场状态更新为: NORMAL
2025-11-26 00:14:06,087 - binance_client_v2 - INFO - 获取了40个USDT币种
2025-11-26 00:14:06,088 - coin_selector - INFO - 成交量排名选择: 从40个币中筛选出28个
2025-11-26 00:14:06,089 - coin_selector - INFO - 币种选择完成: 共28个候选币种
2025-11-26 00:14:06,451 - trading_engine_v2 - INFO - 市场状态: EXCELLENT
2025-11-26 00:14:14,867 - trading_engine_v2 - INFO - 信号扫描完成: 生成0个信号，队列中0个待处理 (≥9分: 0个)
2025-11-26 00:14:25,687 - risk_manager_v2 - INFO - 市场状态更新为: NORMAL
2025-11-26 00:14:26,809 - binance_client_v2 - INFO - 获取了40个USDT币种
2025-11-26 00:14:26,811 - coin_selector - INFO - 成交量排名选择: 从40个币中筛选出30个
2025-11-26 00:14:26,811 - coin_selector - INFO - 币种选择完成: 共30个候选币种
2025-11-26 00:14:27,415 - trading_engine_v2 - INFO - 市场状态: EXCELLENT
2025-11-26 00:14:37,105 - trading_engine_v2 - INFO - 信号扫描完成: 生成0个信号，队列中0个待处理 (≥9分: 0个)
2025-11-26 00:14:48,198 - risk_manager_v2 - INFO - 市场状态更新为: NORMAL
2025-11-26 00:14:49,038 - binance_client_v2 - INFO - 获取了40个USDT币种
2025-11-26 00:14:49,040 - coin_selector - INFO - 成交量排名选择: 从40个币中筛选出31个
2025-11-26 00:14:49,040 - coin_selector - INFO - 币种选择完成: 共31个候选币种
2025-11-26 00:14:49,364 - trading_engine_v2 - INFO - 市场状态: EXCELLENT
2025-11-26 00:14:52,897 - signal_generator - INFO - PIEVERSEUSDT: 生成信号 BULLISH [BREAKOUT] (评分: 10)
2025-11-26 00:14:52,897 - trading_engine_v2 - INFO - ✓ PIEVERSEUSDT: 生成信号 (评分: 10, 信心度: 100%)
2025-11-26 00:14:57,166 - trading_engine_v2 - INFO - 信号扫描完成: 生成1个信号，队列中1个待处理 (≥9分: 1个)
2025-11-26 00:14:57,166 - trading_engine_v2 - INFO - 执行入场: PIEVERSEUSDT BULLISH @ 0.5502
2025-11-26 00:14:57,166 - risk_manager_v2 - INFO - 动态仓位: 25.00 USDT (基础:25, 评分倍率:1.0, 市场倍率:1.0, 相关性:1.00)
2025-11-26 00:14:57,166 - trading_engine_v2 - WARNING - [实盘交易] 执行入场订单: PIEVERSEUSDT BUY x 45.438023 (positionSide: LONG)
2025-11-26 00:14:57,247 - binance_client_v2 - INFO - PIEVERSEUSDT: 保证金模式已经是 CROSSED
2025-11-26 00:14:57,328 - binance_client_v2 - INFO - PIEVERSEUSDT: 杠杆已设置为 1x
2025-11-26 00:14:57,728 - binance_client_v2 - INFO - PIEVERSEUSDT: 市价单 BUY 45.0 @ 市价 (订单ID: 292114620)
2025-11-26 00:14:57,729 - trading_engine_v2 - INFO - ✓ 入场成功: PIEVERSEUSDT 订单ID: 292114620
2025-11-26 00:14:57,729 - risk_manager_v2 - INFO - 添加持仓: PIEVERSEUSDT BUY @ 0.5502 x 45.438023
2025-11-26 00:14:57,729 - [入场] PIEVERSEUSDT | 方向:BULLISH | 价格:0.5502 | 数量:45.438023 | 仓位:25.00USDT | 评分:10 | 止损:0.5372
2025-11-26 00:14:57,729 - trading_engine_v2 - INFO - ✓ 入场成功: PIEVERSEUSDT 仓位大小: 25.00 USDT
2025-11-26 00:14:57,729 - trading_engine_v2 - INFO - 从信号队列执行了 1 个信号，剩余 0 个待处理
2025-11-26 00:15:09,006 - risk_manager_v2 - INFO - 市场状态更新为: NORMAL
2025-11-26 00:15:09,723 - binance_client_v2 - INFO - 获取了40个USDT币种
2025-11-26 00:15:09,724 - coin_selector - INFO - 成交量排名选择: 从40个币中筛选出30个
2025-11-26 00:15:09,724 - coin_selector - INFO - 币种选择完成: 共30个候选币种
2025-11-26 00:15:11,375 - trading_engine_v2 - INFO - 市场状态: EXCELLENT
2025-11-26 00:15:11,375 - trading_engine_v2 - INFO - 信号扫描完成: 生成0个信号，队列中0个待处理 (≥9分: 0个)
2025-11-26 00:15:22,688 - risk_manager_v2 - INFO - 市场状态更新为: NORMAL
2025-11-26 00:15:23,248 - binance_client_v2 - INFO - 获取了40个USDT币种
2025-11-26 00:15:23,249 - coin_selector - INFO - 成交量排名选择: 从40个币中筛选出30个
2025-11-26 00:15:23,250 - coin_selector - INFO - 币种选择完成: 共30个候选币种
2025-11-26 00:15:23,510 - trading_engine_v2 - INFO - 市场状态: EXCELLENT
2025-11-26 00:15:23,510 - trading_engine_v2 - INFO - 信号扫描完成: 生成0个信号，队列中0个待处理 (≥9分: 0个)
2025-11-26 00:15:34,613 - risk_manager_v2 - INFO - 市场状态更新为: NORMAL
2025-11-26 00:15:35,681 - binance_client_v2 - INFO - 获取了40个USDT币种
2025-11-26 00:15:35,682 - coin_selector - INFO - 成交量排名选择: 从40个币中筛选出30个
2025-11-26 00:15:35,682 - coin_selector - INFO - 币种选择完成: 共30个候选币种
2025-11-26 00:15:36,492 - trading_engine_v2 - INFO - 市场状态: EXCELLENT
2025-11-26 00:15:36,492 - trading_engine_v2 - INFO - 信号扫描完成: 生成0个信号，队列中0个待处理 (≥9分: 0个)
2025-11-26 00:15:47,550 - risk_manager_v2 - INFO - 市场状态更新为: NORMAL
2025-11-26 00:15:48,390 - binance_client_v2 - INFO - 获取了40个USDT币种
2025-11-26 00:15:48,392 - coin_selector - INFO - 成交量排名选择: 从40个币中筛选出30个
2025-11-26 00:15:48,392 - coin_selector - INFO - 币种选择完成: 共30个候选币种
2025-11-26 00:15:48,802 - trading_engine_v2 - INFO - 市场状态: EXCELLENT
2025-11-26 00:15:48,803 - trading_engine_v2 - INFO - 信号扫描完成: 生成0个信号，队列中0个待处理 (≥9分: 0个)
2025-11-26 00:15:59,652 - risk_manager_v2 - INFO - 市场状态更新为: NORMAL
2025-11-26 00:16:00,276 - binance_client_v2 - INFO - 获取了40个USDT币种
2025-11-26 00:16:00,277 - coin_selector - INFO - 成交量排名选择: 从40个币中筛选出31个
2025-11-26 00:16:00,277 - coin_selector - INFO - 币种选择完成: 共31个候选币种
2025-11-26 00:16:00,541 - trading_engine_v2 - INFO - 市场状态: EXCELLENT
2025-11-26 00:16:00,541 - trading_engine_v2 - INFO - 信号扫描完成: 生成0个信号，队列中0个待处理 (≥9分: 0个)
2025-11-26 00:16:11,410 - risk_manager_v2 - INFO - 市场状态更新为: NORMAL
2025-11-26 00:16:11,894 - binance_client_v2 - INFO - 获取了40个USDT币种
2025-11-26 00:16:11,895 - coin_selector - INFO - 成交量排名选择: 从40个币中筛选出31个
2025-11-26 00:16:11,895 - coin_selector - INFO - 币种选择完成: 共31个候选币种
2025-11-26 00:16:12,187 - trading_engine_v2 - INFO - 市场状态: EXCELLENT
2025-11-26 00:16:12,187 - trading_engine_v2 - INFO - 信号扫描完成: 生成0个信号，队列中0个待处理 (≥9分: 0个)
2025-11-26 00:16:24,224 - risk_manager_v2 - INFO - 市场状态更新为: NORMAL
2025-11-26 00:16:25,817 - binance_client_v2 - INFO - 获取了40个USDT币种
2025-11-26 00:16:25,818 - coin_selector - INFO - 成交量排名选择: 从40个币中筛选出31个
2025-11-26 00:16:25,818 - coin_selector - INFO - 币种选择完成: 共31个候选币种
2025-11-26 00:16:26,376 - trading_engine_v2 - INFO - 市场状态: EXCELLENT
2025-11-26 00:16:26,377 - trading_engine_v2 - INFO - 信号扫描完成: 生成0个信号，队列中0个待处理 (≥9分: 0个)
2025-11-26 00:16:37,385 - risk_manager_v2 - INFO - 市场状态更新为: NORMAL
2025-11-26 00:16:38,403 - binance_client_v2 - INFO - 获取了40个USDT币种
2025-11-26 00:16:38,404 - coin_selector - INFO - 成交量排名选择: 从40个币中筛选出31个
2025-11-26 00:16:38,405 - coin_selector - INFO - 币种选择完成: 共31个候选币种
2025-11-26 00:16:38,812 - trading_engine_v2 - INFO - 市场状态: EXCELLENT
2025-11-26 00:16:38,813 - trading_engine_v2 - INFO - 信号扫描完成: 生成0个信号，队列中0个待处理 (≥9分: 0个)
2025-11-26 00:16:49,895 - risk_manager_v2 - INFO - 市场状态更新为: NORMAL
2025-11-26 00:16:50,997 - binance_client_v2 - INFO - 获取了40个USDT币种
2025-11-26 00:16:50,998 - coin_selector - INFO - 成交量排名选择: 从40个币中筛选出31个
2025-11-26 00:16:50,998 - coin_selector - INFO - 币种选择完成: 共31个候选币种
2025-11-26 00:16:51,257 - trading_engine_v2 - INFO - 市场状态: EXCELLENT
2025-11-26 00:16:51,257 - trading_engine_v2 - INFO - 信号扫描完成: 生成0个信号，队列中0个待处理 (≥9分: 0个)
2025-11-26 00:17:02,120 - risk_manager_v2 - INFO - 市场状态更新为: NORMAL
2025-11-26 00:17:02,578 - binance_client_v2 - INFO - 获取了40个USDT币种
2025-11-26 00:17:02,579 - coin_selector - INFO - 成交量排名选择: 从40个币中筛选出31个
2025-11-26 00:17:02,579 - coin_selector - INFO - 币种选择完成: 共31个候选币种
2025-11-26 00:17:02,984 - trading_engine_v2 - INFO - 市场状态: EXCELLENT
2025-11-26 00:17:02,985 - trading_engine_v2 - INFO - 信号扫描完成: 生成0个信号，队列中0个待处理 (≥9分: 0个)
2025-11-26 00:17:13,819 - risk_manager_v2 - INFO - 市场状态更新为: NORMAL
2025-11-26 00:17:14,289 - binance_client_v2 - INFO - 获取了40个USDT币种
2025-11-26 00:17:14,290 - coin_selector - INFO - 成交量排名选择: 从40个币中筛选出30个
2025-11-26 00:17:14,290 - coin_selector - INFO - 币种选择完成: 共30个候选币种
2025-11-26 00:17:14,593 - trading_engine_v2 - INFO - 市场状态: EXCELLENT
2025-11-26 00:17:14,593 - trading_engine_v2 - INFO - 信号扫描完成: 生成0个信号，队列中0个待处理 (≥9分: 0个)
2025-11-26 00:17:25,824 - risk_manager_v2 - INFO - 市场状态更新为: NORMAL
2025-11-26 00:17:26,250 - binance_client_v2 - INFO - 获取了40个USDT币种
2025-11-26 00:17:26,251 - coin_selector - INFO - 成交量排名选择: 从40个币中筛选出30个
2025-11-26 00:17:26,251 - coin_selector - INFO - 币种选择完成: 共30个候选币种
2025-11-26 00:17:26,494 - trading_engine_v2 - INFO - 市场状态: EXCELLENT
2025-11-26 00:17:26,494 - trading_engine_v2 - INFO - 信号扫描完成: 生成0个信号，队列中0个待处理 (≥9分: 0个)
2025-11-26 00:17:37,545 - risk_manager_v2 - INFO - 市场状态更新为: NORMAL
2025-11-26 00:17:37,959 - binance_client_v2 - INFO - 获取了40个USDT币种
2025-11-26 00:17:37,960 - coin_selector - INFO - 成交量排名选择: 从40个币中筛选出30个
2025-11-26 00:17:37,960 - coin_selector - INFO - 币种选择完成: 共30个候选币种
2025-11-26 00:17:38,204 - trading_engine_v2 - INFO - 市场状态: EXCELLENT
2025-11-26 00:17:38,205 - trading_engine_v2 - INFO - 信号扫描完成: 生成0个信号，队列中0个待处理 (≥9分: 0个)
2025-11-26 00:17:49,356 - risk_manager_v2 - INFO - 市场状态更新为: NORMAL
2025-11-26 00:17:50,419 - binance_client_v2 - INFO - 获取了40个USDT币种
2025-11-26 00:17:50,420 - coin_selector - INFO - 成交量排名选择: 从40个币中筛选出30个
2025-11-26 00:17:50,420 - coin_selector - INFO - 币种选择完成: 共30个候选币种
2025-11-26 00:17:50,690 - trading_engine_v2 - INFO - 市场状态: EXCELLENT
2025-11-26 00:17:50,690 - trading_engine_v2 - INFO - 信号扫描完成: 生成0个信号，队列中0个待处理 (≥9分: 0个)
2025-11-26 00:18:01,969 - risk_manager_v2 - INFO - 市场状态更新为: NORMAL
2025-11-26 00:18:02,560 - binance_client_v2 - INFO - 获取了40个USDT币种
2025-11-26 00:18:02,561 - coin_selector - INFO - 成交量排名选择: 从40个币中筛选出30个
2025-11-26 00:18:02,561 - coin_selector - INFO - 币种选择完成: 共30个候选币种
2025-11-26 00:18:02,819 - trading_engine_v2 - INFO - 市场状态: EXCELLENT
2025-11-26 00:18:02,819 - trading_engine_v2 - INFO - 信号扫描完成: 生成0个信号，队列中0个待处理 (≥9分: 0个)
2025-11-26 00:18:14,201 - risk_manager_v2 - INFO - 市场状态更新为: NORMAL
2025-11-26 00:18:14,658 - binance_client_v2 - INFO - 获取了40个USDT币种
2025-11-26 00:18:14,659 - coin_selector - INFO - 成交量排名选择: 从40个币中筛选出30个
2025-11-26 00:18:14,659 - coin_selector - INFO - 币种选择完成: 共30个候选币种
2025-11-26 00:18:14,908 - trading_engine_v2 - INFO - 市场状态: EXCELLENT
2025-11-26 00:18:14,909 - trading_engine_v2 - INFO - 信号扫描完成: 生成0个信号，队列中0个待处理 (≥9分: 0个)
2025-11-26 00:18:26,463 - risk_manager_v2 - INFO - 市场状态更新为: NORMAL
2025-11-26 00:18:27,384 - binance_client_v2 - INFO - 获取了40个USDT币种
2025-11-26 00:18:27,385 - coin_selector - INFO - 成交量排名选择: 从40个币中筛选出30个
2025-11-26 00:18:27,386 - coin_selector - INFO - 币种选择完成: 共30个候选币种
2025-11-26 00:18:27,730 - trading_engine_v2 - INFO - 市场状态: EXCELLENT
2025-11-26 00:18:27,730 - trading_engine_v2 - INFO - 信号扫描完成: 生成0个信号，队列中0个待处理 (≥9分: 0个)
2025-11-26 00:18:38,537 - risk_manager_v2 - INFO - 市场状态更新为: NORMAL
2025-11-26 00:18:39,106 - binance_client_v2 - INFO - 获取了40个USDT币种
2025-11-26 00:18:39,107 - coin_selector - INFO - 成交量排名选择: 从40个币中筛选出30个
2025-11-26 00:18:39,107 - coin_selector - INFO - 币种选择完成: 共30个候选币种
2025-11-26 00:18:39,555 - trading_engine_v2 - INFO - 市场状态: EXCELLENT
2025-11-26 00:18:39,555 - trading_engine_v2 - INFO - 信号扫描完成: 生成0个信号，队列中0个待处理 (≥9分: 0个)
2025-11-26 00:18:50,648 - risk_manager_v2 - INFO - 市场状态更新为: NORMAL
2025-11-26 00:18:51,169 - binance_client_v2 - INFO - 获取了40个USDT币种
2025-11-26 00:18:51,170 - coin_selector - INFO - 成交量排名选择: 从40个币中筛选出30个
2025-11-26 00:18:51,170 - coin_selector - INFO - 币种选择完成: 共30个候选币种
2025-11-26 00:18:51,550 - trading_engine_v2 - INFO - 市场状态: EXCELLENT
2025-11-26 00:18:51,550 - trading_engine_v2 - INFO - 信号扫描完成: 生成0个信号，队列中0个待处理 (≥9分: 0个)
2025-11-26 00:19:02,386 - risk_manager_v2 - INFO - 市场状态更新为: NORMAL
2025-11-26 00:19:02,829 - binance_client_v2 - INFO - 获取了40个USDT币种
2025-11-26 00:19:02,830 - coin_selector - INFO - 成交量排名选择: 从40个币中筛选出30个
2025-11-26 00:19:02,831 - coin_selector - INFO - 币种选择完成: 共30个候选币种
2025-11-26 00:19:03,485 - trading_engine_v2 - INFO - 市场状态: EXCELLENT
2025-11-26 00:19:03,485 - trading_engine_v2 - INFO - 信号扫描完成: 生成0个信号，队列中0个待处理 (≥9分: 0个)
2025-11-26 00:19:14,299 - risk_manager_v2 - INFO - 市场状态更新为: NORMAL
2025-11-26 00:19:14,699 - binance_client_v2 - INFO - 获取了40个USDT币种
2025-11-26 00:19:14,700 - coin_selector - INFO - 成交量排名选择: 从40个币中筛选出30个
2025-11-26 00:19:14,700 - coin_selector - INFO - 币种选择完成: 共30个候选币种
2025-11-26 00:19:14,968 - trading_engine_v2 - INFO - 市场状态: EXCELLENT
2025-11-26 00:19:14,968 - trading_engine_v2 - INFO - 信号扫描完成: 生成0个信号，队列中0个待处理 (≥9分: 0个)
2025-11-26 00:19:15,603 - position_monitor_v2 - INFO - UNIUSDT: 触发保本机制(1.50×ATR): 止损抬升至入场价 5.9250(保本)
2025-11-26 00:19:15,604 - position_monitor_v2 - INFO - UNIUSDT: 触发止损: 5.9790 >= 5.9250
2025-11-26 00:19:15,604 - position_monitor_v2 - WARNING - UNIUSDT: 触发平仓事件
2025-11-26 00:19:15,604 - trading_engine_v2 - INFO - 执行出场: UNIUSDT x 4.219409 @ 5.9790 (剩余: 4.219409)
2025-11-26 00:19:15,604 - trading_engine_v2 - WARNING - [实盘交易] 执行出场订单: UNIUSDT BUY x 4.219409 (positionSide: SHORT)
2025-11-26 00:19:15,684 - binance_client_v2 - INFO - UNIUSDT: 市价单 BUY 4.0 @ 市价 (订单ID: 29342606180)
2025-11-26 00:19:15,684 - trading_engine_v2 - INFO - ✓ 出场成功: UNIUSDT 订单ID: 29342606180
2025-11-26 00:19:15,684 - [离场] UNIUSDT | 入场价:5.9250 | 离场价:5.9790 | 盈亏:-0.23USDT (-0.91%) | 持仓时长:16分钟
2025-11-26 00:19:15,684 - trading_engine_v2 - INFO - ✓ 出场成功: UNIUSDT 盈亏: -0.23 USDT
2025-11-26 00:19:15,685 - risk_manager_v2 - INFO - UNIUSDT 已加入冷却列表(45分钟): 止损平仓 (亏损0.23USDT)
2025-11-26 00:19:15,685 - trading_engine_v2 - WARNING - UNIUSDT: 未找到活跃持仓
2025-11-26 00:19:15,685 - trading_engine_v2 - INFO - UNIUSDT: STOP_LOSS - P&L: -0.23 USDT (-0.91%)
2025-11-26 00:19:15,685 - trading_engine_v2 - INFO - UNIUSDT: STOP_LOSS - P&L: -0.23 USDT (-0.91%)
2025-11-26 00:19:26,149 - risk_manager_v2 - INFO - 市场状态更新为: NORMAL
2025-11-26 00:19:27,051 - binance_client_v2 - INFO - 获取了40个USDT币种
2025-11-26 00:19:27,052 - coin_selector - INFO - 成交量排名选择: 从40个币中筛选出30个
2025-11-26 00:19:27,052 - coin_selector - INFO - 币种选择完成: 共30个候选币种
2025-11-26 00:19:27,733 - trading_engine_v2 - INFO - 市场状态: EXCELLENT
2025-11-26 00:19:38,174 - trading_engine_v2 - INFO - 信号扫描完成: 生成0个信号，队列中0个待处理 (≥9分: 0个)
2025-11-26 00:19:49,476 - risk_manager_v2 - INFO - 市场状态更新为: NORMAL
2025-11-26 00:19:51,321 - binance_client_v2 - INFO - 获取了40个USDT币种
2025-11-26 00:19:51,322 - coin_selector - INFO - 成交量排名选择: 从40个币中筛选出30个
2025-11-26 00:19:51,322 - coin_selector - INFO - 币种选择完成: 共30个候选币种
2025-11-26 00:19:51,798 - trading_engine_v2 - INFO - 市场状态: EXCELLENT
2025-11-26 00:20:02,900 - trading_engine_v2 - INFO - 信号扫描完成: 生成0个信号，队列中0个待处理 (≥9分: 0个)
2025-11-26 00:20:13,786 - risk_manager_v2 - INFO - 市场状态更新为: NORMAL
2025-11-26 00:20:14,628 - binance_client_v2 - INFO - 获取了40个USDT币种
2025-11-26 00:20:14,629 - coin_selector - INFO - 成交量排名选择: 从40个币中筛选出31个
2025-11-26 00:20:14,629 - coin_selector - INFO - 币种选择完成: 共31个候选币种
2025-11-26 00:20:15,001 - trading_engine_v2 - INFO - 市场状态: EXCELLENT
2025-11-26 00:20:24,559 - trading_engine_v2 - INFO - 信号扫描完成: 生成0个信号，队列中0个待处理 (≥9分: 0个)
2025-11-26 00:20:35,862 - risk_manager_v2 - INFO - 市场状态更新为: NORMAL
2025-11-26 00:20:36,533 - binance_client_v2 - INFO - 获取了40个USDT币种
2025-11-26 00:20:36,534 - coin_selector - INFO - 成交量排名选择: 从40个币中筛选出31个
2025-11-26 00:20:36,535 - coin_selector - INFO - 币种选择完成: 共31个候选币种
2025-11-26 00:20:37,075 - trading_engine_v2 - INFO - 市场状态: EXCELLENT
2025-11-26 00:20:45,690 - trading_engine_v2 - INFO - 信号扫描完成: 生成0个信号，队列中0个待处理 (≥9分: 0个)
2025-11-26 00:20:56,567 - risk_manager_v2 - INFO - 市场状态更新为: NORMAL
2025-11-26 00:20:57,247 - binance_client_v2 - INFO - 获取了40个USDT币种
2025-11-26 00:20:57,248 - coin_selector - INFO - 成交量排名选择: 从40个币中筛选出30个
2025-11-26 00:20:57,248 - coin_selector - INFO - 币种选择完成: 共30个候选币种
2025-11-26 00:20:57,606 - trading_engine_v2 - INFO - 市场状态: EXCELLENT
2025-11-26 00:21:08,615 - trading_engine_v2 - INFO - 信号扫描完成: 生成0个信号，队列中0个待处理 (≥9分: 0个)
2025-11-26 00:21:20,839 - risk_manager_v2 - INFO - 市场状态更新为: NORMAL
2025-11-26 00:21:21,639 - binance_client_v2 - INFO - 获取了40个USDT币种
2025-11-26 00:21:21,648 - coin_selector - INFO - 成交量排名选择: 从40个币中筛选出30个
2025-11-26 00:21:21,672 - coin_selector - INFO - 币种选择完成: 共30个候选币种
2025-11-26 00:21:21,982 - trading_engine_v2 - INFO - 市场状态: EXCELLENT
2025-11-26 00:21:31,028 - trading_engine_v2 - INFO - 信号扫描完成: 生成0个信号，队列中0个待处理 (≥9分: 0个)
2025-11-26 00:21:31,716 - position_monitor_v2 - INFO - PIEVERSEUSDT: 触发止损: 0.5361 <= 0.5372
2025-11-26 00:21:31,717 - position_monitor_v2 - WARNING - PIEVERSEUSDT: 触发平仓事件
2025-11-26 00:21:31,717 - trading_engine_v2 - INFO - 执行出场: PIEVERSEUSDT x 45.438023 @ 0.5361 (剩余: 45.438023)
2025-11-26 00:21:31,717 - trading_engine_v2 - WARNING - [实盘交易] 执行出场订单: PIEVERSEUSDT SELL x 45.438023 (positionSide: LONG)
2025-11-26 00:21:31,799 - binance_client_v2 - INFO - PIEVERSEUSDT: 市价单 SELL 45.0 @ 市价 (订单ID: 292271925)
2025-11-26 00:21:31,841 - trading_engine_v2 - INFO - ✓ 出场成功: PIEVERSEUSDT 订单ID: 292271925
2025-11-26 00:21:31,842 - [离场] PIEVERSEUSDT | 入场价:0.5502 | 离场价:0.5361 | 盈亏:-0.64USDT (-2.56%) | 持仓时长:7分钟
2025-11-26 00:21:31,842 - trading_engine_v2 - INFO - ✓ 出场成功: PIEVERSEUSDT 盈亏: -0.64 USDT
2025-11-26 00:21:31,842 - risk_manager_v2 - INFO - PIEVERSEUSDT 已加入冷却列表(45分钟): 止损平仓 (亏损0.64USDT)
2025-11-26 00:21:31,843 - trading_engine_v2 - WARNING - PIEVERSEUSDT: 未找到活跃持仓
2025-11-26 00:21:31,843 - trading_engine_v2 - INFO - PIEVERSEUSDT: STOP_LOSS - P&L: -0.64 USDT (-2.56%)
2025-11-26 00:21:42,143 - risk_manager_v2 - INFO - 市场状态更新为: NORMAL
2025-11-26 00:21:42,891 - binance_client_v2 - INFO - 获取了40个USDT币种
2025-11-26 00:21:42,893 - coin_selector - INFO - 成交量排名选择: 从40个币中筛选出30个
2025-11-26 00:21:42,893 - coin_selector - INFO - 币种选择完成: 共30个候选币种
2025-11-26 00:21:43,228 - trading_engine_v2 - INFO - 市场状态: EXCELLENT
2025-11-26 00:21:53,001 - trading_engine_v2 - INFO - 信号扫描完成: 生成0个信号，队列中0个待处理 (≥9分: 0个)
2025-11-26 00:22:04,117 - risk_manager_v2 - INFO - 市场状态更新为: NORMAL
2025-11-26 00:22:04,951 - binance_client_v2 - INFO - 获取了40个USDT币种
2025-11-26 00:22:04,952 - coin_selector - INFO - 成交量排名选择: 从40个币中筛选出30个
2025-11-26 00:22:04,952 - coin_selector - INFO - 币种选择完成: 共30个候选币种
2025-11-26 00:22:05,228 - trading_engine_v2 - INFO - 市场状态: EXCELLENT
2025-11-26 00:22:13,232 - trading_engine_v2 - INFO - 信号扫描完成: 生成0个信号，队列中0个待处理 (≥9分: 0个)
2025-11-26 00:22:14,053 - position_monitor_v2 - INFO - HYPEUSDT: 触发保本机制(1.50×ATR): 止损抬升至入场价 32.1570(保本)
2025-11-26 00:22:14,054 - position_monitor_v2 - INFO - HYPEUSDT: 触发止损: 32.4000 >= 32.1570
2025-11-26 00:22:14,054 - position_monitor_v2 - WARNING - HYPEUSDT: 触发平仓事件
2025-11-26 00:22:14,054 - trading_engine_v2 - INFO - 执行出场: HYPEUSDT x 0.777436 @ 32.4000 (剩余: 0.777436)
2025-11-26 00:22:14,054 - trading_engine_v2 - WARNING - [实盘交易] 执行出场订单: HYPEUSDT BUY x 0.777436 (positionSide: SHORT)
2025-11-26 00:22:14,132 - binance_client_v2 - INFO - HYPEUSDT: 市价单 BUY 0.77 @ 市价 (订单ID: 4002566107)
2025-11-26 00:22:14,133 - trading_engine_v2 - INFO - ✓ 出场成功: HYPEUSDT 订单ID: 4002566107
2025-11-26 00:22:14,133 - [离场] HYPEUSDT | 入场价:32.1570 | 离场价:32.4000 | 盈亏:-0.19USDT (-0.76%) | 持仓时长:25分钟
2025-11-26 00:22:14,133 - trading_engine_v2 - INFO - ✓ 出场成功: HYPEUSDT 盈亏: -0.19 USDT
2025-11-26 00:22:14,133 - risk_manager_v2 - INFO - HYPEUSDT 已加入冷却列表(45分钟): 止损平仓 (亏损0.19USDT)
2025-11-26 00:22:14,133 - trading_engine_v2 - WARNING - HYPEUSDT: 未找到活跃持仓
2025-11-26 00:22:14,134 - trading_engine_v2 - INFO - HYPEUSDT: STOP_LOSS - P&L: -0.19 USDT (-0.76%)
2025-11-26 00:22:14,134 - trading_engine_v2 - INFO - HYPEUSDT: STOP_LOSS - P&L: -0.19 USDT (-0.76%)
2025-11-26 00:22:24,420 - risk_manager_v2 - INFO - 市场状态更新为: NORMAL
2025-11-26 00:22:25,098 - binance_client_v2 - INFO - 获取了40个USDT币种
2025-11-26 00:22:25,099 - coin_selector - INFO - 成交量排名选择: 从40个币中筛选出30个
2025-11-26 00:22:25,099 - coin_selector - INFO - 币种选择完成: 共30个候选币种
2025-11-26 00:22:25,360 - trading_engine_v2 - INFO - 市场状态: EXCELLENT
2025-11-26 00:22:35,099 - trading_engine_v2 - INFO - 信号扫描完成: 生成0个信号，队列中0个待处理 (≥9分: 0个)
2025-11-26 00:22:45,680 - risk_manager_v2 - INFO - 市场状态更新为: NORMAL
2025-11-26 00:22:46,390 - binance_client_v2 - INFO - 获取了40个USDT币种
2025-11-26 00:22:46,391 - coin_selector - INFO - 成交量排名选择: 从40个币中筛选出30个
2025-11-26 00:22:46,391 - coin_selector - INFO - 币种选择完成: 共30个候选币种
2025-11-26 00:22:46,653 - trading_engine_v2 - INFO - 市场状态: EXCELLENT
2025-11-26 00:22:54,878 - trading_engine_v2 - INFO - 信号扫描完成: 生成0个信号，队列中0个待处理 (≥9分: 0个)
2025-11-26 00:23:05,738 - risk_manager_v2 - INFO - 市场状态更新为: NORMAL
2025-11-26 00:23:06,729 - binance_client_v2 - INFO - 获取了40个USDT币种
2025-11-26 00:23:06,730 - coin_selector - INFO - 成交量排名选择: 从40个币中筛选出30个
2025-11-26 00:23:06,730 - coin_selector - INFO - 币种选择完成: 共30个候选币种
2025-11-26 00:23:07,009 - trading_engine_v2 - INFO - 市场状态: EXCELLENT
2025-11-26 00:23:15,033 - trading_engine_v2 - INFO - 信号扫描完成: 生成0个信号，队列中0个待处理 (≥9分: 0个)
2025-11-26 00:23:26,767 - risk_manager_v2 - INFO - 市场状态更新为: NORMAL
2025-11-26 00:23:27,445 - binance_client_v2 - INFO - 获取了40个USDT币种
2025-11-26 00:23:27,447 - coin_selector - INFO - 成交量排名选择: 从40个币中筛选出30个
2025-11-26 00:23:27,447 - coin_selector - INFO - 币种选择完成: 共30个候选币种
2025-11-26 00:23:27,717 - trading_engine_v2 - INFO - 市场状态: EXCELLENT
2025-11-26 00:23:36,960 - signal_generator - INFO - TAOUSDT: 生成信号 BULLISH [PULLBACK] (评分: 10)
2025-11-26 00:23:36,960 - trading_engine_v2 - INFO - ✓ TAOUSDT: 生成信号 (评分: 10, 信心度: 100%)
2025-11-26 00:23:40,538 - trading_engine_v2 - INFO - 信号扫描完成: 生成1个信号，队列中1个待处理 (≥9分: 1个)
2025-11-26 00:23:40,539 - trading_engine_v2 - INFO - 执行入场: TAOUSDT BULLISH @ 303.8800
2025-11-26 00:23:40,539 - risk_manager_v2 - INFO - 动态仓位: 25.00 USDT (基础:25, 评分倍率:1.0, 市场倍率:1.0, 相关性:1.00)
2025-11-26 00:23:40,539 - trading_engine_v2 - WARNING - [实盘交易] 执行入场订单: TAOUSDT BUY x 0.082269 (positionSide: LONG)
2025-11-26 00:23:40,621 - binance_client_v2 - INFO - TAOUSDT: 保证金模式已经是 CROSSED
2025-11-26 00:23:40,711 - binance_client_v2 - INFO - TAOUSDT: 杠杆已设置为 1x
2025-11-26 00:23:41,117 - binance_client_v2 - INFO - TAOUSDT: 市价单 BUY 0.082 @ 市价 (订单ID: 8521090097)
2025-11-26 00:23:41,118 - trading_engine_v2 - INFO - ✓ 入场成功: TAOUSDT 订单ID: 8521090097
2025-11-26 00:23:41,118 - risk_manager_v2 - INFO - 添加持仓: TAOUSDT BUY @ 303.8800 x 0.082269
2025-11-26 00:23:41,118 - [入场] TAOUSDT | 方向:BULLISH | 价格:303.8800 | 数量:0.082269 | 仓位:25.00USDT | 评分:10 | 止损:300.8412
2025-11-26 00:23:41,118 - trading_engine_v2 - INFO - ✓ 入场成功: TAOUSDT 仓位大小: 25.00 USDT
2025-11-26 00:23:41,118 - trading_engine_v2 - INFO - 从信号队列执行了 1 个信号，剩余 0 个待处理
2025-11-26 00:23:52,558 - risk_manager_v2 - INFO - 市场状态更新为: NORMAL
2025-11-26 00:23:53,325 - binance_client_v2 - INFO - 获取了40个USDT币种
2025-11-26 00:23:53,327 - coin_selector - INFO - 成交量排名选择: 从40个币中筛选出30个
2025-11-26 00:23:53,327 - coin_selector - INFO - 币种选择完成: 共30个候选币种
2025-11-26 00:23:53,621 - trading_engine_v2 - INFO - 市场状态: EXCELLENT
2025-11-26 00:24:02,350 - trading_engine_v2 - INFO - 信号扫描完成: 生成0个信号，队列中0个待处理 (≥9分: 0个)
2025-11-26 00:24:13,335 - risk_manager_v2 - INFO - 市场状态更新为: NORMAL
2025-11-26 00:24:14,395 - binance_client_v2 - INFO - 获取了40个USDT币种
2025-11-26 00:24:14,397 - coin_selector - INFO - 成交量排名选择: 从40个币中筛选出30个
2025-11-26 00:24:14,397 - coin_selector - INFO - 币种选择完成: 共30个候选币种
2025-11-26 00:24:14,722 - trading_engine_v2 - INFO - 市场状态: EXCELLENT
2025-11-26 00:24:22,937 - trading_engine_v2 - INFO - 信号扫描完成: 生成0个信号，队列中0个待处理 (≥9分: 0个)
2025-11-26 00:24:33,825 - risk_manager_v2 - INFO - 市场状态更新为: NORMAL
2025-11-26 00:24:34,758 - binance_client_v2 - INFO - 获取了40个USDT币种
2025-11-26 00:24:34,759 - coin_selector - INFO - 成交量排名选择: 从40个币中筛选出30个
2025-11-26 00:24:34,760 - coin_selector - INFO - 币种选择完成: 共30个候选币种
2025-11-26 00:24:35,662 - trading_engine_v2 - INFO - 市场状态: EXCELLENT
2025-11-26 00:24:44,216 - trading_engine_v2 - INFO - 信号扫描完成: 生成0个信号，队列中0个待处理 (≥9分: 0个)
2025-11-26 00:24:56,906 - risk_manager_v2 - INFO - 市场状态更新为: NORMAL
2025-11-26 00:24:57,877 - binance_client_v2 - INFO - 获取了40个USDT币种
2025-11-26 00:24:57,878 - coin_selector - INFO - 成交量排名选择: 从40个币中筛选出30个
2025-11-26 00:24:57,878 - coin_selector - INFO - 币种选择完成: 共30个候选币种
2025-11-26 00:24:58,773 - trading_engine_v2 - INFO - 市场状态: EXCELLENT
2025-11-26 00:25:08,518 - trading_engine_v2 - INFO - 信号扫描完成: 生成0个信号，队列中0个待处理 (≥9分: 0个)
2025-11-26 00:25:20,806 - risk_manager_v2 - INFO - 市场状态更新为: NORMAL
2025-11-26 00:25:21,669 - binance_client_v2 - INFO - 获取了40个USDT币种
2025-11-26 00:25:21,670 - coin_selector - INFO - 成交量排名选择: 从40个币中筛选出30个
2025-11-26 00:25:21,670 - coin_selector - INFO - 币种选择完成: 共30个候选币种
2025-11-26 00:25:21,943 - trading_engine_v2 - INFO - 市场状态: EXCELLENT
2025-11-26 00:25:30,535 - trading_engine_v2 - INFO - 信号扫描完成: 生成0个信号，队列中0个待处理 (≥9分: 0个)
2025-11-26 00:25:41,280 - risk_manager_v2 - INFO - 市场状态更新为: NORMAL
2025-11-26 00:25:41,979 - binance_client_v2 - INFO - 获取了40个USDT币种
2025-11-26 00:25:41,980 - coin_selector - INFO - 成交量排名选择: 从40个币中筛选出30个
2025-11-26 00:25:41,980 - coin_selector - INFO - 币种选择完成: 共30个候选币种
2025-11-26 00:25:42,403 - trading_engine_v2 - INFO - 市场状态: EXCELLENT
2025-11-26 00:25:50,188 - trading_engine_v2 - INFO - 信号扫描完成: 生成0个信号，队列中0个待处理 (≥9分: 0个)
2025-11-26 00:26:01,065 - risk_manager_v2 - INFO - 市场状态更新为: NORMAL
2025-11-26 00:26:01,920 - binance_client_v2 - INFO - 获取了40个USDT币种
2025-11-26 00:26:01,922 - coin_selector - INFO - 成交量排名选择: 从40个币中筛选出30个
2025-11-26 00:26:01,922 - coin_selector - INFO - 币种选择完成: 共30个候选币种
2025-11-26 00:26:02,193 - trading_engine_v2 - INFO - 市场状态: EXCELLENT
2025-11-26 00:26:10,318 - trading_engine_v2 - INFO - 信号扫描完成: 生成0个信号，队列中0个待处理 (≥9分: 0个)
2025-11-26 00:26:21,408 - risk_manager_v2 - INFO - 市场状态更新为: NORMAL
2025-11-26 00:26:22,077 - binance_client_v2 - INFO - 获取了40个USDT币种
2025-11-26 00:26:22,078 - coin_selector - INFO - 成交量排名选择: 从40个币中筛选出30个
2025-11-26 00:26:22,079 - coin_selector - INFO - 币种选择完成: 共30个候选币种
2025-11-26 00:26:22,350 - trading_engine_v2 - INFO - 市场状态: EXCELLENT
2025-11-26 00:26:31,778 - trading_engine_v2 - INFO - 信号扫描完成: 生成0个信号，队列中0个待处理 (≥9分: 0个)
2025-11-26 00:26:32,168 - position_monitor_v2 - INFO - ZECUSDT: 触发保本机制(1.50×ATR): 止损抬升至入场价 495.3500(保本)
2025-11-26 00:26:32,169 - position_monitor_v2 - INFO - ZECUSDT: 触发止损: 500.5800 >= 495.3500
2025-11-26 00:26:32,169 - position_monitor_v2 - WARNING - ZECUSDT: 触发平仓事件
2025-11-26 00:26:32,169 - trading_engine_v2 - INFO - 执行出场: ZECUSDT x 0.050469 @ 500.5800 (剩余: 0.050469)
2025-11-26 00:26:32,170 - trading_engine_v2 - WARNING - [实盘交易] 执行出场订单: ZECUSDT BUY x 0.050469 (positionSide: SHORT)
2025-11-26 00:26:32,258 - binance_client_v2 - INFO - ZECUSDT: 市价单 BUY 0.05 @ 市价 (订单ID: 794427326016)
2025-11-26 00:26:32,258 - trading_engine_v2 - INFO - ✓ 出场成功: ZECUSDT 订单ID: 794427326016
2025-11-26 00:26:32,258 - [离场] ZECUSDT | 入场价:495.3500 | 离场价:500.5800 | 盈亏:-0.26USDT (-1.06%) | 持仓时长:24分钟
2025-11-26 00:26:32,258 - trading_engine_v2 - INFO - ✓ 出场成功: ZECUSDT 盈亏: -0.26 USDT
2025-11-26 00:26:32,258 - risk_manager_v2 - INFO - ZECUSDT 已加入冷却列表(45分钟): 止损平仓 (亏损0.26USDT)
2025-11-26 00:26:32,258 - trading_engine_v2 - WARNING - ZECUSDT: 未找到活跃持仓
2025-11-26 00:26:32,258 - trading_engine_v2 - INFO - ZECUSDT: STOP_LOSS - P&L: -0.26 USDT (-1.06%)
2025-11-26 00:26:32,259 - trading_engine_v2 - INFO - ZECUSDT: STOP_LOSS - P&L: -0.26 USDT (-1.06%)
2025-11-26 00:26:42,608 - risk_manager_v2 - INFO - 市场状态更新为: NORMAL
2025-11-26 00:26:43,362 - binance_client_v2 - INFO - 获取了40个USDT币种
2025-11-26 00:26:43,363 - coin_selector - INFO - 成交量排名选择: 从40个币中筛选出30个
2025-11-26 00:26:43,364 - coin_selector - INFO - 币种选择完成: 共30个候选币种
2025-11-26 00:26:43,911 - trading_engine_v2 - INFO - 市场状态: EXCELLENT
2025-11-26 00:26:53,897 - trading_engine_v2 - INFO - 信号扫描完成: 生成0个信号，队列中0个待处理 (≥9分: 0个)
2025-11-26 00:27:04,920 - risk_manager_v2 - INFO - 市场状态更新为: NORMAL
2025-11-26 00:27:05,547 - binance_client_v2 - INFO - 获取了40个USDT币种
2025-11-26 00:27:05,549 - coin_selector - INFO - 成交量排名选择: 从40个币中筛选出30个
2025-11-26 00:27:05,549 - coin_selector - INFO - 币种选择完成: 共30个候选币种
2025-11-26 00:27:06,309 - trading_engine_v2 - INFO - 市场状态: EXCELLENT
2025-11-26 00:27:18,057 - trading_engine_v2 - INFO - 信号扫描完成: 生成0个信号，队列中0个待处理 (≥9分: 0个)
2025-11-26 00:27:29,780 - risk_manager_v2 - INFO - 市场状态更新为: NORMAL
2025-11-26 00:27:30,647 - binance_client_v2 - INFO - 获取了40个USDT币种
2025-11-26 00:27:30,648 - coin_selector - INFO - 成交量排名选择: 从40个币中筛选出30个
2025-11-26 00:27:30,648 - coin_selector - INFO - 币种选择完成: 共30个候选币种
2025-11-26 00:27:31,871 - trading_engine_v2 - INFO - 市场状态: EXCELLENT
2025-11-26 00:27:44,175 - trading_engine_v2 - INFO - 信号扫描完成: 生成0个信号，队列中0个待处理 (≥9分: 0个)
2025-11-26 00:27:55,074 - risk_manager_v2 - INFO - 市场状态更新为: NORMAL
2025-11-26 00:27:56,279 - binance_client_v2 - INFO - 获取了40个USDT币种
2025-11-26 00:27:56,280 - coin_selector - INFO - 成交量排名选择: 从40个币中筛选出30个
2025-11-26 00:27:56,281 - coin_selector - INFO - 币种选择完成: 共30个候选币种
2025-11-26 00:27:56,552 - trading_engine_v2 - INFO - 市场状态: EXCELLENT
2025-11-26 00:28:07,796 - trading_engine_v2 - INFO - 信号扫描完成: 生成0个信号，队列中0个待处理 (≥9分: 0个)
2025-11-26 00:28:18,561 - risk_manager_v2 - INFO - 市场状态更新为: NORMAL
2025-11-26 00:28:19,794 - binance_client_v2 - INFO - 获取了40个USDT币种
2025-11-26 00:28:19,795 - coin_selector - INFO - 成交量排名选择: 从40个币中筛选出30个
2025-11-26 00:28:19,795 - coin_selector - INFO - 币种选择完成: 共30个候选币种
2025-11-26 00:28:20,958 - trading_engine_v2 - INFO - 市场状态: EXCELLENT
2025-11-26 00:28:32,565 - trading_engine_v2 - INFO - 信号扫描完成: 生成0个信号，队列中0个待处理 (≥9分: 0个)
2025-11-26 00:28:43,467 - risk_manager_v2 - INFO - 市场状态更新为: NORMAL
2025-11-26 00:28:44,374 - binance_client_v2 - INFO - 获取了40个USDT币种
2025-11-26 00:28:44,376 - coin_selector - INFO - 成交量排名选择: 从40个币中筛选出30个
2025-11-26 00:28:44,376 - coin_selector - INFO - 币种选择完成: 共30个候选币种
2025-11-26 00:28:44,740 - trading_engine_v2 - INFO - 市场状态: EXCELLENT
2025-11-26 00:28:52,441 - trading_engine_v2 - INFO - 信号扫描完成: 生成0个信号，队列中0个待处理 (≥9分: 0个)
2025-11-26 00:29:04,013 - risk_manager_v2 - INFO - 市场状态更新为: NORMAL
2025-11-26 00:29:04,874 - binance_client_v2 - INFO - 获取了40个USDT币种
2025-11-26 00:29:04,876 - coin_selector - INFO - 成交量排名选择: 从40个币中筛选出30个
2025-11-26 00:29:04,876 - coin_selector - INFO - 币种选择完成: 共30个候选币种
2025-11-26 00:29:05,402 - trading_engine_v2 - INFO - 市场状态: EXCELLENT
2025-11-26 00:29:13,490 - trading_engine_v2 - INFO - 信号扫描完成: 生成0个信号，队列中0个待处理 (≥9分: 0个)
2025-11-26 00:29:13,968 - position_monitor_v2 - INFO - TAOUSDT: 触发保本机制(1.50×ATR): 止损抬升至入场价 303.8800(保本)
2025-11-26 00:29:13,969 - position_monitor_v2 - INFO - TAOUSDT: 触发止损: 300.3400 <= 303.8800
2025-11-26 00:29:13,969 - position_monitor_v2 - WARNING - TAOUSDT: 触发平仓事件
2025-11-26 00:29:13,969 - trading_engine_v2 - INFO - 执行出场: TAOUSDT x 0.082269 @ 300.3400 (剩余: 0.082269)
2025-11-26 00:29:13,969 - trading_engine_v2 - WARNING - [实盘交易] 执行出场订单: TAOUSDT SELL x 0.082269 (positionSide: LONG)
2025-11-26 00:29:14,060 - binance_client_v2 - INFO - TAOUSDT: 市价单 SELL 0.082 @ 市价 (订单ID: 8521207875)
2025-11-26 00:29:14,061 - trading_engine_v2 - INFO - ✓ 出场成功: TAOUSDT 订单ID: 8521207875
2025-11-26 00:29:14,061 - [离场] TAOUSDT | 入场价:303.8800 | 离场价:300.3400 | 盈亏:-0.29USDT (-1.16%) | 持仓时长:6分钟
2025-11-26 00:29:14,061 - trading_engine_v2 - INFO - ✓ 出场成功: TAOUSDT 盈亏: -0.29 USDT
2025-11-26 00:29:14,061 - risk_manager_v2 - INFO - TAOUSDT 已加入冷却列表(45分钟): 止损平仓 (亏损0.29USDT)
2025-11-26 00:29:14,061 - trading_engine_v2 - WARNING - TAOUSDT: 未找到活跃持仓
2025-11-26 00:29:14,062 - trading_engine_v2 - INFO - TAOUSDT: STOP_LOSS - P&L: -0.29 USDT (-1.16%)
2025-11-26 00:29:14,062 - trading_engine_v2 - INFO - TAOUSDT: STOP_LOSS - P&L: -0.29 USDT (-1.16%)
2025-11-26 00:29:24,619 - risk_manager_v2 - INFO - 市场状态更新为: NORMAL
2025-11-26 00:29:25,539 - binance_client_v2 - INFO - 获取了40个USDT币种
2025-11-26 00:29:25,540 - coin_selector - INFO - 成交量排名选择: 从40个币中筛选出30个
2025-11-26 00:29:25,541 - coin_selector - INFO - 币种选择完成: 共30个候选币种
2025-11-26 00:29:26,684 - trading_engine_v2 - INFO - 市场状态: EXCELLENT
2025-11-26 00:29:29,388 - signal_generator - INFO - ASTERUSDT: 生成信号 BULLISH [PULLBACK] (评分: 10)
2025-11-26 00:29:29,389 - trading_engine_v2 - INFO - ✓ ASTERUSDT: 生成信号 (评分: 10, 信心度: 100%)
2025-11-26 00:29:36,426 - trading_engine_v2 - INFO - 信号扫描完成: 生成1个信号，队列中1个待处理 (≥9分: 1个)
2025-11-26 00:29:36,426 - trading_engine_v2 - INFO - 执行入场: ASTERUSDT BULLISH @ 1.1620
2025-11-26 00:29:36,426 - risk_manager_v2 - INFO - 动态仓位: 25.00 USDT (基础:25, 评分倍率:1.0, 市场倍率:1.0, 相关性:1.00)
2025-11-26 00:29:36,426 - trading_engine_v2 - WARNING - [实盘交易] 执行入场订单: ASTERUSDT BUY x 21.514630 (positionSide: LONG)
2025-11-26 00:29:36,509 - binance_client_v2 - INFO - ASTERUSDT: 保证金模式已经是 CROSSED
2025-11-26 00:29:36,604 - binance_client_v2 - INFO - ASTERUSDT: 杠杆已设置为 1x
2025-11-26 00:29:36,990 - binance_client_v2 - INFO - ASTERUSDT: 市价单 BUY 21.0 @ 市价 (订单ID: 2724645644)
2025-11-26 00:29:36,990 - trading_engine_v2 - INFO - ✓ 入场成功: ASTERUSDT 订单ID: 2724645644
2025-11-26 00:29:36,990 - risk_manager_v2 - INFO - 添加持仓: ASTERUSDT BUY @ 1.1620 x 21.514630
2025-11-26 00:29:36,990 - [入场] ASTERUSDT | 方向:BULLISH | 价格:1.1620 | 数量:21.514630 | 仓位:25.00USDT | 评分:10 | 止损:1.1504
2025-11-26 00:29:36,990 - trading_engine_v2 - INFO - ✓ 入场成功: ASTERUSDT 仓位大小: 25.00 USDT
2025-11-26 00:29:36,990 - trading_engine_v2 - INFO - 从信号队列执行了 1 个信号，剩余 0 个待处理
2025-11-26 00:29:47,644 - risk_manager_v2 - INFO - 市场状态更新为: NORMAL
2025-11-26 00:29:48,277 - binance_client_v2 - INFO - 获取了40个USDT币种
2025-11-26 00:29:48,278 - coin_selector - INFO - 成交量排名选择: 从40个币中筛选出30个
2025-11-26 00:29:48,278 - coin_selector - INFO - 币种选择完成: 共30个候选币种
2025-11-26 00:29:49,053 - trading_engine_v2 - INFO - 市场状态: EXCELLENT
2025-11-26 00:29:57,657 - trading_engine_v2 - INFO - 信号扫描完成: 生成0个信号，队列中0个待处理 (≥9分: 0个)
2025-11-26 00:30:08,375 - risk_manager_v2 - INFO - 市场状态更新为: NORMAL
2025-11-26 00:30:09,073 - binance_client_v2 - INFO - 获取了40个USDT币种
2025-11-26 00:30:09,075 - coin_selector - INFO - 成交量排名选择: 从40个币中筛选出30个
2025-11-26 00:30:09,075 - coin_selector - INFO - 币种选择完成: 共30个候选币种
2025-11-26 00:30:09,342 - trading_engine_v2 - INFO - 市场状态: EXCELLENT
2025-11-26 00:30:19,150 - trading_engine_v2 - INFO - 信号扫描完成: 生成0个信号，队列中0个待处理 (≥9分: 0个)
2025-11-26 00:30:29,774 - risk_manager_v2 - INFO - 市场状态更新为: NORMAL
2025-11-26 00:30:30,591 - binance_client_v2 - INFO - 获取了40个USDT币种
2025-11-26 00:30:30,592 - coin_selector - INFO - 成交量排名选择: 从40个币中筛选出30个
2025-11-26 00:30:30,592 - coin_selector - INFO - 币种选择完成: 共30个候选币种
2025-11-26 00:30:31,123 - trading_engine_v2 - INFO - 市场状态: EXCELLENT
2025-11-26 00:30:38,989 - trading_engine_v2 - INFO - 信号扫描完成: 生成0个信号，队列中0个待处理 (≥9分: 0个)
2025-11-26 00:30:49,980 - risk_manager_v2 - INFO - 市场状态更新为: NORMAL
2025-11-26 00:30:50,928 - binance_client_v2 - INFO - 获取了40个USDT币种
2025-11-26 00:30:50,929 - coin_selector - INFO - 成交量排名选择: 从40个币中筛选出30个
2025-11-26 00:30:50,929 - coin_selector - INFO - 币种选择完成: 共30个候选币种
2025-11-26 00:30:51,446 - trading_engine_v2 - INFO - 市场状态: EXCELLENT
2025-11-26 00:30:59,482 - trading_engine_v2 - INFO - 信号扫描完成: 生成0个信号，队列中0个待处理 (≥9分: 0个)
2025-11-26 00:31:10,533 - risk_manager_v2 - INFO - 市场状态更新为: NORMAL
2025-11-26 00:31:11,574 - binance_client_v2 - INFO - 获取了40个USDT币种
2025-11-26 00:31:11,576 - coin_selector - INFO - 成交量排名选择: 从40个币中筛选出30个
2025-11-26 00:31:11,576 - coin_selector - INFO - 币种选择完成: 共30个候选币种
2025-11-26 00:31:11,844 - trading_engine_v2 - INFO - 市场状态: EXCELLENT
2025-11-26 00:31:21,116 - trading_engine_v2 - INFO - 信号扫描完成: 生成0个信号，队列中0个待处理 (≥9分: 0个)
2025-11-26 00:31:31,892 - risk_manager_v2 - INFO - 市场状态更新为: NORMAL
2025-11-26 00:31:32,727 - binance_client_v2 - INFO - 获取了40个USDT币种
2025-11-26 00:31:32,728 - coin_selector - INFO - 成交量排名选择: 从40个币中筛选出30个
2025-11-26 00:31:32,728 - coin_selector - INFO - 币种选择完成: 共30个候选币种
2025-11-26 00:31:33,008 - trading_engine_v2 - INFO - 市场状态: EXCELLENT
2025-11-26 00:31:41,380 - trading_engine_v2 - INFO - 信号扫描完成: 生成0个信号，队列中0个待处理 (≥9分: 0个)
2025-11-26 00:31:52,339 - risk_manager_v2 - INFO - 市场状态更新为: NORMAL
2025-11-26 00:31:53,187 - binance_client_v2 - INFO - 获取了40个USDT币种
2025-11-26 00:31:53,188 - coin_selector - INFO - 成交量排名选择: 从40个币中筛选出30个
2025-11-26 00:31:53,188 - coin_selector - INFO - 币种选择完成: 共30个候选币种
2025-11-26 00:31:53,497 - trading_engine_v2 - INFO - 市场状态: EXCELLENT
2025-11-26 00:32:04,878 - trading_engine_v2 - INFO - 信号扫描完成: 生成0个信号，队列中0个待处理 (≥9分: 0个)
2025-11-26 00:32:15,733 - risk_manager_v2 - INFO - 市场状态更新为: NORMAL
2025-11-26 00:32:16,556 - binance_client_v2 - INFO - 获取了40个USDT币种
2025-11-26 00:32:16,557 - coin_selector - INFO - 成交量排名选择: 从40个币中筛选出30个
2025-11-26 00:32:16,558 - coin_selector - INFO - 币种选择完成: 共30个候选币种
2025-11-26 00:32:16,829 - trading_engine_v2 - INFO - 市场状态: EXCELLENT
2025-11-26 00:32:25,397 - trading_engine_v2 - INFO - 信号扫描完成: 生成0个信号，队列中0个待处理 (≥9分: 0个)
2025-11-26 00:32:36,080 - risk_manager_v2 - INFO - 市场状态更新为: NORMAL
2025-11-26 00:32:37,168 - binance_client_v2 - INFO - 获取了40个USDT币种
2025-11-26 00:32:37,169 - coin_selector - INFO - 成交量排名选择: 从40个币中筛选出30个
2025-11-26 00:32:37,170 - coin_selector - INFO - 币种选择完成: 共30个候选币种
2025-11-26 00:32:37,738 - trading_engine_v2 - INFO - 市场状态: EXCELLENT
2025-11-26 00:32:43,900 - signal_generator - INFO - AVAXUSDT: 生成信号 BULLISH [PULLBACK] (评分: 9)
2025-11-26 00:32:43,900 - trading_engine_v2 - INFO - ✓ AVAXUSDT: 生成信号 (评分: 9, 信心度: 90%)
2025-11-26 00:32:48,510 - trading_engine_v2 - INFO - 信号扫描完成: 生成1个信号，队列中1个待处理 (≥9分: 1个)
2025-11-26 00:32:48,510 - trading_engine_v2 - INFO - 执行入场: AVAXUSDT BULLISH @ 13.9460
2025-11-26 00:32:48,510 - risk_manager_v2 - INFO - 动态仓位: 25.00 USDT (基础:25, 评分倍率:1.0, 市场倍率:1.0, 相关性:1.00)
2025-11-26 00:32:48,511 - trading_engine_v2 - WARNING - [实盘交易] 执行入场订单: AVAXUSDT BUY x 1.792629 (positionSide: LONG)
2025-11-26 00:32:48,589 - binance_client_v2 - INFO - AVAXUSDT: 保证金模式已经是 CROSSED
2025-11-26 00:32:48,671 - binance_client_v2 - INFO - AVAXUSDT: 杠杆已设置为 1x
2025-11-26 00:32:49,129 - binance_client_v2 - INFO - AVAXUSDT: 市价单 BUY 1.0 @ 市价 (订单ID: 35144583477)
2025-11-26 00:32:49,129 - trading_engine_v2 - INFO - ✓ 入场成功: AVAXUSDT 订单ID: 35144583477
2025-11-26 00:32:49,130 - risk_manager_v2 - INFO - 添加持仓: AVAXUSDT BUY @ 13.9460 x 1.792629
2025-11-26 00:32:49,130 - [入场] AVAXUSDT | 方向:BULLISH | 价格:13.9460 | 数量:1.792629 | 仓位:25.00USDT | 评分:9 | 止损:13.8065
2025-11-26 00:32:49,130 - trading_engine_v2 - INFO - ✓ 入场成功: AVAXUSDT 仓位大小: 25.00 USDT
2025-11-26 00:32:49,130 - trading_engine_v2 - INFO - 从信号队列执行了 1 个信号，剩余 0 个待处理
2025-11-26 00:32:59,773 - risk_manager_v2 - INFO - 市场状态更新为: NORMAL
2025-11-26 00:33:01,000 - binance_client_v2 - INFO - 获取了40个USDT币种
2025-11-26 00:33:01,001 - coin_selector - INFO - 成交量排名选择: 从40个币中筛选出30个
2025-11-26 00:33:01,001 - coin_selector - INFO - 币种选择完成: 共30个候选币种
2025-11-26 00:33:01,299 - trading_engine_v2 - INFO - 市场状态: EXCELLENT
2025-11-26 00:33:09,939 - trading_engine_v2 - INFO - 信号扫描完成: 生成0个信号，队列中0个待处理 (≥9分: 0个)
2025-11-26 00:33:21,437 - risk_manager_v2 - INFO - 市场状态更新为: NORMAL
2025-11-26 00:33:22,383 - binance_client_v2 - INFO - 获取了40个USDT币种
2025-11-26 00:33:22,385 - coin_selector - INFO - 成交量排名选择: 从40个币中筛选出30个
2025-11-26 00:33:22,385 - coin_selector - INFO - 币种选择完成: 共30个候选币种
2025-11-26 00:33:23,069 - trading_engine_v2 - INFO - 市场状态: EXCELLENT
2025-11-26 00:33:32,140 - trading_engine_v2 - INFO - 信号扫描完成: 生成0个信号，队列中0个待处理 (≥9分: 0个)
2025-11-26 00:33:43,282 - risk_manager_v2 - INFO - 市场状态更新为: NORMAL
2025-11-26 00:33:43,897 - binance_client_v2 - INFO - 获取了40个USDT币种
2025-11-26 00:33:43,898 - coin_selector - INFO - 成交量排名选择: 从40个币中筛选出30个
2025-11-26 00:33:43,899 - coin_selector - INFO - 币种选择完成: 共30个候选币种
2025-11-26 00:33:44,201 - trading_engine_v2 - INFO - 市场状态: EXCELLENT
2025-11-26 00:33:52,773 - trading_engine_v2 - INFO - 信号扫描完成: 生成0个信号，队列中0个待处理 (≥9分: 0个)
2025-11-26 00:34:03,567 - risk_manager_v2 - INFO - 市场状态更新为: NORMAL
2025-11-26 00:34:04,577 - binance_client_v2 - INFO - 获取了40个USDT币种
2025-11-26 00:34:04,578 - coin_selector - INFO - 成交量排名选择: 从40个币中筛选出30个
2025-11-26 00:34:04,578 - coin_selector - INFO - 币种选择完成: 共30个候选币种
2025-11-26 00:34:05,004 - trading_engine_v2 - INFO - 市场状态: EXCELLENT
2025-11-26 00:34:16,096 - trading_engine_v2 - INFO - 信号扫描完成: 生成0个信号，队列中0个待处理 (≥9分: 0个)
2025-11-26 00:34:28,449 - risk_manager_v2 - INFO - 市场状态更新为: NORMAL
2025-11-26 00:34:29,290 - binance_client_v2 - INFO - 获取了40个USDT币种
2025-11-26 00:34:29,291 - coin_selector - INFO - 成交量排名选择: 从40个币中筛选出30个
2025-11-26 00:34:29,291 - coin_selector - INFO - 币种选择完成: 共30个候选币种
2025-11-26 00:34:29,856 - trading_engine_v2 - INFO - 市场状态: EXCELLENT
2025-11-26 00:34:37,339 - trading_engine_v2 - INFO - 信号扫描完成: 生成0个信号，队列中0个待处理 (≥9分: 0个)
2025-11-26 00:34:48,514 - risk_manager_v2 - INFO - 市场状态更新为: NORMAL
2025-11-26 00:34:49,276 - binance_client_v2 - INFO - 获取了40个USDT币种
2025-11-26 00:34:49,277 - coin_selector - INFO - 成交量排名选择: 从40个币中筛选出30个
2025-11-26 00:34:49,277 - coin_selector - INFO - 币种选择完成: 共30个候选币种
2025-11-26 00:34:49,549 - trading_engine_v2 - INFO - 市场状态: EXCELLENT
2025-11-26 00:34:56,329 - trading_engine_v2 - INFO - 信号扫描完成: 生成0个信号，队列中0个待处理 (≥9分: 0个)
2025-11-26 00:35:07,023 - risk_manager_v2 - INFO - 市场状态更新为: NORMAL
2025-11-26 00:35:07,665 - binance_client_v2 - INFO - 获取了40个USDT币种
2025-11-26 00:35:07,666 - coin_selector - INFO - 成交量排名选择: 从40个币中筛选出30个
2025-11-26 00:35:07,666 - coin_selector - INFO - 币种选择完成: 共30个候选币种
2025-11-26 00:35:07,942 - trading_engine_v2 - INFO - 市场状态: EXCELLENT
2025-11-26 00:35:15,050 - trading_engine_v2 - INFO - 信号扫描完成: 生成0个信号，队列中0个待处理 (≥9分: 0个)
2025-11-26 00:35:26,209 - risk_manager_v2 - INFO - 市场状态更新为: NORMAL
2025-11-26 00:35:26,997 - binance_client_v2 - INFO - 获取了40个USDT币种
2025-11-26 00:35:26,998 - coin_selector - INFO - 成交量排名选择: 从40个币中筛选出30个
2025-11-26 00:35:26,998 - coin_selector - INFO - 币种选择完成: 共30个候选币种
2025-11-26 00:35:27,266 - trading_engine_v2 - INFO - 市场状态: EXCELLENT
2025-11-26 00:35:35,836 - trading_engine_v2 - INFO - 信号扫描完成: 生成0个信号，队列中0个待处理 (≥9分: 0个)
2025-11-26 00:35:47,289 - risk_manager_v2 - INFO - 市场状态更新为: NORMAL
2025-11-26 00:35:48,134 - binance_client_v2 - INFO - 获取了40个USDT币种
2025-11-26 00:35:48,136 - coin_selector - INFO - 成交量排名选择: 从40个币中筛选出30个
2025-11-26 00:35:48,136 - coin_selector - INFO - 币种选择完成: 共30个候选币种
2025-11-26 00:35:48,448 - trading_engine_v2 - INFO - 市场状态: EXCELLENT
2025-11-26 00:35:57,138 - trading_engine_v2 - INFO - 信号扫描完成: 生成0个信号，队列中0个待处理 (≥9分: 0个)
2025-11-26 00:36:07,800 - risk_manager_v2 - INFO - 市场状态更新为: NORMAL
2025-11-26 00:36:08,691 - binance_client_v2 - INFO - 获取了40个USDT币种
2025-11-26 00:36:08,692 - coin_selector - INFO - 成交量排名选择: 从40个币中筛选出30个
2025-11-26 00:36:08,692 - coin_selector - INFO - 币种选择完成: 共30个候选币种
2025-11-26 00:36:09,106 - trading_engine_v2 - INFO - 市场状态: EXCELLENT
2025-11-26 00:36:16,780 - trading_engine_v2 - INFO - 信号扫描完成: 生成0个信号，队列中0个待处理 (≥9分: 0个)
2025-11-26 00:36:27,447 - risk_manager_v2 - INFO - 市场状态更新为: NORMAL
2025-11-26 00:36:28,130 - binance_client_v2 - INFO - 获取了40个USDT币种
2025-11-26 00:36:28,131 - coin_selector - INFO - 成交量排名选择: 从40个币中筛选出30个
2025-11-26 00:36:28,132 - coin_selector - INFO - 币种选择完成: 共30个候选币种
2025-11-26 00:36:28,443 - trading_engine_v2 - INFO - 市场状态: EXCELLENT
2025-11-26 00:36:34,890 - trading_engine_v2 - INFO - 信号扫描完成: 生成0个信号，队列中0个待处理 (≥9分: 0个)
2025-11-26 00:36:45,522 - risk_manager_v2 - INFO - 市场状态更新为: NORMAL
2025-11-26 00:36:46,196 - binance_client_v2 - INFO - 获取了40个USDT币种
2025-11-26 00:36:46,197 - coin_selector - INFO - 成交量排名选择: 从40个币中筛选出30个
2025-11-26 00:36:46,197 - coin_selector - INFO - 币种选择完成: 共30个候选币种
2025-11-26 00:36:46,647 - trading_engine_v2 - INFO - 市场状态: EXCELLENT
2025-11-26 00:36:57,488 - trading_engine_v2 - INFO - 信号扫描完成: 生成0个信号，队列中0个待处理 (≥9分: 0个)
2025-11-26 00:37:08,152 - risk_manager_v2 - INFO - 市场状态更新为: NORMAL
2025-11-26 00:37:08,868 - binance_client_v2 - INFO - 获取了40个USDT币种
2025-11-26 00:37:08,869 - coin_selector - INFO - 成交量排名选择: 从40个币中筛选出30个
2025-11-26 00:37:08,870 - coin_selector - INFO - 币种选择完成: 共30个候选币种
2025-11-26 00:37:09,140 - trading_engine_v2 - INFO - 市场状态: EXCELLENT
2025-11-26 00:37:16,798 - trading_engine_v2 - INFO - 信号扫描完成: 生成0个信号，队列中0个待处理 (≥9分: 0个)
2025-11-26 00:37:27,537 - risk_manager_v2 - INFO - 市场状态更新为: NORMAL
2025-11-26 00:37:28,244 - binance_client_v2 - INFO - 获取了40个USDT币种
2025-11-26 00:37:28,245 - coin_selector - INFO - 成交量排名选择: 从40个币中筛选出30个
2025-11-26 00:37:28,245 - coin_selector - INFO - 币种选择完成: 共30个候选币种
2025-11-26 00:37:28,763 - trading_engine_v2 - INFO - 市场状态: EXCELLENT
2025-11-26 00:37:35,957 - trading_engine_v2 - INFO - 信号扫描完成: 生成0个信号，队列中0个待处理 (≥9分: 0个)
2025-11-26 00:37:46,627 - risk_manager_v2 - INFO - 市场状态更新为: NORMAL
2025-11-26 00:37:47,442 - binance_client_v2 - INFO - 获取了40个USDT币种
2025-11-26 00:37:47,443 - coin_selector - INFO - 成交量排名选择: 从40个币中筛选出30个
2025-11-26 00:37:47,443 - coin_selector - INFO - 币种选择完成: 共30个候选币种
2025-11-26 00:37:47,961 - trading_engine_v2 - INFO - 市场状态: EXCELLENT
2025-11-26 00:37:57,923 - trading_engine_v2 - INFO - 信号扫描完成: 生成0个信号，队列中0个待处理 (≥9分: 0个)
2025-11-26 00:38:08,766 - risk_manager_v2 - INFO - 市场状态更新为: NORMAL
2025-11-26 00:38:09,880 - binance_client_v2 - INFO - 获取了40个USDT币种
2025-11-26 00:38:09,882 - coin_selector - INFO - 成交量排名选择: 从40个币中筛选出30个
2025-11-26 00:38:09,882 - coin_selector - INFO - 币种选择完成: 共30个候选币种
2025-11-26 00:38:10,432 - trading_engine_v2 - INFO - 市场状态: EXCELLENT
2025-11-26 00:38:18,913 - trading_engine_v2 - INFO - 信号扫描完成: 生成0个信号，队列中0个待处理 (≥9分: 0个)
2025-11-26 00:38:30,048 - risk_manager_v2 - INFO - 市场状态更新为: NORMAL
2025-11-26 00:38:31,396 - binance_client_v2 - INFO - 获取了40个USDT币种
2025-11-26 00:38:31,397 - coin_selector - INFO - 成交量排名选择: 从40个币中筛选出30个
2025-11-26 00:38:31,398 - coin_selector - INFO - 币种选择完成: 共30个候选币种
2025-11-26 00:38:31,676 - trading_engine_v2 - INFO - 市场状态: EXCELLENT
2025-11-26 00:38:40,936 - trading_engine_v2 - INFO - 信号扫描完成: 生成0个信号，队列中0个待处理 (≥9分: 0个)
2025-11-26 00:38:51,952 - risk_manager_v2 - INFO - 市场状态更新为: NORMAL
2025-11-26 00:38:52,649 - binance_client_v2 - INFO - 获取了40个USDT币种
2025-11-26 00:38:52,650 - coin_selector - INFO - 成交量排名选择: 从40个币中筛选出30个
2025-11-26 00:38:52,650 - coin_selector - INFO - 币种选择完成: 共30个候选币种
2025-11-26 00:38:52,991 - trading_engine_v2 - INFO - 市场状态: EXCELLENT
2025-11-26 00:39:01,833 - trading_engine_v2 - INFO - 信号扫描完成: 生成0个信号，队列中0个待处理 (≥9分: 0个)
2025-11-26 00:39:12,806 - risk_manager_v2 - INFO - 市场状态更新为: NORMAL
2025-11-26 00:39:13,600 - binance_client_v2 - INFO - 获取了40个USDT币种
2025-11-26 00:39:13,601 - coin_selector - INFO - 成交量排名选择: 从40个币中筛选出30个
2025-11-26 00:39:13,602 - coin_selector - INFO - 币种选择完成: 共30个候选币种
2025-11-26 00:39:13,886 - trading_engine_v2 - INFO - 市场状态: EXCELLENT
2025-11-26 00:39:24,554 - trading_engine_v2 - INFO - 信号扫描完成: 生成0个信号，队列中0个待处理 (≥9分: 0个)
2025-11-26 00:39:29,498 - __main__ - INFO - 收到中断信号，正在关闭...
2025-11-26 00:39:29,501 - trading_engine_v2 - INFO - ================================================================================
2025-11-26 00:39:29,501 - trading_engine_v2 - INFO - 交易引擎停止
2025-11-26 00:39:29,501 - trading_engine_v2 - INFO - 
会话摘要:
  运行时间: 0.8 小时
  信号生成: 10
  信号执行: 0
  持仓平仓: 14
  总盈亏: +0.00 USDT
2025-11-26 00:39:29,501 - trading_engine_v2 - INFO - ================================================================================
