2025-11-07 17:19:12 - INFO - 【入场】HYPEUSDT BUY @ 40.073000 (20.00 USDT, 信心度71.4%, 多因子3/5)
2025-11-07 17:21:11 - INFO - 【入场】ICPUSDT BUY @ 8.637000 (20.00 USDT, 信心度71.4%, 多因子3/5)
2025-11-07 17:21:40 - INFO - 【离场】HYPEUSDT BUY @ 39.959000 (STOP_LOSS) 盈亏: -0.28% (-0.0559)
2025-11-07 17:22:11 - INFO - 【入场】FILUSDT BUY @ 2.211000 (20.00 USDT, 信心度85.7%, 多因子3/5)
2025-11-07 17:22:43 - INFO - 【离场】FILUSDT BUY @ 2.198000 (STOP_LOSS) 盈亏: -0.59% (-0.1170)
2025-11-07 17:23:11 - INFO - 【入场】FILUSDT BUY @ 2.196000 (20.00 USDT, 信心度71.4%, 多因子3/5)
2025-11-07 17:25:14 - INFO - 【入场】BLESSUSDT BUY @ 0.061510 (20.00 USDT, 信心度71.4%, 多因子3/5)
2025-11-07 17:29:16 - INFO - 【离场】FILUSDT BUY @ 2.163000 (STOP_LOSS) 盈亏: -2.17% (-0.4320)
2025-11-07 17:31:16 - INFO - 【离场】ICPUSDT BUY @ 8.572000 (STOP_LOSS) 盈亏: -0.75% (-0.1300)
2025-11-07 17:36:32 - INFO - 【离场】BLESSUSDT BUY @ 0.062980 (FIRST_PROFIT) 盈亏: +2.39% (+0.4763)
2025-11-07 18:02:12 - INFO - 【入场】ZECUSDT BUY @ 640.640000 (20.00 USDT, 信心度71.4%, 多因子3/5)
2025-11-07 18:03:11 - INFO - 【入场】FILUSDT BUY @ 2.326000 (20.00 USDT, 信心度71.4%, 多因子3/5)
2025-11-07 18:04:12 - INFO - 【离场】ZECUSDT BUY @ 638.210000 (STOP_LOSS) 盈亏: -0.38% (-0.0753)
2025-11-07 18:07:35 - INFO - 【离场】FILUSDT BUY @ 2.272000 (STOP_LOSS) 盈亏: +2.76% (+0.5490)
2025-11-07 18:09:11 - INFO - 【入场】DOGEUSDT SELL @ 0.165160 (20.00 USDT, 信心度71.4%, 多因子3/5)
2025-11-07 18:09:12 - INFO - 【入场】SUIUSDT SELL @ 1.986100 (20.00 USDT, 信心度71.4%, 多因子3/5)
2025-11-07 18:09:13 - INFO - 【入场】WLDUSDT SELL @ 0.743600 (20.00 USDT, 信心度71.4%, 多因子3/5)
2025-11-07 18:16:18 - INFO - 【离场】WLDUSDT SELL @ 0.740200 (FIRST_PROFIT) 盈亏: +0.46% (+0.0884)
2025-11-07 18:16:36 - INFO - 【离场】SUIUSDT SELL @ 1.978400 (FIRST_PROFIT) 盈亏: +0.39% (+0.0770)
2025-11-07 18:16:38 - INFO - 【离场】DOGEUSDT SELL @ 0.164650 (FIRST_PROFIT) 盈亏: +0.31% (+0.0617)
2025-11-07 18:21:14 - INFO - 【入场】UAIUSDT BUY @ 0.103700 (20.00 USDT, 信心度71.4%, 多因子3/5)
2025-11-07 18:23:11 - INFO - 【入场】COAIUSDT BUY @ 1.240000 (20.00 USDT, 信心度71.4%, 多因子3/5)
2025-11-07 18:26:00 - INFO - 【离场】COAIUSDT BUY @ 1.228000 (STOP_LOSS) 盈亏: -0.97% (-0.1920)
2025-11-07 18:29:21 - INFO - 【离场】UAIUSDT BUY @ 0.100800 (STOP_LOSS) 盈亏: -2.80% (-0.5568)
2025-11-07 21:34:24 - INFO - 【入场】SAPIENUSDT BUY @ 0.272750 (20.00 USDT, 信心度85.7%, 多因子4/5)
2025-11-07 21:37:45 - INFO - 【离场】SAPIENUSDT BUY @ 0.265980 (STOP_LOSS) 盈亏: -2.48% (-0.4942)
2025-11-07 23:50:13 - INFO - 【入场】SUIUSDT BUY @ 2.051400 (20.00 USDT, 信心度71.4%, 多因子3/5)
2025-11-07 23:50:16 - INFO - 【入场】WIFUSDT BUY @ 0.453200 (20.00 USDT, 信心度71.4%, 多因子3/5)
2025-11-07 23:50:42 - INFO - 【分批平仓】SUIUSDT BUY 数量4.850000 (PARTIAL_STAGE1) 盈亏: +0.62% (+0.0616)
2025-11-08 00:07:37 - INFO - 【离场】WIFUSDT BUY @ 0.451400 (STOP_LOSS) 盈亏: -0.40% (-0.0794)
2025-11-08 00:15:13 - INFO - 【入场】PROMPTUSDT SELL @ 0.089280 (20.00 USDT, 信心度71.4%, 多因子3/5)
2025-11-08 00:21:00 - INFO - 【离场】PROMPTUSDT SELL @ 0.090250 (STOP_LOSS) 盈亏: -1.09% (-0.2163)
2025-11-08 00:23:15 - INFO - 【入场】TRXUSDT BUY @ 0.288090 (20.00 USDT, 信心度71.4%, 多因子3/5)
2025-11-08 00:28:28 - INFO - 【分批平仓】TRXUSDT BUY 数量34.500000 (PARTIAL_STAGE1) 盈亏: +0.09% (+0.0090)
2025-11-08 01:15:13 - INFO - 【入场】PUMPUSDT BUY @ 0.004086 (20.00 USDT, 信心度85.7%, 多因子3/5)
2025-11-08 01:20:17 - INFO - 【离场】PUMPUSDT BUY @ 0.004068 (STOP_LOSS) 盈亏: -0.44% (-0.0881)
2025-11-08 01:45:14 - INFO - 【入场】AVAXUSDT BUY @ 17.690000 (20.00 USDT, 信心度71.4%, 多因子3/5)
2025-11-08 01:50:48 - INFO - 【离场】AVAXUSDT BUY @ 17.624000 (STOP_LOSS) 盈亏: -0.37% (-0.0660)
2025-11-08 01:58:06 - INFO - 【入场】UNIUSDT BUY @ 5.856000 (20.00 USDT, 信心度71.4%, 多因子3/5)
2025-11-08 01:59:24 - INFO - 【入场】DOGEUSDT BUY @ 0.179560 (20.00 USDT, 信心度71.4%, 多因子3/5)
2025-11-08 02:00:25 - INFO - 【入场】ARBUSDT BUY @ 0.299000 (20.00 USDT, 信心度71.4%, 多因子3/5)
2025-11-08 02:01:53 - INFO - 【分批平仓】DOGEUSDT BUY 数量55.500000 (PARTIAL_STAGE1) 盈亏: +0.33% (+0.0327)
2025-11-08 02:02:23 - INFO - 【入场】WLDUSDT BUY @ 0.850400 (20.00 USDT, 信心度71.4%, 多因子3/5)
2025-11-08 02:03:13 - INFO - 【分批平仓】ARBUSDT BUY 数量33.400000 (PARTIAL_STAGE1) 盈亏: +0.37% (+0.0367)
2025-11-08 02:05:24 - INFO - 【入场】AVAXUSDT BUY @ 17.807000 (20.00 USDT, 信心度71.4%, 多因子3/5)
2025-11-08 02:08:24 - INFO - 【分批平仓】UNIUSDT BUY 数量1.500000 (PARTIAL_STAGE1) 盈亏: +0.39% (+0.0345)
2025-11-08 02:08:38 - INFO - 【分批平仓】AVAXUSDT BUY 数量0.500000 (PARTIAL_STAGE1) 盈亏: +0.29% (+0.0255)
2025-11-08 02:19:23 - INFO - 【入场】GIGGLEUSDT BUY @ 175.700000 (20.00 USDT, 信心度71.4%, 多因子3/5)
2025-11-08 02:22:57 - INFO - 【离场】WLDUSDT BUY @ 0.846100 (STOP_LOSS) 盈亏: -0.51% (-0.0989)
2025-11-08 02:23:55 - INFO - 【分批平仓】GIGGLEUSDT BUY 数量0.055000 (PARTIAL_STAGE1) 盈亏: +0.85% (+0.0820)
2025-11-08 02:31:23 - INFO - 【入场】BNBUSDT BUY @ 978.200000 (20.00 USDT, 信心度71.4%, 多因子3/5)
2025-11-08 02:51:56 - INFO - 【离场】BNBUSDT BUY @ 976.110000 (STOP_LOSS) 盈亏: -0.21% (-0.0418)
2025-11-08 03:15:23 - INFO - 【入场】DUSKUSDT BUY @ 0.089880 (20.00 USDT, 信心度71.4%, 多因子4/5)
2025-11-08 03:20:24 - INFO - 【离场】DUSKUSDT BUY @ 0.089060 (STOP_LOSS) 盈亏: -0.91% (-0.1829)
2025-11-08 03:40:22 - INFO - 【入场】BNBUSDT BUY @ 984.700000 (20.00 USDT, 信心度85.7%, 多因子3/5)
2025-11-08 03:45:28 - INFO - 【离场】BNBUSDT BUY @ 983.020000 (STOP_LOSS) 盈亏: -0.17% (-0.0336)
2025-11-08 04:14:23 - INFO - 【入场】WIFUSDT BUY @ 0.496300 (20.00 USDT, 信心度71.4%, 多因子4/5)
2025-11-08 04:16:22 - INFO - 【入场】SOONUSDT BUY @ 2.052200 (20.00 USDT, 信心度71.4%, 多因子4/5)
2025-11-08 04:17:48 - INFO - 【分批平仓】SOONUSDT BUY 数量4.500000 (PARTIAL_STAGE1) 盈亏: +1.64% (+0.1512)
2025-11-08 04:19:23 - INFO - 【离场】WIFUSDT BUY @ 0.492200 (STOP_LOSS) 盈亏: -0.83% (-0.1648)
2025-11-08 04:44:24 - INFO - 【入场】TRXUSDT BUY @ 0.292690 (20.00 USDT, 信心度71.4%, 多因子3/5)
2025-11-08 04:44:29 - INFO - 【离场】TRXUSDT BUY @ 0.292690 (TIME_STOP) 盈亏: +0.00% (+0.0000)
2025-11-08 05:15:22 - INFO - 【入场】SAPIENUSDT BUY @ 0.276630 (20.00 USDT, 信心度71.4%, 多因子4/5)
2025-11-08 05:20:24 - INFO - 【离场】SAPIENUSDT BUY @ 0.272950 (STOP_LOSS) 盈亏: -1.33% (-0.2650)
2025-11-08 05:21:23 - INFO - 【入场】WLDUSDT BUY @ 0.854500 (20.00 USDT, 信心度85.7%, 多因子4/5)
2025-11-08 05:24:22 - INFO - 【入场】MMTUSDT BUY @ 0.546600 (20.00 USDT, 信心度71.4%, 多因子3/5)
2025-11-08 05:26:27 - INFO - 【离场】WLDUSDT BUY @ 0.849100 (STOP_LOSS) 盈亏: -0.63% (-0.1242)
2025-11-08 05:27:25 - INFO - 【分批平仓】MMTUSDT BUY 数量18.000000 (PARTIAL_STAGE1) 盈亏: +0.48% (+0.0468)
2025-11-08 05:35:22 - INFO - 【入场】PUMPUSDT BUY @ 0.004247 (20.00 USDT, 信心度71.4%, 多因子3/5)
2025-11-08 05:40:27 - INFO - 【离场】PUMPUSDT BUY @ 0.004226 (STOP_LOSS) 盈亏: -0.49% (-0.0989)
2025-11-08 05:41:22 - INFO - 【入场】LABUSDT BUY @ 0.183180 (20.00 USDT, 信心度71.4%, 多因子3/5)
2025-11-08 05:44:22 - INFO - 【入场】UNIUSDT BUY @ 5.963000 (20.00 USDT, 信心度71.4%, 多因子3/5)
2025-11-08 05:44:27 - INFO - 【分批平仓】UNIUSDT BUY 数量0.375000 (PARTIAL_STAGE2) 盈亏: +0.02% (+0.0004)
2025-11-08 05:46:36 - INFO - 【分批平仓】LABUSDT BUY 数量54.500000 (PARTIAL_STAGE1) 盈亏: +0.65% (+0.0649)
2025-11-08 05:54:43 - INFO - 【离场】UNIUSDT BUY @ 5.960000 (STOP_LOSS) 盈亏: -0.04% (-0.0075)
2025-11-08 06:00:22 - INFO - 【入场】BNBUSDT BUY @ 995.410000 (20.00 USDT, 信心度71.4%, 多因子4/5)
2025-11-08 06:05:25 - INFO - 【离场】BNBUSDT BUY @ 994.190000 (STOP_LOSS) 盈亏: -0.12% (-0.0244)
2025-11-08 06:07:23 - INFO - 【入场】AVAXUSDT BUY @ 17.992000 (20.00 USDT, 信心度71.4%, 多因子3/5)
2025-11-08 06:07:26 - INFO - 【入场】ARBUSDT BUY @ 0.304400 (20.00 USDT, 信心度85.7%, 多因子3/5)
2025-11-08 06:07:28 - INFO - 【入场】HBARUSDT BUY @ 0.179890 (20.00 USDT, 信心度71.4%, 多因子3/5)
2025-11-08 06:07:28 - INFO - 【离场】AVAXUSDT BUY @ 17.997000 (TIME_STOP) 盈亏: +0.03% (+0.0050)
2025-11-08 06:07:29 - INFO - 【离场】ARBUSDT BUY @ 0.304500 (TIME_STOP) 盈亏: +0.03% (+0.0066)
2025-11-08 06:12:59 - INFO - 【离场】HBARUSDT BUY @ 0.179500 (STOP_LOSS) 盈亏: -0.22% (-0.0433)
2025-11-08 06:26:22 - INFO - 【入场】DOGEUSDT BUY @ 0.180460 (20.00 USDT, 信心度71.4%, 多因子3/5)
2025-11-08 06:26:24 - INFO - 【离场】DOGEUSDT BUY @ 0.180450 (TIME_STOP) 盈亏: -0.01% (-0.0011)
2025-11-08 06:48:22 - INFO - 【入场】ADAUSDT BUY @ 0.584600 (20.00 USDT, 信心度71.4%, 多因子3/5)
2025-11-08 06:50:22 - INFO - 【入场】HIPPOUSDT SELL @ 0.007107 (20.00 USDT, 信心度71.4%, 多因子3/5)
2025-11-08 06:53:24 - INFO - 【离场】ADAUSDT BUY @ 0.583500 (STOP_LOSS) 盈亏: -0.19% (-0.0374)
2025-11-08 06:56:05 - INFO - 【分批平仓】HIPPOUSDT SELL 数量1405.500000 (PARTIAL_STAGE1) 盈亏: +1.53% (+0.1504)
2025-11-08 07:01:22 - INFO - 【入场】HBARUSDT BUY @ 0.179320 (20.00 USDT, 信心度71.4%, 多因子3/5)
2025-11-08 07:06:29 - INFO - 【离场】HBARUSDT BUY @ 0.178590 (STOP_LOSS) 盈亏: -0.41% (-0.0810)
2025-11-08 07:19:23 - INFO - 【入场】LABUSDT BUY @ 0.183540 (20.00 USDT, 信心度71.4%, 多因子3/5)
2025-11-08 07:19:29 - INFO - 【离场】LABUSDT BUY @ 0.183290 (STOP_LOSS) 盈亏: -0.14% (-0.0273)
2025-11-08 07:28:22 - INFO - 【入场】DOGEUSDT SELL @ 0.178550 (20.00 USDT, 信心度71.4%, 多因子3/5)
2025-11-08 07:28:24 - INFO - 【入场】SOONUSDT SELL @ 2.058900 (20.00 USDT, 信心度71.4%, 多因子3/5)
2025-11-08 07:28:25 - INFO - 【离场】SOONUSDT SELL @ 2.059200 (STOP_LOSS) 盈亏: -0.01% (-0.0027)
2025-11-08 07:33:23 - INFO - 【离场】DOGEUSDT SELL @ 0.179010 (STOP_LOSS) 盈亏: -0.26% (-0.0515)
2025-11-08 08:00:23 - INFO - 【入场】AIAUSDT SELL @ 8.028600 (20.00 USDT, 信心度71.4%, 多因子3/5)
2025-11-08 08:00:24 - INFO - 【入场】DOTUSDT BUY @ 3.259000 (20.00 USDT, 信心度85.7%, 多因子3/5)
2025-11-08 08:03:01 - INFO - 【离场】AIAUSDT SELL @ 8.195900 (STOP_LOSS) 盈亏: -2.08% (-0.3346)
2025-11-08 08:06:12 - INFO - 【分批平仓】DOTUSDT BUY 数量3.050000 (PARTIAL_STAGE1) 盈亏: +0.40% (+0.0396)
2025-11-08 08:25:22 - INFO - 【入场】ASTERUSDT SELL @ 1.138700 (20.00 USDT, 信心度71.4%, 多因子3/5)
2025-11-08 08:26:25 - INFO - 【分批平仓】ASTERUSDT SELL 数量8.500000 (PARTIAL_STAGE1) 盈亏: +0.42% (+0.0408)
2025-11-08 08:49:23 - INFO - 【入场】MINAUSDT SELL @ 0.185000 (20.00 USDT, 信心度71.4%, 多因子3/5)
2025-11-08 08:51:11 - INFO - 【分批平仓】MINAUSDT SELL 数量54.000000 (PARTIAL_STAGE1) 盈亏: +0.38% (+0.0378)
2025-11-08 09:05:23 - INFO - 【入场】MMTUSDT BUY @ 0.641000 (20.00 USDT, 信心度71.4%, 多因子3/5)
2025-11-08 09:05:27 - INFO - 【分批平仓】MMTUSDT BUY 数量4.500000 (PARTIAL_STAGE2) 盈亏: -0.14% (-0.0041)
2025-11-08 09:07:36 - INFO - 【离场】MMTUSDT BUY @ 0.650000 (STOP_LOSS) 盈亏: +1.18% (+0.2344)
2025-11-08 09:40:24 - INFO - 【入场】SOONUSDT BUY @ 2.128000 (20.00 USDT, 信心度71.4%, 多因子4/5)
2025-11-08 09:45:25 - INFO - 【离场】SOONUSDT BUY @ 2.104000 (STOP_LOSS) 盈亏: -1.13% (-0.2160)
2025-11-08 09:54:24 - INFO - 【入场】XPLUSDT BUY @ 0.337900 (20.00 USDT, 信心度71.4%, 多因子4/5)
2025-11-08 09:56:24 - INFO - 【入场】GIGGLEUSDT BUY @ 162.580000 (20.00 USDT, 信心度85.7%, 多因子3/5)
2025-11-08 09:56:25 - INFO - 【离场】GIGGLEUSDT BUY @ 162.540000 (TIME_STOP) 盈亏: -0.02% (-0.0048)
2025-11-08 10:01:11 - INFO - 【离场】XPLUSDT BUY @ 0.335600 (STOP_LOSS) 盈亏: -0.68% (-0.1357)
2025-11-08 10:03:02 - INFO - 【入场】BNBUSDT BUY @ 993.460000 (20.00 USDT, 信心度71.4%, 多因子3/5)
2025-11-08 10:03:04 - INFO - 【入场】ARUSDT SELL @ 7.557000 (20.00 USDT, 信心度71.4%, 多因子3/5)
2025-11-08 10:04:13 - INFO - 【分批平仓】BNBUSDT BUY 数量0.010000 (PARTIAL_STAGE1) 盈亏: +0.15% (+0.0153)
2025-11-08 10:04:24 - INFO - 【入场】DOTUSDT BUY @ 3.427000 (20.00 USDT, 信心度71.4%, 多因子3/5)
2025-11-08 10:04:25 - INFO - 【入场】ARBUSDT BUY @ 0.305800 (20.00 USDT, 信心度71.4%, 多因子3/5)
2025-11-08 10:04:26 - INFO - 【分批平仓】DOTUSDT BUY 数量0.762500 (PARTIAL_STAGE2) 盈亏: -0.06% (-0.0015)
2025-11-08 10:05:13 - INFO - 【分批平仓】ARBUSDT BUY 数量32.700000 (PARTIAL_STAGE1) 盈亏: +0.33% (+0.0327)
2025-11-08 10:05:48 - INFO - 【离场】DOTUSDT BUY @ 3.439000 (STOP_LOSS) 盈亏: +0.30% (+0.0590)
2025-11-08 10:10:23 - INFO - 【入场】ASTERUSDT SELL @ 1.114700 (20.00 USDT, 信心度71.4%, 多因子4/5)
2025-11-08 10:10:27 - INFO - 【分批平仓】ASTERUSDT SELL 数量2.125000 (PARTIAL_STAGE2) 盈亏: -0.13% (-0.0030)
2025-11-08 10:11:55 - INFO - 【离场】ASTERUSDT SELL @ 1.121500 (STOP_LOSS) 盈亏: -0.55% (-0.1041)
2025-11-08 10:12:12 - INFO - 【离场】ARUSDT SELL @ 7.612000 (STOP_LOSS) 盈亏: -0.73% (-0.1430)
2025-11-08 10:12:23 - INFO - 【入场】SOLUSDT BUY @ 162.740000 (20.00 USDT, 信心度71.4%, 多因子3/5)
2025-11-08 10:12:25 - INFO - 【入场】AVAXUSDT BUY @ 18.156000 (20.00 USDT, 信心度71.4%, 多因子3/5)
2025-11-08 10:12:27 - INFO - 【入场】ADAUSDT BUY @ 0.585400 (20.00 USDT, 信心度71.4%, 多因子3/5)
2025-11-08 10:17:30 - INFO - 【离场】AVAXUSDT BUY @ 18.120000 (STOP_LOSS) 盈亏: -0.20% (-0.0360)
2025-11-08 10:18:30 - INFO - 【分批平仓】SOLUSDT BUY 数量0.060000 (PARTIAL_STAGE1) 盈亏: +0.14% (+0.0138)
2025-11-08 10:19:22 - INFO - 【入场】SOLUSDT BUY @ 163.140000 (20.00 USDT, 信心度71.4%, 多因子3/5)
2025-11-08 10:19:26 - INFO - 【分批平仓】SOLUSDT BUY 数量0.015000 (PARTIAL_STAGE2) 盈亏: +0.01% (+0.0003)
2025-11-08 10:19:28 - INFO - 【分批平仓】ADAUSDT BUY 数量17.000000 (PARTIAL_STAGE1) 盈亏: +0.22% (+0.0221)
2025-11-08 10:19:56 - INFO - 【离场】SOLUSDT BUY @ 162.800000 (STOP_LOSS) 盈亏: -0.18% (-0.0354)
2025-11-08 10:30:24 - INFO - 【入场】AVAXUSDT BUY @ 18.212000 (20.00 USDT, 信心度71.4%, 多因子3/5)
2025-11-08 10:32:24 - INFO - 【入场】INJUSDT BUY @ 8.562000 (20.00 USDT, 信心度71.4%, 多因子4/5)
2025-11-08 10:34:35 - INFO - 【分批平仓】AVAXUSDT BUY 数量0.500000 (PARTIAL_STAGE1) 盈亏: +0.21% (+0.0190)
2025-11-08 10:37:24 - INFO - 【入场】DOGEUSDT BUY @ 0.182360 (20.00 USDT, 信心度71.4%, 多因子4/5)
2025-11-08 10:38:10 - INFO - 【分批平仓】DOGEUSDT BUY 数量54.500000 (PARTIAL_STAGE1) 盈亏: +0.15% (+0.0153)
2025-11-08 10:38:51 - INFO - 【分批平仓】INJUSDT BUY 数量1.150000 (PARTIAL_STAGE1) 盈亏: +1.06% (+0.1047)
2025-11-08 10:44:23 - INFO - 【入场】ZENUSDT BUY @ 20.277000 (20.00 USDT, 信心度71.4%, 多因子3/5)
2025-11-08 10:51:10 - INFO - 【离场】ZENUSDT BUY @ 20.121000 (STOP_LOSS) 盈亏: -0.77% (-0.1404)
2025-11-08 11:02:26 - INFO - 【入场】ZKUSDT BUY @ 0.060450 (20.00 USDT, 信心度71.4%, 多因子3/5)
2025-11-08 11:04:55 - INFO - 【分批平仓】ZKUSDT BUY 数量165.000000 (PARTIAL_STAGE1) 盈亏: +0.55% (+0.0545)
2025-11-08 11:08:24 - INFO - 【入场】APTUSDT BUY @ 3.209300 (20.00 USDT, 信心度71.4%, 多因子3/5)
2025-11-08 11:11:25 - INFO - 【入场】ORDIUSDT BUY @ 6.538000 (20.00 USDT, 信心度71.4%, 多因子3/5)
2025-11-08 11:13:31 - INFO - 【离场】APTUSDT BUY @ 3.189400 (STOP_LOSS) 盈亏: -0.62% (-0.1234)
2025-11-08 11:15:10 - INFO - 【分批平仓】ORDIUSDT BUY 数量1.500000 (PARTIAL_STAGE1) 盈亏: +1.67% (+0.1635)
2025-11-08 11:24:24 - INFO - 【入场】FILUSDT BUY @ 3.341000 (20.00 USDT, 信心度71.4%, 多因子3/5)
2025-11-08 11:29:28 - INFO - 【离场】FILUSDT BUY @ 3.288000 (STOP_LOSS) 盈亏: -1.59% (-0.3127)
2025-11-08 11:30:24 - INFO - 【入场】ZENUSDT SELL @ 19.668000 (20.00 USDT, 信心度71.4%, 多因子3/5)
2025-11-08 11:35:24 - INFO - 【入场】BLESSUSDT SELL @ 0.040810 (20.00 USDT, 信心度71.4%, 多因子3/5)
2025-11-08 11:35:58 - INFO - 【分批平仓】BLESSUSDT SELL 数量244.500000 (PARTIAL_STAGE1) 盈亏: +1.32% (+0.1296)
2025-11-08 11:40:38 - INFO - 【分批平仓】ZENUSDT SELL 数量0.500000 (PARTIAL_STAGE1) 盈亏: +0.59% (+0.0575)
2025-11-08 11:52:24 - INFO - 【入场】AIAUSDT SELL @ 6.916100 (20.00 USDT, 信心度71.4%, 多因子3/5)
2025-11-08 11:54:23 - INFO - 【入场】NEARUSDT SELL @ 2.703000 (20.00 USDT, 信心度71.4%, 多因子3/5)
2025-11-08 11:54:25 - INFO - 【入场】XPLUSDT SELL @ 0.323500 (20.00 USDT, 信心度85.7%, 多因子3/5)
2025-11-08 11:54:25 - INFO - 【分批平仓】AIAUSDT SELL 数量1.000000 (PARTIAL_STAGE1) 盈亏: +5.99% (+0.3911)
2025-11-08 11:55:52 - INFO - 【分批平仓】NEARUSDT SELL 数量3.500000 (PARTIAL_STAGE1) 盈亏: +0.48% (+0.0455)
2025-11-08 11:58:23 - INFO - 【入场】ASTERUSDT SELL @ 1.069100 (20.00 USDT, 信心度71.4%, 多因子3/5)
2025-11-08 11:59:20 - INFO - 【分批平仓】XPLUSDT SELL 数量30.500000 (PARTIAL_STAGE1) 盈亏: +0.56% (+0.0549)
2025-11-08 12:03:29 - INFO - 【离场】ASTERUSDT SELL @ 1.073500 (STOP_LOSS) 盈亏: -0.41% (-0.0792)
2025-11-08 12:20:23 - INFO - 【入场】GIGGLEUSDT SELL @ 136.300000 (20.00 USDT, 信心度71.4%, 多因子3/5)
2025-11-08 12:26:24 - INFO - 【入场】FILUSDT BUY @ 3.359000 (20.00 USDT, 信心度71.4%, 多因子4/5)
2025-11-08 12:28:05 - INFO - 【离场】GIGGLEUSDT SELL @ 137.870000 (STOP_LOSS) 盈亏: -1.15% (-0.2198)
2025-11-08 12:31:27 - INFO - 【离场】FILUSDT BUY @ 3.313000 (STOP_LOSS) 盈亏: -1.37% (-0.2714)
2025-11-08 12:51:23 - INFO - 【入场】SOONUSDT BUY @ 2.120100 (20.00 USDT, 信心度71.4%, 多因子3/5)
2025-11-08 13:04:24 - INFO - 【入场】ADAUSDT BUY @ 0.588600 (20.00 USDT, 信心度85.7%, 多因子3/5)
2025-11-08 13:04:30 - INFO - 【分批平仓】ADAUSDT BUY 数量4.250000 (PARTIAL_STAGE2) 盈亏: -0.02% (-0.0004)
2025-11-08 13:07:45 - INFO - 【分批平仓】SOONUSDT BUY 数量4.500000 (PARTIAL_STAGE1) 盈亏: +2.31% (+0.2201)
2025-11-08 13:10:12 - INFO - 【离场】ADAUSDT BUY @ 0.585400 (STOP_LOSS) 盈亏: -0.48% (-0.0924)
2025-11-08 13:10:24 - INFO - 【入场】SOLUSDT SELL @ 162.170000 (20.00 USDT, 信心度71.4%, 多因子3/5)
2025-11-08 13:10:27 - INFO - 【入场】HBARUSDT SELL @ 0.177100 (20.00 USDT, 信心度85.7%, 多因子3/5)
2025-11-08 13:14:25 - INFO - 【分批平仓】SOLUSDT SELL 数量0.060000 (PARTIAL_STAGE1) 盈亏: +0.23% (+0.0222)
2025-11-08 13:15:26 - INFO - 【入场】HYPEUSDT SELL @ 42.081000 (20.00 USDT, 信心度71.4%, 多因子3/5)
2025-11-08 13:15:59 - INFO - 【分批平仓】HYPEUSDT SELL 数量0.235000 (PARTIAL_STAGE1) 盈亏: +0.27% (+0.0270)
2025-11-08 13:16:06 - INFO - 【离场】HBARUSDT SELL @ 0.177410 (STOP_LOSS) 盈亏: -0.17% (-0.0347)
2025-11-08 13:34:24 - INFO - 【入场】APTUSDT SELL @ 3.101000 (20.00 USDT, 信心度71.4%, 多因子3/5)
2025-11-08 13:35:26 - INFO - 【入场】HYPEUSDT SELL @ 41.678000 (20.00 USDT, 信心度71.4%, 多因子3/5)
2025-11-08 13:35:33 - INFO - 【分批平仓】HYPEUSDT SELL 数量0.058750 (PARTIAL_STAGE2) 盈亏: -0.00% (-0.0001)
2025-11-08 13:37:21 - INFO - 【分批平仓】APTUSDT SELL 数量3.200000 (PARTIAL_STAGE1) 盈亏: +0.29% (+0.0285)
2025-11-08 13:38:26 - INFO - 【入场】0GUSDT BUY @ 1.310500 (20.00 USDT, 信心度71.4%, 多因子3/5)
2025-11-08 13:42:01 - INFO - 【离场】HYPEUSDT SELL @ 41.446000 (STOP_LOSS) 盈亏: +0.49% (+0.0953)
2025-11-08 13:43:53 - INFO - 【分批平仓】0GUSDT BUY 数量7.500000 (PARTIAL_STAGE1) 盈亏: +0.98% (+0.0967)
2025-11-08 14:08:24 - INFO - 【入场】UAIUSDT SELL @ 0.155300 (20.00 USDT, 信心度71.4%, 多因子3/5)
2025-11-08 14:15:52 - INFO - 【离场】UAIUSDT SELL @ 0.158100 (STOP_LOSS) 盈亏: -1.80% (-0.3612)
2025-11-08 15:15:25 - INFO - 【入场】ZECUSDT BUY @ 570.960000 (20.00 USDT, 信心度71.4%, 多因子3/5)
2025-11-08 15:17:25 - INFO - 【入场】MERLUSDT BUY @ 0.417380 (20.00 USDT, 信心度85.7%, 多因子3/5)
2025-11-08 15:18:23 - INFO - 【入场】SAPIENUSDT BUY @ 0.239960 (20.00 USDT, 信心度71.4%, 多因子3/5)
2025-11-08 15:21:13 - INFO - 【分批平仓】ZECUSDT BUY 数量0.014000 (PARTIAL_STAGE1) 盈亏: +1.16% (+0.0928)
2025-11-08 15:25:28 - INFO - 【离场】MERLUSDT BUY @ 0.411320 (STOP_LOSS) 盈亏: -1.45% (-0.2848)
2025-11-08 15:29:23 - INFO - 【入场】UAIUSDT BUY @ 0.173000 (20.00 USDT, 信心度85.7%, 多因子3/5)
2025-11-08 15:30:20 - INFO - 【分批平仓】UAIUSDT BUY 数量46.400000 (PARTIAL_STAGE1) 盈亏: +3.47% (+0.2784)
2025-11-08 15:35:37 - INFO - 【离场】SAPIENUSDT BUY @ 0.236630 (STOP_LOSS) 盈亏: -1.39% (-0.2764)
2025-11-08 15:52:23 - INFO - 【入场】ARUSDT BUY @ 7.580000 (20.00 USDT, 信心度71.4%, 多因子3/5)
2025-11-08 16:00:25 - INFO - 【离场】ARUSDT BUY @ 7.471000 (STOP_LOSS) 盈亏: -1.44% (-0.2834)
2025-11-08 16:08:23 - INFO - 【入场】FETUSDT BUY @ 0.369400 (20.00 USDT, 信心度71.4%, 多因子3/5)
2025-11-08 16:08:25 - INFO - 【入场】STRKUSDT BUY @ 0.132900 (20.00 USDT, 信心度71.4%, 多因子3/5)
2025-11-08 16:09:25 - INFO - 【入场】HBARUSDT BUY @ 0.176210 (20.00 USDT, 信心度71.4%, 多因子3/5)
2025-11-08 16:11:19 - INFO - 【分批平仓】STRKUSDT BUY 数量60.240000 (PARTIAL_STAGE1) 盈亏: +0.75% (+0.0602)
2025-11-08 16:16:25 - INFO - 【入场】ARBUSDT SELL @ 0.296100 (20.00 USDT, 信心度71.4%, 多因子3/5)
2025-11-08 16:16:30 - INFO - 【离场】FETUSDT BUY @ 0.364500 (STOP_LOSS) 盈亏: -1.33% (-0.2646)
2025-11-08 16:17:23 - INFO - 【入场】SOONUSDT BUY @ 2.062000 (20.00 USDT, 信心度71.4%, 多因子3/5)
2025-11-08 16:17:27 - INFO - 【离场】HBARUSDT BUY @ 0.175090 (STOP_LOSS) 盈亏: -0.64% (-0.1266)
2025-11-08 16:23:24 - INFO - 【入场】FETUSDT BUY @ 0.376700 (20.00 USDT, 信心度85.7%, 多因子3/5)
2025-11-08 16:24:25 - INFO - 【入场】HBARUSDT BUY @ 0.175840 (20.00 USDT, 信心度71.4%, 多因子3/5)
2025-11-08 16:24:31 - INFO - 【离场】ARBUSDT SELL @ 0.298000 (STOP_LOSS) 盈亏: -0.64% (-0.1281)
2025-11-08 16:25:24 - INFO - 【入场】DOGEUSDT BUY @ 0.180370 (20.00 USDT, 信心度71.4%, 多因子3/5)
2025-11-08 16:25:28 - INFO - 【入场】ONDOUSDT BUY @ 0.663300 (20.00 USDT, 信心度71.4%, 多因子3/5)
2025-11-08 16:25:32 - INFO - 【离场】SOONUSDT BUY @ 2.029800 (STOP_LOSS) 盈亏: -1.56% (-0.2898)
2025-11-08 16:27:25 - INFO - 【分批平仓】HBARUSDT BUY 数量45.200000 (PARTIAL_STAGE1) 盈亏: +0.39% (+0.0312)
2025-11-08 16:27:46 - INFO - 【入场】XRPUSDT BUY @ 2.331400 (20.00 USDT, 信心度71.4%, 多因子3/5)
2025-11-08 16:27:49 - INFO - 【入场】SOLUSDT BUY @ 161.390000 (20.00 USDT, 信心度71.4%, 多因子3/5)
2025-11-08 16:33:42 - INFO - 【分批平仓】ONDOUSDT BUY 数量12.040000 (PARTIAL_STAGE1) 盈亏: +0.36% (+0.0289)
2025-11-08 16:34:04 - INFO - 【分批平仓】DOGEUSDT BUY 数量44.000000 (PARTIAL_STAGE1) 盈亏: +0.34% (+0.0273)
2025-11-08 16:34:24 - INFO - 【入场】MERLUSDT BUY @ 0.409630 (20.00 USDT, 信心度71.4%, 多因子3/5)
2025-11-08 16:35:22 - INFO - 【分批平仓】FETUSDT BUY 数量21.200000 (PARTIAL_STAGE1) 盈亏: +1.51% (+0.1208)
2025-11-08 16:36:18 - INFO - 【分批平仓】SOLUSDT BUY 数量0.048000 (PARTIAL_STAGE1) 盈亏: +0.25% (+0.0197)
2025-11-08 16:38:58 - INFO - 【离场】XRPUSDT BUY @ 2.326900 (STOP_LOSS) 盈亏: -0.19% (-0.0382)
2025-11-08 16:55:37 - INFO - 【分批平仓】MERLUSDT BUY 数量19.200000 (PARTIAL_STAGE1) 盈亏: +0.78% (+0.0614)
2025-11-08 17:14:24 - INFO - 【入场】WIFUSDT BUY @ 0.471500 (20.00 USDT, 信心度71.4%, 多因子4/5)
2025-11-08 17:19:03 - INFO - 【分批平仓】WIFUSDT BUY 数量16.960000 (PARTIAL_STAGE1) 盈亏: +0.38% (+0.0305)
2025-11-08 17:31:24 - INFO - 【入场】HUSDT SELL @ 0.192160 (20.00 USDT, 信心度71.4%, 多因子3/5)
2025-11-08 17:38:31 - INFO - 【分批平仓】HUSDT SELL 数量41.600000 (PARTIAL_STAGE1) 盈亏: +1.54% (+0.1211)
2025-11-08 17:47:23 - INFO - 【入场】XPLUSDT SELL @ 0.305000 (20.00 USDT, 信心度71.4%, 多因子3/5)
2025-11-08 18:02:21 - INFO - 【离场】XPLUSDT SELL @ 0.306200 (STOP_LOSS) 盈亏: -0.39% (-0.0780)
2025-11-08 18:13:24 - INFO - 【入场】TIAUSDT SELL @ 0.999700 (20.00 USDT, 信心度71.4%, 多因子3/5)
2025-11-08 18:29:24 - INFO - 【入场】FOLKSUSDT BUY @ 6.338000 (20.00 USDT, 信心度71.4%, 多因子3/5)
2025-11-08 18:30:07 - INFO - 【分批平仓】FOLKSUSDT BUY 数量1.240000 (PARTIAL_STAGE1) 盈亏: +2.75% (+0.2158)
2025-11-08 18:30:31 - INFO - 【离场】TIAUSDT SELL @ 1.012000 (STOP_LOSS) 盈亏: -1.23% (-0.2337)
2025-11-08 18:50:24 - INFO - 【入场】ZKUSDT BUY @ 0.059780 (20.00 USDT, 信心度71.4%, 多因子3/5)
2025-11-08 18:51:25 - INFO - 【入场】MERLUSDT BUY @ 0.417820 (20.00 USDT, 信心度85.7%, 多因子3/5)
2025-11-08 18:51:29 - INFO - 【离场】MERLUSDT BUY @ 0.417670 (TIME_STOP) 盈亏: -0.04% (-0.0071)
2025-11-08 18:58:25 - INFO - 【入场】WLDUSDT BUY @ 0.828800 (20.00 USDT, 信心度85.7%, 多因子3/5)
2025-11-08 19:01:23 - INFO - 【入场】GIGGLEUSDT SELL @ 125.700000 (20.00 USDT, 信心度71.4%, 多因子3/5)
2025-11-08 19:05:30 - INFO - 【分批平仓】WLDUSDT BUY 数量9.600000 (PARTIAL_STAGE1) 盈亏: +0.29% (+0.0230)
2025-11-08 19:06:02 - INFO - 【分批平仓】ZKUSDT BUY 数量133.600000 (PARTIAL_STAGE1) 盈亏: +0.72% (+0.0574)
2025-11-08 19:08:52 - INFO - 【离场】GIGGLEUSDT SELL @ 129.890000 (STOP_LOSS) 盈亏: -3.33% (-0.6285)
2025-11-08 19:13:24 - INFO - 【入场】HYPEUSDT BUY @ 41.587000 (20.00 USDT, 信心度71.4%, 多因子4/5)
2025-11-08 19:13:26 - INFO - 【入场】ENAUSDT BUY @ 0.322600 (20.00 USDT, 信心度71.4%, 多因子3/5)
2025-11-08 19:22:01 - INFO - 【分批平仓】HYPEUSDT BUY 数量0.192000 (PARTIAL_STAGE1) 盈亏: +0.39% (+0.0315)
2025-11-08 19:22:19 - INFO - 【离场】ENAUSDT BUY @ 0.321600 (STOP_LOSS) 盈亏: -0.31% (-0.0610)
2025-11-08 19:55:24 - INFO - 【入场】XRPUSDT SELL @ 2.292500 (20.00 USDT, 信心度71.4%, 多因子3/5)
2025-11-08 20:05:10 - INFO - 【离场】XRPUSDT SELL @ 2.297100 (STOP_LOSS) 盈亏: -0.20% (-0.0400)
2025-11-08 20:47:26 - INFO - 【入场】ZENUSDT SELL @ 14.605000 (20.00 USDT, 信心度71.4%, 多因子3/5)
2025-11-08 20:54:28 - INFO - 【入场】TIAUSDT BUY @ 1.039000 (20.00 USDT, 信心度71.4%, 多因子3/5)
2025-11-08 21:02:53 - INFO - 【离场】TIAUSDT BUY @ 1.034400 (STOP_LOSS) 盈亏: -0.44% (-0.0874)
2025-11-08 21:05:23 - INFO - 【入场】ZECUSDT SELL @ 544.390000 (20.00 USDT, 信心度71.4%, 多因子3/5)
2025-11-08 21:05:26 - INFO - 【离场】ZECUSDT SELL @ 545.080000 (TIME_STOP) 盈亏: -0.13% (-0.0248)
2025-11-08 21:11:17 - INFO - 【离场】ZENUSDT SELL @ 14.732000 (STOP_LOSS) 盈亏: -0.87% (-0.1651)
2025-11-08 21:16:25 - INFO - 【入场】ZKUSDT BUY @ 0.060030 (20.00 USDT, 信心度85.7%, 多因子3/5)
2025-11-08 21:16:29 - INFO - 【离场】ZKUSDT BUY @ 0.060030 (TIME_STOP) 盈亏: +0.00% (+0.0000)
2025-11-08 21:24:26 - INFO - 【入场】FOLKSUSDT BUY @ 7.234000 (20.00 USDT, 信心度71.4%, 多因子3/5)
2025-11-08 21:24:30 - INFO - 【离场】FOLKSUSDT BUY @ 7.226000 (TIME_STOP) 盈亏: -0.11% (-0.0216)
2025-11-08 22:20:26 - INFO - 【入场】AIAUSDT SELL @ 5.338600 (20.00 USDT, 信心度71.4%, 多因子3/5)
2025-11-08 22:20:29 - INFO - 【入场】UAIUSDT BUY @ 0.213500 (20.00 USDT, 信心度85.7%, 多因子3/5)
2025-11-08 22:20:34 - INFO - 【离场】UAIUSDT BUY @ 0.213800 (TIME_STOP) 盈亏: +0.14% (+0.0282)
2025-11-08 22:21:47 - INFO - 【分批平仓】AIAUSDT SELL 数量1.200000 (PARTIAL_STAGE1) 盈亏: +3.41% (+0.2111)
2025-11-09 22:21:19 - INFO - 【入场】ZENUSDT BUY @ 15.976000 (20.00 USDT, 信心度71.4%, 多因子3/5)
2025-11-09 22:21:28 - INFO - 【入场】LAYERUSDT BUY @ 0.251600 (20.00 USDT, 信心度71.4%, 多因子3/5)
2025-11-09 22:25:38 - INFO - 【分批平仓】ZENUSDT BUY 数量0.480000 (PARTIAL_STAGE1) 盈亏: +1.60% (+0.1229)
2025-11-09 22:28:29 - INFO - 【分批平仓】LAYERUSDT BUY 数量31.760000 (PARTIAL_STAGE1) 盈亏: +0.99% (+0.0794)
2025-11-09 22:30:30 - INFO - 【入场】API3USDT BUY @ 0.680800 (20.00 USDT, 信心度71.4%, 多因子3/5)
2025-11-09 22:39:36 - INFO - 【离场】API3USDT BUY @ 0.675400 (STOP_LOSS) 盈亏: -0.79% (-0.1582)
2025-11-09 22:57:21 - INFO - 【入场】KITEUSDT BUY @ 0.087010 (20.00 USDT, 信心度71.4%, 多因子3/5)
2025-11-09 23:06:18 - INFO - 【分批平仓】KITEUSDT BUY 数量91.600000 (PARTIAL_STAGE1) 盈亏: +2.53% (+0.2015)
2025-11-09 23:06:28 - INFO - 【入场】COMMONUSDT BUY @ 0.013091 (20.00 USDT, 信心度71.4%, 多因子3/5)
2025-11-09 23:18:17 - INFO - 【入场】SOLUSDT BUY @ 162.000000 (20.00 USDT, 信心度85.7%, 多因子3/5)
2025-11-09 23:18:26 - INFO - 【入场】SOONUSDT BUY @ 2.230100 (20.00 USDT, 信心度71.4%, 多因子3/5)
2025-11-09 23:18:31 - INFO - 【入场】PUMPUSDT BUY @ 0.003940 (20.00 USDT, 信心度71.4%, 多因子3/5)
2025-11-09 23:27:21 - INFO - 【入场】TAOUSDT BUY @ 379.320000 (20.00 USDT, 信心度71.4%, 多因子3/5)
2025-11-09 23:32:28 - INFO - 【分批平仓】TAOUSDT BUY 数量0.020800 (PARTIAL_STAGE1) 盈亏: +0.99% (+0.0784)
2025-11-09 23:32:30 - INFO - 【分批平仓】COMMONUSDT BUY 数量610.800000 (PARTIAL_STAGE1) 盈亏: +2.04% (+0.1631)
2025-11-09 23:35:57 - INFO - 【分批平仓】SOLUSDT BUY 数量0.048000 (PARTIAL_STAGE1) 盈亏: +0.67% (+0.0518)
2025-11-09 23:36:24 - INFO - 【入场】APRUSDT BUY @ 0.384880 (20.00 USDT, 信心度85.7%, 多因子3/5)
2025-11-09 23:44:46 - INFO - 【分批平仓】PUMPUSDT BUY 数量2029.200000 (PARTIAL_STAGE1) 盈亏: +1.52% (+0.1218)
2025-11-09 23:48:25 - INFO - 【离场】SOONUSDT BUY @ 2.187900 (STOP_LOSS) 盈亏: -1.89% (-0.3376)
2025-11-10 00:00:23 - INFO - 【入场】XPLUSDT SELL @ 0.291700 (20.00 USDT, 信心度71.4%, 多因子3/5)
2025-11-10 00:01:14 - INFO - 【分批平仓】APRUSDT BUY 数量20.400000 (PARTIAL_STAGE1) 盈亏: +8.97% (+0.7042)
2025-11-10 00:16:47 - INFO - 【分批平仓】XPLUSDT SELL 数量27.200000 (PARTIAL_STAGE1) 盈亏: +1.18% (+0.0925)
2025-11-10 00:21:16 - INFO - 【入场】TRUTHUSDT BUY @ 0.040023 (20.00 USDT, 信心度71.4%, 多因子3/5)
2025-11-10 00:21:21 - INFO - 【入场】ZENUSDT BUY @ 17.013000 (20.00 USDT, 信心度71.4%, 多因子3/5)
2025-11-10 00:21:28 - INFO - 【离场】ZENUSDT BUY @ 17.005000 (TIME_STOP) 盈亏: -0.05% (-0.0088)
2025-11-10 00:36:24 - INFO - 【离场】TRUTHUSDT BUY @ 0.038391 (STOP_LOSS) 盈亏: -4.08% (-0.8160)
2025-11-10 00:45:20 - INFO - 【入场】NEARUSDT BUY @ 2.897000 (20.00 USDT, 信心度71.4%, 多因子3/5)
2025-11-10 00:45:22 - INFO - 【入场】SUIUSDT BUY @ 2.123400 (20.00 USDT, 信心度71.4%, 多因子3/5)
2025-11-10 00:48:01 - INFO - 【分批平仓】NEARUSDT BUY 数量2.400000 (PARTIAL_STAGE1) 盈亏: +1.55% (+0.1080)
2025-11-10 00:48:18 - INFO - 【入场】SOLUSDT BUY @ 162.760000 (20.00 USDT, 信心度71.4%, 多因子3/5)
2025-11-10 00:48:20 - INFO - 【入场】DOGEUSDT BUY @ 0.178520 (20.00 USDT, 信心度71.4%, 多因子3/5)
2025-11-10 00:48:25 - INFO - 【离场】SOLUSDT BUY @ 162.710000 (TIME_STOP) 盈亏: -0.03% (-0.0060)
2025-11-10 00:48:25 - INFO - 【入场】AVAXUSDT BUY @ 17.773000 (20.00 USDT, 信心度71.4%, 多因子3/5)
2025-11-10 00:48:30 - INFO - 【入场】ADAUSDT BUY @ 0.575200 (20.00 USDT, 信心度71.4%, 多因子3/5)
2025-11-10 00:51:14 - INFO - 【分批平仓】ADAUSDT BUY 数量13.600000 (PARTIAL_STAGE1) 盈亏: +0.57% (+0.0449)
2025-11-10 00:51:21 - INFO - 【分批平仓】SUIUSDT BUY 数量3.760000 (PARTIAL_STAGE1) 盈亏: +0.87% (+0.0696)
2025-11-10 00:51:22 - INFO - 【入场】ADAUSDT BUY @ 0.578600 (20.00 USDT, 信心度71.4%, 多因子4/5)
2025-11-10 01:09:24 - INFO - 【入场】KITEUSDT BUY @ 0.093760 (20.00 USDT, 信心度71.4%, 多因子3/5)
2025-11-10 01:09:28 - INFO - 【离场】KITEUSDT BUY @ 0.093960 (TIME_STOP) 盈亏: +0.21% (+0.0424)
2025-11-10 01:12:15 - INFO - 【离场】ADAUSDT BUY @ 0.575200 (STOP_LOSS) 盈亏: -0.59% (-0.1156)
2025-11-10 01:12:17 - INFO - 【入场】ZECUSDT BUY @ 649.870000 (20.00 USDT, 信心度85.7%, 多因子3/5)
2025-11-10 01:12:22 - INFO - 【入场】ZENUSDT BUY @ 16.966000 (20.00 USDT, 信心度71.4%, 多因子3/5)
2025-11-10 01:12:28 - INFO - 【入场】KITEUSDT BUY @ 0.092970 (20.00 USDT, 信心度71.4%, 多因子3/5)
2025-11-10 01:15:19 - INFO - 【入场】XMRUSDT BUY @ 430.580000 (20.00 USDT, 信心度85.7%, 多因子3/5)
2025-11-10 01:15:21 - INFO - 【离场】KITEUSDT BUY @ 0.090200 (STOP_LOSS) 盈亏: -2.98% (-0.5928)
2025-11-10 01:15:26 - INFO - 【入场】MERLUSDT SELL @ 0.360840 (20.00 USDT, 信心度71.4%, 多因子3/5)
2025-11-10 01:19:23 - INFO - 【离场】ZENUSDT BUY @ 16.415000 (STOP_LOSS) 盈亏: -3.25% (-0.6061)
2025-11-10 01:20:18 - INFO - 【离场】AVAXUSDT BUY @ 17.636000 (STOP_LOSS) 盈亏: -0.77% (-0.1370)
2025-11-10 01:20:19 - INFO - 【离场】DOGEUSDT BUY @ 0.177230 (STOP_LOSS) 盈亏: -0.72% (-0.1445)
2025-11-10 01:30:13 - INFO - 【分批平仓】XMRUSDT BUY 数量0.018400 (PARTIAL_STAGE1) 盈亏: +1.45% (+0.1152)
2025-11-10 01:48:13 - INFO - 【离场】MERLUSDT SELL @ 0.366610 (STOP_LOSS) 盈亏: -1.60% (-0.3173)
2025-11-10 01:57:18 - INFO - 【入场】DASHUSDT BUY @ 86.410000 (20.00 USDT, 信心度71.4%, 多因子3/5)
2025-11-10 02:06:26 - INFO - 【入场】MINAUSDT SELL @ 0.160500 (20.00 USDT, 信心度71.4%, 多因子3/5)
2025-11-10 02:21:09 - INFO - 【分批平仓】ZECUSDT BUY 数量0.012000 (PARTIAL_STAGE1) 盈亏: +1.66% (+0.1294)
2025-11-10 02:24:02 - INFO - 【分批平仓】DASHUSDT BUY 数量0.092400 (PARTIAL_STAGE1) 盈亏: +1.41% (+0.1127)
2025-11-10 02:39:22 - INFO - 【入场】FLUXUSDT BUY @ 0.189400 (20.00 USDT, 信心度85.7%, 多因子3/5)
2025-11-10 02:40:27 - INFO - 【离场】MINAUSDT SELL @ 0.161500 (STOP_LOSS) 盈亏: -0.62% (-0.1240)
2025-11-10 02:59:28 - INFO - 【分批平仓】FLUXUSDT BUY 数量42.000000 (PARTIAL_STAGE1) 盈亏: +1.11% (+0.0882)
2025-11-10 03:03:14 - INFO - 【入场】ICPUSDT BUY @ 7.868000 (20.00 USDT, 信心度71.4%, 多因子3/5)
2025-11-10 03:06:19 - INFO - 【入场】UAIUSDT BUY @ 0.181100 (20.00 USDT, 信心度71.4%, 多因子3/5)
2025-11-10 03:12:15 - INFO - 【分批平仓】UAIUSDT BUY 数量44.000000 (PARTIAL_STAGE1) 盈亏: +2.32% (+0.1848)
2025-11-10 03:12:21 - INFO - 【入场】KITEUSDT BUY @ 0.093390 (20.00 USDT, 信心度71.4%, 多因子3/5)
2025-11-10 03:15:23 - INFO - 【入场】HIPPOUSDT SELL @ 0.007131 (20.00 USDT, 信心度71.4%, 多因子3/5)
2025-11-10 03:17:23 - INFO - 【分批平仓】ICPUSDT BUY 数量0.800000 (PARTIAL_STAGE1) 盈亏: +2.24% (+0.1408)
2025-11-10 03:20:23 - INFO - 【离场】KITEUSDT BUY @ 0.091730 (STOP_LOSS) 盈亏: -1.78% (-0.3552)
2025-11-10 03:29:54 - INFO - 【离场】HIPPOUSDT SELL @ 0.007205 (STOP_LOSS) 盈亏: -1.04% (-0.2075)
2025-11-10 03:30:19 - INFO - 【入场】HYPEUSDT BUY @ 42.151000 (20.00 USDT, 信心度71.4%, 多因子3/5)
2025-11-10 03:33:23 - INFO - 【入场】STRKUSDT BUY @ 0.152800 (20.00 USDT, 信心度71.4%, 多因子3/5)
2025-11-10 03:39:16 - INFO - 【入场】SOLUSDT BUY @ 165.320000 (20.00 USDT, 信心度71.4%, 多因子3/5)
2025-11-10 03:39:24 - INFO - 【入场】MERLUSDT BUY @ 0.364660 (20.00 USDT, 信心度71.4%, 多因子3/5)
2025-11-10 03:45:17 - INFO - 【入场】DASHUSDT BUY @ 87.080000 (20.00 USDT, 信心度71.4%, 多因子3/5)
2025-11-10 03:45:22 - INFO - 【离场】DASHUSDT BUY @ 87.000000 (TIME_STOP) 盈亏: -0.09% (-0.0183)
2025-11-10 03:51:44 - INFO - 【分批平仓】HYPEUSDT BUY 数量0.188000 (PARTIAL_STAGE1) 盈亏: +0.69% (+0.0545)
2025-11-10 03:57:17 - INFO - 【入场】DASHUSDT BUY @ 86.860000 (20.00 USDT, 信心度71.4%, 多因子3/5)
2025-11-10 04:02:46 - INFO - 【分批平仓】SOLUSDT BUY 数量0.048000 (PARTIAL_STAGE1) 盈亏: +0.59% (+0.0466)
2025-11-10 04:03:03 - INFO - 【分批平仓】DASHUSDT BUY 数量0.092000 (PARTIAL_STAGE1) 盈亏: +1.09% (+0.0874)
2025-11-10 04:16:34 - INFO - 【离场】MERLUSDT BUY @ 0.361230 (STOP_LOSS) 盈亏: -0.94% (-0.1852)
2025-11-10 04:21:17 - INFO - 【入场】AIAUSDT BUY @ 5.429200 (20.00 USDT, 信心度71.4%, 多因子3/5)
2025-11-10 04:25:58 - INFO - 【离场】AIAUSDT BUY @ 5.235500 (STOP_LOSS) 盈亏: -3.57% (-0.5811)
2025-11-10 04:28:30 - INFO - 【离场】STRKUSDT BUY @ 0.150300 (STOP_LOSS) 盈亏: -1.64% (-0.3270)
2025-11-10 04:39:14 - INFO - 【入场】TRUTHUSDT BUY @ 0.038206 (20.00 USDT, 信心度85.7%, 多因子3/5)
2025-11-10 04:45:22 - INFO - 【入场】MERLUSDT BUY @ 0.367390 (20.00 USDT, 信心度85.7%, 多因子3/5)
2025-11-10 04:54:37 - INFO - 【离场】MERLUSDT BUY @ 0.363570 (STOP_LOSS) 盈亏: -1.04% (-0.2063)
2025-11-10 05:27:21 - INFO - 【入场】ARUSDT BUY @ 5.920000 (20.00 USDT, 信心度85.7%, 多因子3/5)
2025-11-10 05:42:23 - INFO - 【入场】LAYERUSDT BUY @ 0.255300 (20.00 USDT, 信心度71.4%, 多因子3/5)
2025-11-10 05:42:28 - INFO - 【离场】LAYERUSDT BUY @ 0.255300 (TIME_STOP) 盈亏: +0.00% (+0.0000)
2025-11-10 05:43:16 - INFO - 【分批平仓】TRUTHUSDT BUY 数量209.200000 (PARTIAL_STAGE1) 盈亏: +3.22% (+0.2571)
2025-11-10 05:51:33 - INFO - 【离场】ARUSDT BUY @ 5.860000 (STOP_LOSS) 盈亏: -1.01% (-0.1980)
2025-11-10 06:36:27 - INFO - 【入场】RIVERUSDT BUY @ 7.205000 (20.00 USDT, 信心度71.4%, 多因子3/5)
2025-11-10 06:51:25 - INFO - 【入场】COMMONUSDT BUY @ 0.012912 (20.00 USDT, 信心度71.4%, 多因子3/5)
2025-11-10 06:51:30 - INFO - 【离场】COMMONUSDT BUY @ 0.012897 (TIME_STOP) 盈亏: -0.12% (-0.0232)
2025-11-10 06:57:16 - INFO - 【入场】SOLUSDT BUY @ 165.580000 (20.00 USDT, 信心度85.7%, 多因子3/5)
2025-11-10 06:57:21 - INFO - 【离场】SOLUSDT BUY @ 165.410000 (TIME_STOP) 盈亏: -0.10% (-0.0204)
2025-11-10 07:00:25 - INFO - 【入场】INJUSDT BUY @ 7.595000 (20.00 USDT, 信心度71.4%, 多因子3/5)
2025-11-10 07:02:21 - INFO - 【分批平仓】INJUSDT BUY 数量1.040000 (PARTIAL_STAGE1) 盈亏: +0.67% (+0.0530)
2025-11-10 07:12:35 - INFO - 【分批平仓】RIVERUSDT BUY 数量1.080000 (PARTIAL_STAGE1) 盈亏: +0.89% (+0.0691)
2025-11-10 07:45:15 - INFO - 【入场】TRUTHUSDT BUY @ 0.042078 (20.00 USDT, 信心度71.4%, 多因子3/5)
2025-11-10 07:45:18 - INFO - 【离场】TRUTHUSDT BUY @ 0.042108 (TIME_STOP) 盈亏: +0.07% (+0.0142)
2025-11-10 07:54:16 - INFO - 【入场】TRUTHUSDT BUY @ 0.042409 (20.00 USDT, 信心度71.4%, 多因子3/5)
2025-11-10 07:57:16 - INFO - 【入场】ASTERUSDT BUY @ 1.101300 (20.00 USDT, 信心度71.4%, 多因子3/5)
2025-11-10 08:02:42 - INFO - 【离场】TRUTHUSDT BUY @ 0.041316 (STOP_LOSS) 盈亏: -2.58% (-0.5148)
2025-11-10 08:04:32 - INFO - 【分批平仓】ASTERUSDT BUY 数量7.200000 (PARTIAL_STAGE1) 盈亏: +0.83% (+0.0655)
2025-11-10 08:24:14 - INFO - 【入场】DOGEUSDT BUY @ 0.180360 (20.00 USDT, 信心度71.4%, 多因子3/5)
2025-11-10 08:37:13 - INFO - 【分批平仓】DOGEUSDT BUY 数量44.000000 (PARTIAL_STAGE1) 盈亏: +0.60% (+0.0475)
2025-11-10 08:39:15 - INFO - 【入场】XRPUSDT BUY @ 2.394000 (20.00 USDT, 信心度71.4%, 多因子3/5)
2025-11-10 08:39:17 - INFO - 【入场】SOLUSDT BUY @ 166.390000 (20.00 USDT, 信心度71.4%, 多因子3/5)
2025-11-10 08:42:19 - INFO - 【入场】TRUTHUSDT BUY @ 0.040964 (20.00 USDT, 信心度71.4%, 多因子3/5)
2025-11-10 08:48:16 - INFO - 【分批平仓】SOLUSDT BUY 数量0.048000 (PARTIAL_STAGE1) 盈亏: +0.73% (+0.0581)
2025-11-10 08:48:17 - INFO - 【分批平仓】XRPUSDT BUY 数量3.320000 (PARTIAL_STAGE1) 盈亏: +1.01% (+0.0800)
2025-11-10 08:51:17 - INFO - 【入场】ASTERUSDT BUY @ 1.132200 (20.00 USDT, 信心度85.7%, 多因子3/5)
2025-11-10 08:51:21 - INFO - 【分批平仓】ASTERUSDT BUY 数量3.240000 (PARTIAL_STAGE2) 盈亏: -0.11% (-0.0042)
2025-11-10 08:52:22 - INFO - 【离场】ASTERUSDT BUY @ 1.125200 (STOP_LOSS) 盈亏: -0.52% (-0.1005)
2025-11-10 08:54:17 - INFO - 【入场】ASTERUSDT BUY @ 1.127100 (20.00 USDT, 信心度71.4%, 多因子3/5)
2025-11-10 09:00:20 - INFO - 【入场】XPLUSDT BUY @ 0.326600 (20.00 USDT, 信心度71.4%, 多因子3/5)
2025-11-10 09:00:27 - INFO - 【离场】XPLUSDT BUY @ 0.327000 (TIME_STOP) 盈亏: +0.12% (+0.0244)
2025-11-10 09:52:33 - INFO - 【入场】XPLUSDT BUY @ 0.323300 (20.00 USDT, 信心度71.4%, 多因子3/5)
2025-11-10 09:52:45 - INFO - 【入场】APRUSDT BUY @ 0.291380 (20.00 USDT, 信心度71.4%, 多因子3/5)
2025-11-10 09:52:52 - INFO - 【离场】APRUSDT BUY @ 0.291200 (TIME_STOP) 盈亏: -0.06% (-0.0122)
2025-11-10 09:53:36 - INFO - 【分批平仓】TRUTHUSDT BUY 数量195.200000 (PARTIAL_STAGE1) 盈亏: +3.33% (+0.2664)
2025-11-10 09:54:15 - INFO - 【分批平仓】ASTERUSDT BUY 数量6.800000 (PARTIAL_STAGE1) 盈亏: +1.38% (+0.1054)
2025-11-10 10:00:50 - INFO - 【离场】XPLUSDT BUY @ 0.317800 (STOP_LOSS) 盈亏: -1.70% (-0.3355)
2025-11-10 10:28:53 - INFO - 【入场】WIFUSDT BUY @ 0.489400 (20.00 USDT, 信心度71.4%, 多因子3/5)
2025-11-10 10:34:51 - INFO - 【入场】STRKUSDT BUY @ 0.152900 (20.00 USDT, 信心度71.4%, 多因子3/5)
2025-11-10 10:37:51 - INFO - 【入场】ARUSDT SELL @ 5.731000 (20.00 USDT, 信心度71.4%, 多因子3/5)
2025-11-10 10:37:55 - INFO - 【入场】FLUXUSDT SELL @ 0.183100 (20.00 USDT, 信心度71.4%, 多因子3/5)
2025-11-10 10:38:01 - INFO - 【离场】FLUXUSDT SELL @ 0.183200 (TIME_STOP) 盈亏: -0.05% (-0.0109)
2025-11-10 10:39:13 - INFO - 【离场】WIFUSDT BUY @ 0.487100 (STOP_LOSS) 盈亏: -0.47% (-0.0938)
2025-11-10 10:43:46 - INFO - 【入场】ZENUSDT SELL @ 15.035000 (20.00 USDT, 信心度85.7%, 多因子3/5)
2025-11-10 11:01:43 - INFO - 【入场】SOLUSDT BUY @ 168.140000 (20.00 USDT, 信心度71.4%, 多因子3/5)
2025-11-10 11:01:45 - INFO - 【入场】BNBUSDT BUY @ 1016.000000 (20.00 USDT, 信心度71.4%, 多因子3/5)
2025-11-10 11:01:48 - INFO - 【离场】SOLUSDT BUY @ 168.080000 (TIME_STOP) 盈亏: -0.04% (-0.0066)
2025-11-10 11:01:49 - INFO - 【入场】ASTERUSDT BUY @ 1.150800 (20.00 USDT, 信心度71.4%, 多因子3/5)
2025-11-10 11:01:53 - INFO - 【入场】AVAXUSDT BUY @ 18.021000 (20.00 USDT, 信心度71.4%, 多因子3/5)
2025-11-10 11:01:55 - INFO - 【离场】ASTERUSDT BUY @ 1.150200 (TIME_STOP) 盈亏: -0.05% (-0.0102)
2025-11-10 11:02:01 - INFO - 【入场】HBARUSDT BUY @ 0.181110 (20.00 USDT, 信心度71.4%, 多因子3/5)
2025-11-10 11:03:15 - INFO - 【离场】ARUSDT SELL @ 5.795000 (STOP_LOSS) 盈亏: -1.12% (-0.2176)
2025-11-10 11:04:42 - INFO - 【入场】SOLUSDT BUY @ 168.640000 (20.00 USDT, 信心度71.4%, 多因子3/5)
2025-11-10 11:04:52 - INFO - 【分批平仓】AVAXUSDT BUY 数量0.400000 (PARTIAL_STAGE1) 盈亏: +0.49% (+0.0352)
2025-11-10 11:04:56 - INFO - 【入场】WLDUSDT BUY @ 0.830400 (20.00 USDT, 信心度71.4%, 多因子3/5)
2025-11-10 11:09:46 - INFO - 【离场】ZENUSDT SELL @ 15.260000 (STOP_LOSS) 盈亏: -1.50% (-0.2925)
2025-11-10 11:10:42 - INFO - 【入场】ZECUSDT BUY @ 647.210000 (20.00 USDT, 信心度71.4%, 多因子3/5)
2025-11-10 11:10:44 - INFO - 【离场】ZECUSDT BUY @ 647.210000 (TIME_STOP) 盈亏: +0.00% (+0.0000)
2025-11-10 11:10:46 - INFO - 【入场】DASHUSDT BUY @ 84.340000 (20.00 USDT, 信心度71.4%, 多因子3/5)
2025-11-10 11:10:51 - INFO - 【离场】DASHUSDT BUY @ 84.330000 (TIME_STOP) 盈亏: -0.01% (-0.0024)
2025-11-10 11:10:53 - INFO - 【入场】TRUMPUSDT BUY @ 7.927000 (20.00 USDT, 信心度71.4%, 多因子3/5)
2025-11-10 11:12:47 - INFO - 【离场】SOLUSDT BUY @ 167.490000 (STOP_LOSS) 盈亏: -0.68% (-0.1265)
2025-11-10 11:16:42 - INFO - 【入场】FILUSDT BUY @ 2.790000 (20.00 USDT, 信心度85.7%, 多因子3/5)
2025-11-10 11:17:46 - INFO - 【分批平仓】STRKUSDT BUY 数量52.360000 (PARTIAL_STAGE1) 盈亏: +1.31% (+0.1047)
2025-11-10 11:18:57 - INFO - 【离场】TRUMPUSDT BUY @ 7.872000 (STOP_LOSS) 盈亏: -0.69% (-0.1386)
2025-11-10 11:21:25 - INFO - 【分批平仓】FILUSDT BUY 数量2.840000 (PARTIAL_STAGE1) 盈亏: +1.68% (+0.1335)
2025-11-10 11:32:21 - INFO - 【离场】BNBUSDT BUY @ 1011.150000 (STOP_LOSS) 盈亏: -0.48% (-0.0485)
2025-11-10 11:40:25 - INFO - 【分批平仓】HBARUSDT BUY 数量44.000000 (PARTIAL_STAGE1) 盈亏: +0.70% (+0.0559)
2025-11-10 11:40:55 - INFO - 【入场】XLMUSDT BUY @ 0.294310 (20.00 USDT, 信心度71.4%, 多因子3/5)
2025-11-10 11:43:46 - INFO - 【入场】TAOUSDT BUY @ 392.820000 (20.00 USDT, 信心度71.4%, 多因子3/5)
2025-11-10 11:43:53 - INFO - 【离场】TAOUSDT BUY @ 392.810000 (TIME_STOP) 盈亏: -0.00% (-0.0005)
2025-11-10 11:46:47 - INFO - 【入场】TAOUSDT BUY @ 392.090000 (20.00 USDT, 信心度71.4%, 多因子3/5)
2025-11-10 11:46:52 - INFO - 【入场】MMTUSDT BUY @ 0.578700 (20.00 USDT, 信心度71.4%, 多因子3/5)
2025-11-10 11:50:03 - INFO - 【分批平仓】MMTUSDT BUY 数量13.600000 (PARTIAL_STAGE1) 盈亏: +0.86% (+0.0680)
2025-11-10 11:52:06 - INFO - 【离场】WLDUSDT BUY @ 0.825000 (STOP_LOSS) 盈亏: -0.65% (-0.1296)
2025-11-10 12:04:48 - INFO - 【入场】XPLUSDT BUY @ 0.321600 (20.00 USDT, 信心度71.4%, 多因子3/5)
2025-11-10 12:07:49 - INFO - 【入场】DOTUSDT BUY @ 3.258000 (20.00 USDT, 信心度71.4%, 多因子3/5)
2025-11-10 12:07:55 - INFO - 【入场】WIFUSDT BUY @ 0.491800 (20.00 USDT, 信心度71.4%, 多因子3/5)
2025-11-10 12:15:07 - INFO - 【离场】XPLUSDT BUY @ 0.317900 (STOP_LOSS) 盈亏: -1.15% (-0.2294)
2025-11-10 12:15:50 - INFO - 【离场】DOTUSDT BUY @ 3.243000 (STOP_LOSS) 盈亏: -0.46% (-0.0915)
2025-11-10 12:17:00 - INFO - 【离场】WIFUSDT BUY @ 0.489200 (STOP_LOSS) 盈亏: -0.53% (-0.1056)
2025-11-10 12:17:39 - INFO - 【分批平仓】TAOUSDT BUY 数量0.020400 (PARTIAL_STAGE1) 盈亏: +0.85% (+0.0677)
2025-11-10 12:17:45 - INFO - 【离场】XLMUSDT BUY @ 0.292600 (STOP_LOSS) 盈亏: -0.58% (-0.1146)
2025-11-10 12:19:48 - INFO - 【入场】TAOUSDT BUY @ 396.400000 (20.00 USDT, 信心度71.4%, 多因子3/5)
2025-11-10 12:33:09 - INFO - 【离场】TAOUSDT BUY @ 391.330000 (STOP_LOSS) 盈亏: -1.28% (-0.2535)
2025-11-10 12:34:47 - INFO - 【入场】XMRUSDT BUY @ 420.710000 (20.00 USDT, 信心度71.4%, 多因子3/5)
2025-11-10 12:34:52 - INFO - 【离场】XMRUSDT BUY @ 420.620000 (TIME_STOP) 盈亏: -0.02% (-0.0042)
2025-11-10 12:37:46 - INFO - 【入场】XMRUSDT BUY @ 421.420000 (20.00 USDT, 信心度71.4%, 多因子3/5)
2025-11-10 12:49:42 - INFO - 【入场】GIGGLEUSDT BUY @ 168.390000 (20.00 USDT, 信心度71.4%, 多因子3/5)
2025-11-10 12:49:52 - INFO - 【入场】APTUSDT BUY @ 3.233400 (20.00 USDT, 信心度85.7%, 多因子3/5)
2025-11-10 12:52:44 - INFO - 【入场】ASTERUSDT BUY @ 1.141700 (20.00 USDT, 信心度71.4%, 多因子3/5)
2025-11-10 12:53:24 - INFO - 【分批平仓】XMRUSDT BUY 数量0.018800 (PARTIAL_STAGE1) 盈亏: +1.00% (+0.0793)
2025-11-10 12:55:51 - INFO - 【入场】ZKUSDT BUY @ 0.057260 (20.00 USDT, 信心度85.7%, 多因子3/5)
2025-11-10 12:55:53 - INFO - 【入场】TIAUSDT BUY @ 1.051200 (20.00 USDT, 信心度71.4%, 多因子3/5)
2025-11-10 13:03:48 - INFO - 【分批平仓】ASTERUSDT BUY 数量6.800000 (PARTIAL_STAGE1) 盈亏: +1.32% (+0.1027)
2025-11-10 13:04:44 - INFO - 【入场】ASTERUSDT BUY @ 1.155000 (20.00 USDT, 信心度71.4%, 多因子4/5)
2025-11-10 13:09:38 - INFO - 【分批平仓】ASTERUSDT BUY 数量3.060000 (PARTIAL_STAGE2) 盈亏: +0.65% (+0.0230)
2025-11-10 13:11:02 - INFO - 【分批平仓】GIGGLEUSDT BUY 数量0.044000 (PARTIAL_STAGE1) 盈亏: +2.55% (+0.1888)
2025-11-10 13:15:33 - INFO - 【分批平仓】ZKUSDT BUY 数量139.600000 (PARTIAL_STAGE1) 盈亏: +1.33% (+0.1061)
2025-11-10 13:27:06 - INFO - 【离场】ASTERUSDT BUY @ 1.149300 (STOP_LOSS) 盈亏: -0.29% (-0.0565)
2025-11-10 13:34:21 - INFO - 【离场】TIAUSDT BUY @ 1.042500 (STOP_LOSS) 盈亏: -0.83% (-0.1653)
2025-11-10 13:34:50 - INFO - 【入场】XMRUSDT BUY @ 428.350000 (20.00 USDT, 信心度71.4%, 多因子3/5)
2025-11-10 13:34:55 - INFO - 【分批平仓】XMRUSDT BUY 数量0.008460 (PARTIAL_STAGE2) 盈亏: +0.01% (+0.0004)
2025-11-10 13:36:33 - INFO - 【离场】APTUSDT BUY @ 3.213000 (STOP_LOSS) 盈亏: -0.63% (-0.1244)
2025-11-10 13:37:45 - INFO - 【入场】APRUSDT BUY @ 0.298540 (20.00 USDT, 信心度71.4%, 多因子3/5)
2025-11-10 13:44:53 - INFO - 【离场】XMRUSDT BUY @ 423.350000 (STOP_LOSS) 盈亏: -0.95% (-0.1873)
2025-11-10 13:49:42 - INFO - 【入场】GIGGLEUSDT BUY @ 173.430000 (20.00 USDT, 信心度71.4%, 多因子3/5)
2025-11-10 13:49:47 - INFO - 【入场】SAPIENUSDT BUY @ 0.260880 (20.00 USDT, 信心度71.4%, 多因子3/5)
2025-11-10 13:51:31 - INFO - 【分批平仓】GIGGLEUSDT BUY 数量0.019800 (PARTIAL_STAGE2) 盈亏: +0.92% (+0.0315)
2025-11-10 13:52:54 - INFO - 【入场】WLDUSDT BUY @ 0.835200 (20.00 USDT, 信心度71.4%, 多因子3/5)
2025-11-10 13:55:49 - INFO - 【入场】ADAUSDT BUY @ 0.588900 (20.00 USDT, 信心度71.4%, 多因子3/5)
2025-11-10 13:55:56 - INFO - 【入场】WIFUSDT BUY @ 0.492100 (20.00 USDT, 信心度71.4%, 多因子3/5)
2025-11-10 13:57:51 - INFO - 【离场】SAPIENUSDT BUY @ 0.257450 (STOP_LOSS) 盈亏: -1.31% (-0.2607)
2025-11-10 14:00:24 - INFO - 【入场】XLMUSDT BUY @ 0.294710 (20.00 USDT, 信心度71.4%, 多因子3/5)
2025-11-10 14:03:19 - INFO - 【入场】AVAXUSDT BUY @ 18.003000 (20.00 USDT, 信心度71.4%, 多因子3/5)
2025-11-10 14:03:22 - INFO - 【入场】TAOUSDT BUY @ 394.670000 (20.00 USDT, 信心度71.4%, 多因子3/5)
2025-11-10 14:03:28 - INFO - 【入场】FETUSDT BUY @ 0.333300 (20.00 USDT, 信心度85.7%, 多因子3/5)
2025-11-10 14:03:35 - INFO - 【入场】HBARUSDT BUY @ 0.183240 (20.00 USDT, 信心度71.4%, 多因子3/5)
2025-11-10 14:03:37 - INFO - 【入场】XLMUSDT BUY @ 0.294860 (20.00 USDT, 信心度71.4%, 多因子3/5)
2025-11-10 14:11:27 - INFO - 【离场】TAOUSDT BUY @ 390.600000 (STOP_LOSS) 盈亏: -1.03% (-0.2035)
2025-11-10 14:19:07 - INFO - 【分批平仓】HBARUSDT BUY 数量43.600000 (PARTIAL_STAGE1) 盈亏: +0.51% (+0.0405)
2025-11-10 14:26:28 - INFO - 【离场】AVAXUSDT BUY @ 17.938000 (STOP_LOSS) 盈亏: -0.36% (-0.0650)
2025-11-10 14:36:56 - INFO - 【分批平仓】FETUSDT BUY 数量24.000000 (PARTIAL_STAGE1) 盈亏: +1.29% (+0.1032)
2025-11-10 15:04:59 - INFO - 【分批平仓】XLMUSDT BUY 数量26.800000 (PARTIAL_STAGE1) 盈亏: +0.43% (+0.0343)
2025-11-10 15:39:18 - INFO - 【入场】AVAXUSDT SELL @ 17.926000 (20.00 USDT, 信心度71.4%, 多因子3/5)
2025-11-10 16:06:21 - INFO - 【入场】FETUSDT BUY @ 0.348000 (20.00 USDT, 信心度71.4%, 多因子3/5)
2025-11-10 16:06:24 - INFO - 【离场】FETUSDT BUY @ 0.348000 (TIME_STOP) 盈亏: +0.00% (+0.0000)
2025-11-10 16:36:03 - INFO - 【分批平仓】AVAXUSDT SELL 数量0.400000 (PARTIAL_STAGE1) 盈亏: +0.48% (+0.0344)
2025-11-10 17:06:22 - INFO - 【入场】XLMUSDT BUY @ 0.301900 (20.00 USDT, 信心度71.4%, 多因子3/5)
2025-11-10 17:06:26 - INFO - 【离场】XLMUSDT BUY @ 0.301820 (TIME_STOP) 盈亏: -0.03% (-0.0053)
2025-11-10 17:39:24 - INFO - 【入场】HBARUSDT BUY @ 0.191250 (20.00 USDT, 信心度71.4%, 多因子3/5)
2025-11-10 17:39:28 - INFO - 【离场】HBARUSDT BUY @ 0.191310 (TIME_STOP) 盈亏: +0.03% (+0.0062)
2025-11-10 19:06:27 - INFO - 【入场】DOTUSDT BUY @ 3.244000 (20.00 USDT, 信心度71.4%, 多因子3/5)
2025-11-10 19:06:32 - INFO - 【入场】PENGUUSDT BUY @ 0.015979 (20.00 USDT, 信心度71.4%, 多因子3/5)
2025-11-10 19:06:36 - INFO - 【入场】ARBUSDT BUY @ 0.302200 (20.00 USDT, 信心度71.4%, 多因子3/5)
2025-11-10 19:06:37 - INFO - 【入场】INJUSDT BUY @ 7.888000 (20.00 USDT, 信心度71.4%, 多因子3/5)
2025-11-10 19:09:26 - INFO - 【入场】HBARUSDT BUY @ 0.196710 (20.00 USDT, 信心度71.4%, 多因子3/5)
2025-11-10 19:27:38 - INFO - 【分批平仓】PENGUUSDT BUY 数量500.400000 (PARTIAL_STAGE1) 盈亏: +0.62% (+0.0495)
2025-11-10 19:30:20 - INFO - 【分批平仓】ARBUSDT BUY 数量26.440000 (PARTIAL_STAGE1) 盈亏: +0.66% (+0.0529)
2025-11-10 19:42:18 - INFO - 【入场】PUMPUSDT BUY @ 0.004503 (20.00 USDT, 信心度71.4%, 多因子3/5)
2025-11-10 19:47:13 - INFO - 【分批平仓】PUMPUSDT BUY 数量1776.800000 (PARTIAL_STAGE1) 盈亏: +0.64% (+0.0515)
2025-11-10 20:03:57 - INFO - 【离场】INJUSDT BUY @ 7.829000 (STOP_LOSS) 盈亏: -0.75% (-0.1475)
2025-11-10 20:09:21 - INFO - 【离场】HBARUSDT BUY @ 0.194720 (STOP_LOSS) 盈亏: -1.01% (-0.2010)
2025-11-10 20:21:14 - INFO - 【分批平仓】DOTUSDT BUY 数量2.440000 (PARTIAL_STAGE1) 盈亏: +0.62% (+0.0488)
2025-11-10 20:30:22 - INFO - 【入场】TOWNSUSDT BUY @ 0.011520 (20.00 USDT, 信心度71.4%, 多因子3/5)
2025-11-10 20:47:50 - INFO - 【离场】TOWNSUSDT BUY @ 0.011380 (STOP_LOSS) 盈亏: -1.22% (-0.2430)
2025-11-10 20:54:42 - INFO - 【入场】PENGUUSDT BUY @ 0.016180 (20.00 USDT, 信心度71.4%, 多因子3/5)
2025-11-10 20:54:47 - INFO - 【离场】PENGUUSDT BUY @ 0.016170 (TIME_STOP) 盈亏: -0.06% (-0.0124)
2025-11-10 21:03:24 - INFO - 【入场】PENGUUSDT BUY @ 0.016180 (20.00 USDT, 信心度71.4%, 多因子3/5)
2025-11-10 21:06:53 - INFO - 【分批平仓】PENGUUSDT BUY 数量494.400000 (PARTIAL_STAGE1) 盈亏: +0.83% (+0.0662)
2025-11-10 21:42:34 - INFO - 【入场】INJUSDT BUY @ 8.042000 (20.00 USDT, 信心度71.4%, 多因子3/5)
2025-11-10 22:04:30 - INFO - 【离场】INJUSDT BUY @ 7.962000 (STOP_LOSS) 盈亏: -0.99% (-0.1920)
2025-11-11 00:52:23 - INFO - 【入场】ORDIUSDT BUY @ 5.058000 (20.00 USDT, 信心度71.4%, 多因子3/5)
2025-11-11 00:58:21 - INFO - 【入场】RENDERUSDT SELL @ 2.568000 (20.00 USDT, 信心度71.4%, 多因子3/5)
2025-11-11 01:10:18 - INFO - 【入场】PAXGUSDT BUY @ 4092.610000 (20.00 USDT, 信心度71.4%, 多因子3/5)
2025-11-11 01:13:24 - INFO - 【入场】PENGUUSDT SELL @ 0.015811 (20.00 USDT, 信心度71.4%, 多因子3/5)
2025-11-11 01:20:19 - INFO - 【入场】SAPIENUSDT BUY @ 0.252710 (20.00 USDT, 信心度71.4%, 多因子3/5)
2025-11-11 01:21:13 - INFO - 【入场】SOLUSDT BUY @ 166.750000 (20.00 USDT, 信心度71.4%, 多因子3/5)
2025-11-11 08:43:04 - INFO - 【离场】SAPIENUSDT BUY @ 0.241730 (TIME_STOP) 盈亏: -4.34% (-0.8674)
2025-11-11 08:43:04 - INFO - 【离场】SOLUSDT BUY @ 166.540000 (TIME_STOP) 盈亏: -0.13% (-0.0231)
2025-11-11 08:43:05 - INFO - 【离场】ORDIUSDT BUY @ 5.097000 (TIME_STOP) 盈亏: +0.77% (+0.1521)
2025-11-11 08:43:05 - INFO - 【离场】RENDERUSDT SELL @ 2.465000 (TIME_STOP) 盈亏: +4.01% (+0.7931)
2025-11-11 08:43:06 - INFO - 【离场】PENGUUSDT SELL @ 0.015900 (TIME_STOP) 盈亏: -0.56% (-0.1126)
2025-11-11 08:43:07 - INFO - 【离场】PAXGUSDT BUY @ 4118.940000 (TIME_STOP) 盈亏: +0.64% (+0.1053)
2025-11-11 09:00:19 - INFO - 【入场】FUSDT BUY @ 0.013018 (20.00 USDT, 信心度71.4%, 多因子3/5)
2025-11-11 09:04:13 - INFO - 【入场】ZECUSDT BUY @ 527.540000 (20.00 USDT, 信心度71.4%, 多因子3/5)
2025-11-11 09:08:24 - INFO - 【离场】FUSDT BUY @ 0.012894 (STOP_LOSS) 盈亏: -0.95% (-0.1903)
2025-11-11 09:16:16 - INFO - 【入场】PUMPUSDT BUY @ 0.004537 (20.00 USDT, 信心度71.4%, 多因子3/5)
2025-11-11 09:16:22 - INFO - 【入场】HBARUSDT BUY @ 0.194210 (20.00 USDT, 信心度71.4%, 多因子4/5)
2025-11-11 09:16:27 - INFO - 【入场】XLMUSDT BUY @ 0.301410 (20.00 USDT, 信心度71.4%, 多因子4/5)
2025-11-11 09:16:34 - INFO - 【入场】CAKEUSDT BUY @ 2.702600 (20.00 USDT, 信心度71.4%, 多因子3/5)
2025-11-11 09:17:17 - INFO - 【分批平仓】PUMPUSDT BUY 数量1763.600000 (PARTIAL_STAGE1) 盈亏: +0.62% (+0.0494)
2025-11-11 09:17:35 - INFO - 【分批平仓】XLMUSDT BUY 数量26.400000 (PARTIAL_STAGE1) 盈亏: +0.43% (+0.0341)
2025-11-11 09:18:48 - INFO - 【分批平仓】HBARUSDT BUY 数量41.200000 (PARTIAL_STAGE1) 盈亏: +0.49% (+0.0396)
2025-11-11 09:20:20 - INFO - 【入场】KITEUSDT BUY @ 0.085380 (20.00 USDT, 信心度85.7%, 多因子3/5)
2025-11-11 09:20:26 - INFO - 【入场】ARUSDT BUY @ 5.601000 (20.00 USDT, 信心度85.7%, 多因子3/5)
2025-11-11 09:21:01 - INFO - 【分批平仓】ZECUSDT BUY 数量0.014800 (PARTIAL_STAGE1) 盈亏: +1.85% (+0.1442)
2025-11-11 09:21:15 - INFO - 【入场】ICPUSDT BUY @ 6.864000 (20.00 USDT, 信心度71.4%, 多因子3/5)
2025-11-11 09:26:19 - INFO - 【离场】CAKEUSDT BUY @ 2.687600 (STOP_LOSS) 盈亏: -0.56% (-0.1050)
2025-11-11 09:28:31 - INFO - 【离场】ARUSDT BUY @ 5.531000 (STOP_LOSS) 盈亏: -1.25% (-0.2450)
2025-11-11 09:28:32 - INFO - 【离场】KITEUSDT BUY @ 0.084900 (STOP_LOSS) 盈亏: -0.56% (-0.1123)
2025-11-11 09:30:28 - INFO - 【离场】ICPUSDT BUY @ 6.802000 (STOP_LOSS) 盈亏: -0.90% (-0.1240)
2025-11-11 09:41:20 - INFO - 【入场】ALCHUSDT BUY @ 0.125820 (20.00 USDT, 信心度71.4%, 多因子3/5)
2025-11-11 09:49:21 - INFO - 【入场】LDOUSDT BUY @ 0.891700 (20.00 USDT, 信心度71.4%, 多因子3/5)
2025-11-11 09:49:23 - INFO - 【入场】XLMUSDT BUY @ 0.301120 (20.00 USDT, 信心度71.4%, 多因子3/5)
2025-11-11 09:49:28 - INFO - 【入场】OPUSDT BUY @ 0.444000 (20.00 USDT, 信心度85.7%, 多因子3/5)
2025-11-11 09:49:28 - INFO - 【离场】XLMUSDT BUY @ 0.301160 (STOP_LOSS) 盈亏: +0.01% (+0.0026)
2025-11-11 09:50:21 - INFO - 【入场】SEIUSDT BUY @ 0.189700 (20.00 USDT, 信心度71.4%, 多因子3/5)
2025-11-11 09:51:13 - INFO - 【入场】XRPUSDT BUY @ 2.540600 (20.00 USDT, 信心度71.4%, 多因子3/5)
2025-11-11 09:57:26 - INFO - 【离场】LDOUSDT BUY @ 0.885100 (STOP_LOSS) 盈亏: -0.74% (-0.1452)
2025-11-11 09:57:32 - INFO - 【离场】OPUSDT BUY @ 0.440700 (STOP_LOSS) 盈亏: -0.74% (-0.1485)
2025-11-11 09:58:22 - INFO - 【离场】SEIUSDT BUY @ 0.188200 (STOP_LOSS) 盈亏: -0.79% (-0.1575)
2025-11-11 09:59:17 - INFO - 【离场】XRPUSDT BUY @ 2.520900 (STOP_LOSS) 盈亏: -0.78% (-0.1537)
2025-11-11 10:19:17 - INFO - 【入场】MONUSDT BUY @ 0.053240 (20.00 USDT, 信心度85.7%, 多因子3/5)
2025-11-11 10:22:54 - INFO - 【入场】XMRUSDT BUY @ 394.770000 (20.00 USDT, 信心度71.4%, 多因子3/5)
2025-11-11 10:30:22 - INFO - 【离场】MONUSDT BUY @ 0.052440 (STOP_LOSS) 盈亏: -1.50% (-0.3000)
2025-11-11 10:31:09 - INFO - 【入场】EIGENUSDT BUY @ 0.836000 (20.00 USDT, 信心度71.4%, 多因子3/5)
2025-11-11 10:31:26 - INFO - 【入场】KERNELUSDT BUY @ 0.115400 (20.00 USDT, 信心度71.4%, 多因子3/5)
2025-11-11 10:34:07 - INFO - 【入场】XPLUSDT BUY @ 0.303500 (20.00 USDT, 信心度71.4%, 多因子3/5)
2025-11-11 10:34:16 - INFO - 【入场】WIFUSDT BUY @ 0.500400 (20.00 USDT, 信心度71.4%, 多因子3/5)
2025-11-11 10:34:40 - INFO - 【分批平仓】EIGENUSDT BUY 数量9.560000 (PARTIAL_STAGE1) 盈亏: +1.27% (+0.1013)
2025-11-11 10:34:50 - INFO - 【入场】CAKEUSDT BUY @ 2.725100 (20.00 USDT, 信心度71.4%, 多因子3/5)
2025-11-11 10:37:46 - INFO - 【分批平仓】CAKEUSDT BUY 数量2.800000 (PARTIAL_STAGE1) 盈亏: +0.96% (+0.0734)
2025-11-11 10:37:47 - INFO - 【入场】ARUSDT BUY @ 5.536000 (20.00 USDT, 信心度85.7%, 多因子3/5)
2025-11-11 10:37:53 - INFO - 【分批平仓】KERNELUSDT BUY 数量69.200000 (PARTIAL_STAGE1) 盈亏: +1.13% (+0.0900)
2025-11-11 10:38:09 - INFO - 【入场】HUSDT BUY @ 0.171330 (20.00 USDT, 信心度71.4%, 多因子3/5)
2025-11-11 10:45:48 - INFO - 【离场】XMRUSDT BUY @ 391.650000 (STOP_LOSS) 盈亏: -0.79% (-0.1560)
2025-11-11 10:53:11 - INFO - 【离场】ARUSDT BUY @ 5.484000 (STOP_LOSS) 盈亏: -0.94% (-0.1872)
2025-11-11 10:55:03 - INFO - 【离场】HUSDT BUY @ 0.169940 (STOP_LOSS) 盈亏: -0.81% (-0.1612)
2025-11-11 10:59:11 - INFO - 【入场】XMRUSDT SELL @ 389.300000 (20.00 USDT, 信心度71.4%, 多因子3/5)
2025-11-11 11:01:54 - INFO - 【入场】SUSHIUSDT SELL @ 0.554000 (20.00 USDT, 信心度71.4%, 多因子3/5)
2025-11-11 11:06:53 - INFO - 【入场】TRUMPUSDT BUY @ 8.826000 (20.00 USDT, 信心度71.4%, 多因子3/5)
2025-11-11 11:27:20 - INFO - 【分批平仓】XMRUSDT SELL 数量0.020400 (PARTIAL_STAGE1) 盈亏: +1.00% (+0.0785)
2025-11-11 11:28:04 - INFO - 【入场】SEIUSDT BUY @ 0.192600 (20.00 USDT, 信心度71.4%, 多因子3/5)
2025-11-11 11:35:57 - INFO - 【离场】TRUMPUSDT BUY @ 8.767000 (STOP_LOSS) 盈亏: -0.67% (-0.1333)
2025-11-11 11:36:37 - INFO - 【离场】SEIUSDT BUY @ 0.191500 (STOP_LOSS) 盈亏: -0.57% (-0.1133)
2025-11-11 11:47:18 - INFO - 【分批平仓】SUSHIUSDT SELL 数量14.400000 (PARTIAL_STAGE1) 盈亏: +1.93% (+0.1512)
2025-11-11 11:58:06 - INFO - 【入场】TAKEUSDT BUY @ 0.234100 (20.00 USDT, 信心度71.4%, 多因子3/5)
2025-11-11 11:58:08 - INFO - 【入场】JUPUSDT BUY @ 0.371800 (20.00 USDT, 信心度71.4%, 多因子3/5)
2025-11-11 12:00:53 - INFO - 【入场】PUMPUSDT BUY @ 0.004822 (20.00 USDT, 信心度85.7%, 多因子3/5)
2025-11-11 12:04:08 - INFO - 【离场】XPLUSDT BUY @ 0.303400 (TIME_STOP) 盈亏: -0.03% (-0.0066)
2025-11-11 12:04:20 - INFO - 【离场】WIFUSDT BUY @ 0.500700 (TIME_STOP) 盈亏: +0.06% (+0.0120)
2025-11-11 12:08:26 - INFO - 【离场】JUPUSDT BUY @ 0.369300 (STOP_LOSS) 盈亏: -0.67% (-0.1325)
2025-11-11 12:11:28 - INFO - 【离场】PUMPUSDT BUY @ 0.004765 (STOP_LOSS) 盈亏: -1.18% (-0.2364)
2025-11-11 12:18:55 - INFO - 【入场】TAUSDT BUY @ 0.046490 (20.00 USDT, 信心度71.4%, 多因子3/5)
2025-11-11 12:32:32 - INFO - 【离场】TAUSDT BUY @ 0.045760 (STOP_LOSS) 盈亏: -1.57% (-0.3139)
2025-11-11 12:34:29 - INFO - 【离场】TAKEUSDT BUY @ 0.233100 (STOP_LOSS) 盈亏: -0.43% (-0.0850)
2025-11-11 12:55:04 - INFO - 【入场】FOLKSUSDT BUY @ 6.061000 (20.00 USDT, 信心度85.7%, 多因子3/5)
2025-11-11 13:01:02 - INFO - 【入场】ALCHUSDT BUY @ 0.126330 (20.00 USDT, 信心度85.7%, 多因子4/5)
2025-11-11 13:06:45 - INFO - 【离场】FOLKSUSDT BUY @ 5.997000 (STOP_LOSS) 盈亏: -1.06% (-0.2112)
2025-11-11 13:33:27 - INFO - 【入场】EVAAUSDT BUY @ 1.654000 (20.00 USDT, 信心度71.4%, 多因子3/5)
2025-11-11 13:45:04 - INFO - 【分批平仓】EVAAUSDT BUY 数量4.840000 (PARTIAL_STAGE1) 盈亏: +1.57% (+0.1258)
2025-11-11 13:45:22 - INFO - 【入场】FOLKSUSDT BUY @ 6.066000 (20.00 USDT, 信心度71.4%, 多因子3/5)
2025-11-11 13:55:35 - INFO - 【分批平仓】ALCHUSDT BUY 数量63.200000 (PARTIAL_STAGE1) 盈亏: +1.46% (+0.1169)
2025-11-11 13:57:38 - INFO - 【分批平仓】FOLKSUSDT BUY 数量1.280000 (PARTIAL_STAGE1) 盈亏: +1.20% (+0.0934)
2025-11-11 14:30:27 - INFO - 【入场】FOLKSUSDT BUY @ 6.088000 (20.00 USDT, 信心度85.7%, 多因子3/5)
2025-11-11 14:33:15 - INFO - 【分批平仓】FOLKSUSDT BUY 数量0.576000 (PARTIAL_STAGE2) 盈亏: +1.22% (+0.0426)
2025-11-11 14:37:56 - INFO - 【离场】FOLKSUSDT BUY @ 6.274000 (STOP_LOSS) 盈亏: +2.72% (+0.5307)
2025-11-11 17:39:24 - INFO - 【入场】AEROUSDT SELL @ 1.215600 (20.00 USDT, 信心度71.4%, 多因子3/5)
2025-11-11 17:51:40 - INFO - 【分批平仓】AEROUSDT SELL 数量6.560000 (PARTIAL_STAGE1) 盈亏: +1.81% (+0.1417)
2025-11-11 18:30:22 - INFO - 【入场】HBARUSDT BUY @ 0.186890 (20.00 USDT, 信心度71.4%, 多因子3/5)
2025-11-11 18:46:04 - INFO - 【入场】ETHFIUSDT BUY @ 0.968000 (20.00 USDT, 信心度71.4%, 多因子3/5)
2025-11-11 19:00:18 - INFO - 【入场】MMTUSDT BUY @ 0.514800 (20.00 USDT, 信心度71.4%, 多因子3/5)
2025-11-11 19:03:25 - INFO - 【入场】XLMUSDT BUY @ 0.292450 (20.00 USDT, 信心度71.4%, 多因子3/5)
2025-11-11 19:05:06 - INFO - 【分批平仓】HBARUSDT BUY 数量42.400000 (PARTIAL_STAGE1) 盈亏: +0.42% (+0.0331)
2025-11-11 19:08:11 - INFO - 【分批平仓】XLMUSDT BUY 数量27.200000 (PARTIAL_STAGE1) 盈亏: +0.31% (+0.0248)
2025-11-11 19:10:05 - INFO - 【离场】MMTUSDT BUY @ 0.511100 (STOP_LOSS) 盈亏: -0.72% (-0.1406)
2025-11-11 19:15:24 - INFO - 【入场】RENDERUSDT BUY @ 2.437000 (20.00 USDT, 信心度71.4%, 多因子3/5)
2025-11-11 19:23:49 - INFO - 【离场】RENDERUSDT BUY @ 2.424000 (STOP_LOSS) 盈亏: -0.53% (-0.1066)
2025-11-11 19:50:26 - INFO - 【离场】ETHFIUSDT BUY @ 0.960900 (STOP_LOSS) 盈亏: -0.73% (-0.1463)
2025-11-11 20:06:13 - INFO - 【入场】UNIUSDT BUY @ 8.750000 (20.00 USDT, 信心度71.4%, 多因子3/5)
2025-11-11 20:12:26 - INFO - 【入场】HIPPOUSDT BUY @ 0.007378 (20.00 USDT, 信心度71.4%, 多因子3/5)
2025-11-11 20:19:53 - INFO - 【离场】UNIUSDT BUY @ 8.635000 (STOP_LOSS) 盈亏: -1.31% (-0.2300)
2025-11-11 20:54:19 - INFO - 【入场】DOGEUSDT BUY @ 0.177830 (20.00 USDT, 信心度71.4%, 多因子3/5)
2025-11-11 20:57:28 - INFO - 【入场】ZENUSDT BUY @ 13.268000 (20.00 USDT, 信心度85.7%, 多因子3/5)
2025-11-11 21:06:29 - INFO - 【分批平仓】ZENUSDT BUY 数量0.600000 (PARTIAL_STAGE1) 盈亏: +1.55% (+0.1230)
2025-11-11 21:15:21 - INFO - 【入场】WLDUSDT BUY @ 0.802800 (20.00 USDT, 信心度71.4%, 多因子3/5)
2025-11-11 21:15:27 - INFO - 【入场】INJUSDT BUY @ 7.758000 (20.00 USDT, 信心度71.4%, 多因子3/5)
2025-11-11 21:28:16 - INFO - 【离场】INJUSDT BUY @ 7.701000 (STOP_LOSS) 盈亏: -0.73% (-0.1425)
2025-11-11 21:40:24 - INFO - 【离场】WLDUSDT BUY @ 0.798600 (STOP_LOSS) 盈亏: -0.52% (-0.1008)
2025-11-11 21:41:12 - INFO - 【离场】HIPPOUSDT BUY @ 0.007270 (STOP_LOSS) 盈亏: -1.46% (-0.2927)
2025-11-11 21:53:48 - INFO - 【离场】DOGEUSDT BUY @ 0.177170 (STOP_LOSS) 盈亏: -0.37% (-0.0739)
2025-11-11 22:21:14 - INFO - 【入场】UNIUSDT BUY @ 8.702000 (20.00 USDT, 信心度71.4%, 多因子3/5)
2025-11-11 22:39:57 - INFO - 【分批平仓】UNIUSDT BUY 数量0.800000 (PARTIAL_STAGE1) 盈亏: +1.23% (+0.0856)
2025-11-11 22:57:23 - INFO - 【入场】XMRUSDT BUY @ 376.400000 (20.00 USDT, 信心度71.4%, 多因子3/5)
2025-11-11 22:57:26 - INFO - 【离场】XMRUSDT BUY @ 376.590000 (TIME_STOP) 盈亏: +0.05% (+0.0101)
2025-11-11 23:00:28 - INFO - 【入场】TAKEUSDT BUY @ 0.253570 (20.00 USDT, 信心度71.4%, 多因子3/5)
2025-11-11 23:08:34 - INFO - 【离场】TAKEUSDT BUY @ 0.250880 (STOP_LOSS) 盈亏: -1.06% (-0.2098)
2025-11-12 00:03:14 - INFO - 【入场】FILUSDT BUY @ 2.433000 (20.00 USDT, 信心度71.4%, 多因子3/5)
2025-11-12 00:17:42 - INFO - 【离场】FILUSDT BUY @ 2.400000 (STOP_LOSS) 盈亏: -1.36% (-0.2706)
2025-11-12 00:24:23 - INFO - 【入场】ALCHUSDT BUY @ 0.125200 (20.00 USDT, 信心度71.4%, 多因子3/5)
2025-11-12 00:32:58 - INFO - 【分批平仓】ALCHUSDT BUY 数量63.600000 (PARTIAL_STAGE1) 盈亏: +1.18% (+0.0941)
2025-11-12 00:36:31 - INFO - 【入场】FOLKSUSDT BUY @ 5.570000 (20.00 USDT, 信心度71.4%, 多因子3/5)
2025-11-12 00:39:26 - INFO - 【入场】TRXUSDT BUY @ 0.300450 (20.00 USDT, 信心度71.4%, 多因子3/5)
2025-11-12 00:42:19 - INFO - 【入场】ZKUSDT BUY @ 0.054270 (20.00 USDT, 信心度71.4%, 多因子3/5)
2025-11-12 00:55:42 - INFO - 【离场】ZKUSDT BUY @ 0.053740 (STOP_LOSS) 盈亏: -0.98% (-0.1950)
2025-11-12 00:58:12 - INFO - 【离场】FOLKSUSDT BUY @ 5.529000 (STOP_LOSS) 盈亏: -0.74% (-0.1435)
2025-11-12 01:01:51 - INFO - 【分批平仓】TRXUSDT BUY 数量26.400000 (PARTIAL_STAGE1) 盈亏: +0.21% (+0.0164)
2025-11-12 01:06:14 - INFO - 【入场】UNIUSDT BUY @ 9.097000 (20.00 USDT, 信心度71.4%, 多因子3/5)
2025-11-12 01:27:57 - INFO - 【离场】UNIUSDT BUY @ 8.947000 (STOP_LOSS) 盈亏: -1.65% (-0.3000)
2025-11-12 01:30:23 - INFO - 【入场】BLESSUSDT BUY @ 0.032630 (20.00 USDT, 信心度71.4%, 多因子3/5)
2025-11-12 01:40:37 - INFO - 【离场】BLESSUSDT BUY @ 0.032250 (STOP_LOSS) 盈亏: -1.16% (-0.2326)
2025-11-12 01:57:21 - INFO - 【入场】0GUSDT BUY @ 1.372500 (20.00 USDT, 信心度71.4%, 多因子3/5)
2025-11-12 02:08:01 - INFO - 【离场】0GUSDT BUY @ 1.359400 (STOP_LOSS) 盈亏: -0.95% (-0.1834)
2025-11-12 02:21:22 - INFO - 【入场】CVCUSDT BUY @ 0.061770 (20.00 USDT, 信心度71.4%, 多因子3/5)
2025-11-12 02:36:44 - INFO - 【离场】CVCUSDT BUY @ 0.061010 (STOP_LOSS) 盈亏: -1.23% (-0.2455)
2025-11-12 03:12:20 - INFO - 【入场】XPLUSDT SELL @ 0.278100 (20.00 USDT, 信心度71.4%, 多因子3/5)
2025-11-12 03:21:22 - INFO - 【入场】SOONUSDT BUY @ 2.124200 (20.00 USDT, 信心度71.4%, 多因子3/5)
2025-11-12 03:52:19 - INFO - 【分批平仓】XPLUSDT SELL 数量28.400000 (PARTIAL_STAGE1) 盈亏: +0.87% (+0.0682)
2025-11-12 04:03:29 - INFO - 【分批平仓】SOONUSDT BUY 数量3.600000 (PARTIAL_STAGE1) 盈亏: +1.31% (+0.1004)
2025-11-12 05:24:24 - INFO - 【入场】KITEUSDT BUY @ 0.080010 (20.00 USDT, 信心度71.4%, 多因子3/5)
2025-11-12 05:32:28 - INFO - 【离场】KITEUSDT BUY @ 0.079510 (STOP_LOSS) 盈亏: -0.62% (-0.1245)
2025-11-12 05:48:18 - INFO - 【入场】GIGGLEUSDT BUY @ 159.800000 (20.00 USDT, 信心度85.7%, 多因子3/5)
2025-11-12 05:58:37 - INFO - 【离场】GIGGLEUSDT BUY @ 158.390000 (STOP_LOSS) 盈亏: -0.88% (-0.1692)
2025-11-12 06:24:24 - INFO - 【入场】CVCUSDT BUY @ 0.059990 (20.00 USDT, 信心度71.4%, 多因子3/5)
2025-11-12 06:37:11 - INFO - 【入场】ARBUSDT BUY @ 0.280200 (20.00 USDT, 信心度71.4%, 多因子3/5)
2025-11-12 06:37:19 - INFO - 【入场】INJUSDT BUY @ 7.691000 (20.00 USDT, 信心度71.4%, 多因子3/5)
2025-11-12 06:39:51 - INFO - 【入场】LDOUSDT BUY @ 0.811900 (20.00 USDT, 信心度71.4%, 多因子3/5)
2025-11-12 06:42:24 - INFO - 【分批平仓】CVCUSDT BUY 数量133.200000 (PARTIAL_STAGE1) 盈亏: +1.23% (+0.0986)
2025-11-12 06:53:48 - INFO - 【分批平仓】INJUSDT BUY 数量1.040000 (PARTIAL_STAGE1) 盈亏: +0.94% (+0.0749)
2025-11-12 07:03:49 - INFO - 【离场】LDOUSDT BUY @ 0.806600 (STOP_LOSS) 盈亏: -0.65% (-0.1272)
2025-11-12 07:12:56 - INFO - 【入场】METUSDT SELL @ 0.424600 (20.00 USDT, 信心度71.4%, 多因子3/5)
2025-11-12 07:12:59 - INFO - 【离场】ARBUSDT BUY @ 0.278600 (STOP_LOSS) 盈亏: -0.57% (-0.1141)
2025-11-12 07:21:00 - INFO - 【离场】METUSDT SELL @ 0.432900 (STOP_LOSS) 盈亏: -1.95% (-0.3901)
2025-11-12 08:48:24 - INFO - 【入场】BLESSUSDT BUY @ 0.029810 (20.00 USDT, 信心度71.4%, 多因子3/5)
2025-11-12 08:54:24 - INFO - 【入场】AEROUSDT BUY @ 1.123300 (20.00 USDT, 信心度71.4%, 多因子3/5)
2025-11-12 09:15:52 - INFO - 【分批平仓】AEROUSDT BUY 数量7.120000 (PARTIAL_STAGE1) 盈亏: +1.14% (+0.0911)
2025-11-12 09:35:54 - INFO - 【分批平仓】BLESSUSDT BUY 数量268.400000 (PARTIAL_STAGE1) 盈亏: +1.31% (+0.1047)
2025-11-12 09:51:24 - INFO - 【入场】ZENUSDT BUY @ 12.850000 (20.00 USDT, 信心度71.4%, 多因子3/5)
2025-11-12 10:03:15 - INFO - 【入场】HYPEUSDT BUY @ 39.124000 (20.00 USDT, 信心度71.4%, 多因子3/5)
2025-11-12 10:17:08 - INFO - 【分批平仓】HYPEUSDT BUY 数量0.204000 (PARTIAL_STAGE1) 盈亏: +0.51% (+0.0408)
2025-11-12 10:18:23 - INFO - 【入场】CVCUSDT BUY @ 0.060130 (20.00 USDT, 信心度71.4%, 多因子3/5)
2025-11-12 10:26:25 - INFO - 【离场】CVCUSDT BUY @ 0.059680 (STOP_LOSS) 盈亏: -0.75% (-0.1494)
2025-11-12 11:03:24 - INFO - 【入场】AEROUSDT BUY @ 1.148700 (20.00 USDT, 信心度85.7%, 多因子3/5)
2025-11-12 12:01:31 - INFO - 【离场】AEROUSDT BUY @ 1.140400 (STOP_LOSS) 盈亏: -0.72% (-0.1444)
2025-11-12 12:12:22 - INFO - 【入场】METUSDT BUY @ 0.462100 (20.00 USDT, 信心度71.4%, 多因子3/5)
2025-11-12 12:19:26 - INFO - 【分批平仓】METUSDT BUY 数量17.200000 (PARTIAL_STAGE1) 盈亏: +1.56% (+0.1238)
2025-11-12 13:03:20 - INFO - 【入场】FETUSDT BUY @ 0.330000 (20.00 USDT, 信心度85.7%, 多因子3/5)
2025-11-12 13:12:18 - INFO - 【入场】HYPEUSDT BUY @ 39.214000 (20.00 USDT, 信心度71.4%, 多因子3/5)
2025-11-12 13:12:26 - INFO - 【离场】HYPEUSDT BUY @ 39.216000 (TIME_STOP) 盈亏: +0.01% (+0.0010)
2025-11-12 13:17:03 - INFO - 【分批平仓】FETUSDT BUY 数量24.000000 (PARTIAL_STAGE1) 盈亏: +0.76% (+0.0600)
2025-11-12 13:21:14 - INFO - 【入场】XRPUSDT BUY @ 2.400700 (20.00 USDT, 信心度71.4%, 多因子3/5)
2025-11-12 13:27:23 - INFO - 【入场】APRUSDT BUY @ 0.302690 (20.00 USDT, 信心度71.4%, 多因子3/5)
2025-11-12 13:30:19 - INFO - 【入场】MMTUSDT BUY @ 0.459600 (20.00 USDT, 信心度71.4%, 多因子3/5)
2025-11-12 13:36:24 - INFO - 【入场】BLESSUSDT BUY @ 0.030930 (20.00 USDT, 信心度71.4%, 多因子3/5)
2025-11-12 13:38:25 - INFO - 【离场】MMTUSDT BUY @ 0.455500 (STOP_LOSS) 盈亏: -0.89% (-0.1763)
2025-11-12 13:48:07 - INFO - 【离场】APRUSDT BUY @ 0.299120 (STOP_LOSS) 盈亏: -1.18% (-0.2356)
2025-11-12 14:00:29 - INFO - 【离场】XRPUSDT BUY @ 2.396800 (STOP_LOSS) 盈亏: -0.16% (-0.0324)
2025-11-12 14:01:43 - INFO - 【离场】BLESSUSDT BUY @ 0.030660 (STOP_LOSS) 盈亏: -0.87% (-0.1747)
2025-11-12 14:09:14 - INFO - 【入场】DOGEUSDT BUY @ 0.172540 (20.00 USDT, 信心度71.4%, 多因子3/5)
2025-11-12 14:18:13 - INFO - 【入场】BNBUSDT BUY @ 960.280000 (20.00 USDT, 信心度71.4%, 多因子3/5)
2025-11-12 14:31:19 - INFO - 【离场】BNBUSDT BUY @ 959.250000 (STOP_LOSS) 盈亏: -0.11% (-0.0206)
2025-11-12 14:48:21 - INFO - 【入场】SOONUSDT SELL @ 2.123700 (20.00 USDT, 信心度60.0%, 多因子3/5)
2025-11-12 15:03:23 - INFO - 【入场】UAIUSDT BUY @ 0.193200 (20.00 USDT, 信心度60.0%, 多因子3/5)
2025-11-12 15:09:26 - INFO - 【入场】TAOUSDT BUY @ 372.190000 (20.00 USDT, 信心度60.0%, 多因子3/5)
2025-11-12 15:11:27 - INFO - 【离场】UAIUSDT BUY @ 0.189600 (STOP_LOSS) 盈亏: -1.86% (-0.3708)
2025-11-12 15:13:10 - INFO - 【离场】SOONUSDT SELL @ 2.145700 (STOP_LOSS) 盈亏: -1.04% (-0.1980)
2025-11-12 15:18:33 - INFO - 【离场】TAOUSDT BUY @ 370.690000 (STOP_LOSS) 盈亏: -0.40% (-0.0795)
2025-11-12 15:39:14 - INFO - 【入场】SOLUSDT BUY @ 156.260000 (20.00 USDT, 信心度60.0%, 多因子3/5)
2025-11-12 15:39:27 - INFO - 【入场】PENGUUSDT BUY @ 0.014975 (20.00 USDT, 信心度60.0%, 多因子3/5)
2025-11-12 15:42:16 - INFO - 【入场】FILUSDT BUY @ 2.297000 (20.00 USDT, 信心度80.0%, 多因子3/5)
2025-11-12 15:43:13 - INFO - 【分批平仓】FILUSDT BUY 数量3.480000 (PARTIAL_STAGE1) 盈亏: +0.96% (+0.0766)
2025-11-12 15:47:16 - INFO - 【离场】SOLUSDT BUY @ 155.880000 (STOP_LOSS) 盈亏: -0.24% (-0.0456)
2025-11-12 15:47:32 - INFO - 【离场】PENGUUSDT BUY @ 0.014877 (STOP_LOSS) 盈亏: -0.65% (-0.1308)
2025-11-12 16:00:22 - INFO - 【入场】CVCUSDT SELL @ 0.061110 (20.00 USDT, 信心度60.0%, 多因子3/5)
2025-11-12 16:00:24 - INFO - 【入场】SOONUSDT BUY @ 2.129100 (20.00 USDT, 信心度60.0%, 多因子3/5)
2025-11-12 16:03:21 - INFO - 【入场】ZENUSDT BUY @ 12.915000 (20.00 USDT, 信心度80.0%, 多因子3/5)
2025-11-12 16:09:19 - INFO - 【入场】RESOLVUSDT BUY @ 0.129480 (20.00 USDT, 信心度60.0%, 多因子3/5)
2025-11-12 16:12:34 - INFO - 【离场】ZENUSDT BUY @ 12.778000 (STOP_LOSS) 盈亏: -1.06% (-0.2055)
2025-11-12 16:16:45 - INFO - 【离场】CVCUSDT SELL @ 0.061580 (STOP_LOSS) 盈亏: -0.77% (-0.1537)
2025-11-12 16:17:44 - INFO - 【离场】SOONUSDT BUY @ 2.112200 (STOP_LOSS) 盈亏: -0.79% (-0.1521)
2025-11-12 16:33:19 - INFO - 【入场】ZENUSDT BUY @ 12.922000 (20.00 USDT, 信心度80.0%, 多因子3/5)
2025-11-12 16:38:48 - INFO - 【分批平仓】ZENUSDT BUY 数量0.600000 (PARTIAL_STAGE1) 盈亏: +1.04% (+0.0810)
2025-11-12 18:18:19 - INFO - 【入场】MMTUSDT BUY @ 0.470100 (20.00 USDT, 信心度80.0%, 多因子3/5)
2025-11-12 18:23:57 - INFO - 【分批平仓】MMTUSDT BUY 数量16.800000 (PARTIAL_STAGE1) 盈亏: +0.94% (+0.0739)
2025-11-12 18:36:29 - INFO - 【入场】ORDIUSDT BUY @ 5.105000 (20.00 USDT, 信心度80.0%, 多因子3/5)
2025-11-12 18:36:30 - INFO - 【入场】SNXUSDT BUY @ 0.826000 (20.00 USDT, 信心度80.0%, 多因子3/5)
2025-11-12 18:44:30 - INFO - 【离场】ORDIUSDT BUY @ 5.084000 (STOP_LOSS) 盈亏: -0.41% (-0.0819)
2025-11-12 18:44:36 - INFO - 【离场】SNXUSDT BUY @ 0.821000 (STOP_LOSS) 盈亏: -0.61% (-0.1205)
2025-11-12 19:00:24 - INFO - 【入场】COTIUSDT BUY @ 0.042670 (20.00 USDT, 信心度80.0%, 多因子3/5)
2025-11-12 19:15:19 - INFO - 【入场】SOONUSDT BUY @ 2.135000 (20.00 USDT, 信心度80.0%, 多因子3/5)
2025-11-12 19:15:23 - INFO - 【分批平仓】COTIUSDT BUY 数量187.200000 (PARTIAL_STAGE1) 盈亏: +0.84% (+0.0674)
2025-11-12 19:22:45 - INFO - 【分批平仓】SOONUSDT BUY 数量3.600000 (PARTIAL_STAGE1) 盈亏: +0.73% (+0.0562)
2025-11-12 19:24:23 - INFO - 【入场】PROMPTUSDT BUY @ 0.085850 (20.00 USDT, 信心度80.0%, 多因子3/5)
2025-11-12 19:32:30 - INFO - 【离场】PROMPTUSDT BUY @ 0.085090 (STOP_LOSS) 盈亏: -0.89% (-0.1763)
2025-11-12 19:54:14 - INFO - 【入场】GIGGLEUSDT BUY @ 164.630000 (20.00 USDT, 信心度80.0%, 多因子3/5)
2025-11-12 20:00:23 - INFO - 【入场】FOLKSUSDT BUY @ 6.055000 (20.00 USDT, 信心度80.0%, 多因子3/5)
2025-11-12 20:15:03 - INFO - 【分批平仓】GIGGLEUSDT BUY 数量0.048000 (PARTIAL_STAGE1) 盈亏: +1.28% (+0.1008)
2025-11-12 20:15:25 - INFO - 【入场】MERLUSDT BUY @ 0.381230 (20.00 USDT, 信心度80.0%, 多因子3/5)
2025-11-12 20:18:00 - INFO - 【分批平仓】FOLKSUSDT BUY 数量1.320000 (PARTIAL_STAGE1) 盈亏: +1.27% (+0.1016)
2025-11-12 20:19:25 - INFO - 【分批平仓】MERLUSDT BUY 数量20.800000 (PARTIAL_STAGE1) 盈亏: +0.54% (+0.0426)
2025-11-12 20:21:24 - INFO - 【入场】TRUSTUSDT BUY @ 0.171200 (20.00 USDT, 信心度80.0%, 多因子3/5)
2025-11-12 20:41:20 - INFO - 【离场】TRUSTUSDT BUY @ 0.170200 (STOP_LOSS) 盈亏: -0.58% (-0.1160)
2025-11-12 21:00:28 - INFO - 【入场】SUSHIUSDT BUY @ 0.520800 (20.00 USDT, 信心度80.0%, 多因子3/5)
2025-11-12 21:02:00 - INFO - 【分批平仓】SUSHIUSDT BUY 数量15.200000 (PARTIAL_STAGE1) 盈亏: +0.56% (+0.0441)
2025-11-12 22:21:22 - INFO - 【入场】TRUTHUSDT BUY @ 0.027347 (20.00 USDT, 信心度80.0%, 多因子3/5)
2025-11-12 22:21:26 - INFO - 【入场】SAPIENUSDT BUY @ 0.219730 (20.00 USDT, 信心度80.0%, 多因子3/5)
2025-11-12 22:29:24 - INFO - 【离场】TRUTHUSDT BUY @ 0.026888 (STOP_LOSS) 盈亏: -1.68% (-0.3355)
2025-11-12 22:29:31 - INFO - 【离场】SAPIENUSDT BUY @ 0.217350 (STOP_LOSS) 盈亏: -1.08% (-0.2166)
2025-11-12 23:06:25 - INFO - 【入场】XMRUSDT BUY @ 387.640000 (20.00 USDT, 信心度80.0%, 多因子3/5)
2025-11-12 23:15:00 - INFO - 【离场】XMRUSDT BUY @ 385.370000 (STOP_LOSS) 盈亏: -0.59% (-0.1158)
2025-11-13 00:52:05 - INFO - 【入场】INJUSDT SELL @ 7.327000 (20.00 USDT, 信心度80.0%, 多因子3/5)
2025-11-13 01:03:32 - INFO - 【入场】XPLUSDT SELL @ 0.252400 (20.00 USDT, 信心度80.0%, 多因子3/5)
2025-11-13 01:16:51 - INFO - 【离场】XPLUSDT SELL @ 0.255200 (STOP_LOSS) 盈亏: -1.11% (-0.2212)
2025-11-13 01:39:23 - INFO - 【离场】INJUSDT SELL @ 7.404000 (STOP_LOSS) 盈亏: -1.05% (-0.2079)
2025-11-13 01:39:35 - INFO - 【入场】KITEUSDT BUY @ 0.086720 (20.00 USDT, 信心度80.0%, 多因子3/5)
2025-11-13 01:39:45 - INFO - 【入场】TRUTHUSDT BUY @ 0.027621 (20.00 USDT, 信心度80.0%, 多因子4/5)
2025-11-13 01:39:48 - INFO - 【入场】COAIUSDT BUY @ 0.874000 (20.00 USDT, 信心度80.0%, 多因子3/5)
2025-11-13 01:44:32 - INFO - 【分批平仓】TRUTHUSDT BUY 数量289.200000 (PARTIAL_STAGE1) 盈亏: +1.49% (+0.1192)
2025-11-13 01:45:30 - INFO - 【分批平仓】COAIUSDT BUY 数量8.800000 (PARTIAL_STAGE1) 盈亏: +1.60% (+0.1232)
2025-11-13 01:47:55 - INFO - 【离场】KITEUSDT BUY @ 0.085700 (STOP_LOSS) 盈亏: -1.18% (-0.2346)
2025-11-13 03:30:34 - INFO - 【入场】STBLUSDT BUY @ 0.092590 (20.00 USDT, 信心度80.0%, 多因子3/5)
2025-11-13 03:33:22 - INFO - 【入场】AIAUSDT BUY @ 1.576900 (20.00 USDT, 信心度80.0%, 多因子3/5)
2025-11-13 03:45:42 - INFO - 【分批平仓】STBLUSDT BUY 数量86.400000 (PARTIAL_STAGE1) 盈亏: +1.39% (+0.1115)
2025-11-13 03:48:41 - INFO - 【分批平仓】AIAUSDT BUY 数量4.800000 (PARTIAL_STAGE1) 盈亏: +1.77% (+0.1339)
2025-11-13 04:12:25 - INFO - 【入场】FETUSDT BUY @ 0.318600 (20.00 USDT, 信心度80.0%, 多因子3/5)
2025-11-13 04:33:25 - INFO - 【入场】TIAUSDT BUY @ 0.933600 (20.00 USDT, 信心度80.0%, 多因子3/5)
2025-11-13 05:03:37 - INFO - 【离场】TIAUSDT BUY @ 0.926900 (STOP_LOSS) 盈亏: -0.72% (-0.1407)
2025-11-13 05:04:31 - INFO - 【离场】FETUSDT BUY @ 0.315900 (STOP_LOSS) 盈亏: -0.85% (-0.1674)
2025-11-13 05:15:18 - INFO - 【入场】POPCATUSDT BUY @ 0.134500 (20.00 USDT, 信心度80.0%, 多因子3/5)
2025-11-13 05:32:16 - INFO - 【分批平仓】POPCATUSDT BUY 数量59.200000 (PARTIAL_STAGE1) 盈亏: +1.41% (+0.1125)
2025-11-13 05:57:34 - INFO - 【入场】CAKEUSDT BUY @ 2.469300 (20.00 USDT, 信心度80.0%, 多因子3/5)
2025-11-13 06:00:07 - INFO - 【分批平仓】CAKEUSDT BUY 数量3.200000 (PARTIAL_STAGE1) 盈亏: +0.28% (+0.0218)
2025-11-13 08:03:23 - INFO - 【入场】CCUSDT BUY @ 0.133500 (20.00 USDT, 信心度80.0%, 多因子3/5)
2025-11-13 08:09:29 - INFO - 【入场】BIOUSDT BUY @ 0.071990 (20.00 USDT, 信心度80.0%, 多因子3/5)
2025-11-13 08:11:24 - INFO - 【离场】CCUSDT BUY @ 0.131700 (STOP_LOSS) 盈亏: -1.35% (-0.2682)
2025-11-13 08:20:51 - INFO - 【离场】BIOUSDT BUY @ 0.071720 (STOP_LOSS) 盈亏: -0.38% (-0.0748)
2025-11-13 08:36:16 - INFO - 【入场】TAOUSDT BUY @ 351.370000 (20.00 USDT, 信心度75.0%, 多因子3/5)
2025-11-13 08:36:20 - INFO - 【入场】DOTUSDT BUY @ 2.941000 (20.00 USDT, 信心度75.0%, 多因子3/5)
2025-11-13 08:36:22 - INFO - 【入场】FETUSDT BUY @ 0.313600 (20.00 USDT, 信心度75.0%, 多因子3/5)
2025-11-13 08:36:27 - INFO - 【离场】FETUSDT BUY @ 0.313700 (TIME_STOP) 盈亏: -2.66% (-0.5268)
2025-11-13 08:36:30 - INFO - 【入场】4USDT BUY @ 0.053840 (20.00 USDT, 信心度75.0%, 多因子3/5)
2025-11-13 08:36:34 - INFO - 【入场】ORDIUSDT BUY @ 4.780000 (20.00 USDT, 信心度75.0%, 多因子3/5)
2025-11-13 08:36:36 - INFO - 【入场】BIOUSDT BUY @ 0.072080 (20.00 USDT, 信心度75.0%, 多因子3/5)
2025-11-13 10:21:21 - INFO - 【入场】XMRUSDT BUY @ 392.840000 (16.00 USDT, 信心度75.0%, 多因子4/5)
2025-11-13 10:51:26 - INFO - 【入场】JTOUSDT BUY @ 0.735600 (16.00 USDT, 信心度75.0%, 多因子4/5)
2025-11-13 11:30:26 - INFO - 【入场】APRUSDT BUY @ 0.281060 (16.00 USDT, 信心度75.0%, 多因子4/5)
2025-11-13 11:41:23 - INFO - 【分批平仓】XMRUSDT BUY 数量0.016000 (PARTIAL_STAGE1) 盈亏: +0.96% (+0.0602)
2025-11-13 11:41:23 - INFO - 【分批平仓】JTOUSDT BUY 数量8.400000 (PARTIAL_STAGE1) 盈亏: +2.66% (+0.1646)
2025-11-13 11:48:42 - INFO - 【离场】APRUSDT BUY @ 0.279280 (STOP_LOSS) 盈亏: -0.63% (-0.0997)
2025-11-13 12:32:35 - INFO - 【入场】ARIAUSDT BUY @ 0.113240 (16.00 USDT, 信心度75.0%, 多因子4/5)
2025-11-13 12:40:37 - INFO - 【离场】ARIAUSDT BUY @ 0.111160 (STOP_LOSS) 盈亏: -1.84% (-0.2933)
2025-11-13 12:52:35 - INFO - 【入场】42USDT BUY @ 0.084880 (16.00 USDT, 信心度75.0%, 多因子4/5)
2025-11-13 12:55:07 - INFO - 【分批平仓】42USDT BUY 数量75.200000 (PARTIAL_STAGE1) 盈亏: +0.70% (+0.0444)
2025-11-13 13:34:57 - INFO - 【入场】PENDLEUSDT BUY @ 2.661100 (16.00 USDT, 信心度75.0%, 多因子4/5)
2025-11-13 13:36:55 - INFO - 【分批平仓】PENDLEUSDT BUY 数量2.400000 (PARTIAL_STAGE1) 盈亏: +0.38% (+0.0245)
2025-11-13 13:37:03 - INFO - 【入场】THETAUSDT BUY @ 0.454200 (16.00 USDT, 信心度75.0%, 多因子4/5)
2025-11-13 13:46:56 - INFO - 【分批平仓】THETAUSDT BUY 数量14.080000 (PARTIAL_STAGE1) 盈亏: +0.29% (+0.0183)
2025-11-13 13:49:45 - INFO - 【入场】ZECUSDT BUY @ 516.210000 (16.00 USDT, 信心度75.0%, 多因子4/5)
2025-11-13 13:49:56 - INFO - 【入场】XMRUSDT BUY @ 396.770000 (16.00 USDT, 信心度75.0%, 多因子4/5)
2025-11-13 13:49:57 - INFO - 【入场】ZKUSDT BUY @ 0.050280 (16.00 USDT, 信心度75.0%, 多因子4/5)
2025-11-13 13:52:33 - INFO - 【分批平仓】ZECUSDT BUY 数量0.012400 (PARTIAL_STAGE1) 盈亏: +0.62% (+0.0396)
2025-11-13 13:55:03 - INFO - 【分批平仓】ZKUSDT BUY 数量127.200000 (PARTIAL_STAGE1) 盈亏: +0.36% (+0.0229)
2025-11-13 13:59:18 - INFO - 【分批平仓】XMRUSDT BUY 数量0.016000 (PARTIAL_STAGE1) 盈亏: +0.31% (+0.0198)
2025-11-13 14:11:49 - INFO - 【入场】ZENUSDT BUY @ 13.623000 (16.00 USDT, 信心度75.0%, 多因子4/5)
2025-11-13 14:14:09 - INFO - 【分批平仓】ZENUSDT BUY 数量0.440000 (PARTIAL_STAGE1) 盈亏: +0.95% (+0.0568)
2025-11-13 14:16:53 - INFO - 【入场】FOLKSUSDT BUY @ 5.878000 (16.00 USDT, 信心度75.0%, 多因子4/5)
2025-11-13 14:24:51 - INFO - 【入场】0GUSDT BUY @ 1.320100 (16.00 USDT, 信心度75.0%, 多因子4/5)
2025-11-13 14:24:59 - INFO - 【离场】FOLKSUSDT BUY @ 5.817000 (STOP_LOSS) 盈亏: -1.04% (-0.1647)
2025-11-13 14:37:59 - INFO - 【分批平仓】0GUSDT BUY 数量4.800000 (PARTIAL_STAGE1) 盈亏: +0.39% (+0.0250)
2025-11-13 14:55:03 - INFO - 【入场】0GUSDT BUY @ 1.326900 (16.00 USDT, 信心度75.0%, 多因子4/5)
2025-11-13 15:09:14 - INFO - 【分批平仓】0GUSDT BUY 数量2.160000 (PARTIAL_STAGE2) 盈亏: +0.14% (+0.0039)
2025-11-13 15:12:29 - INFO - 【离场】0GUSDT BUY @ 1.322400 (STOP_LOSS) 盈亏: -0.25% (-0.0404)
2025-11-13 15:13:01 - INFO - 【入场】STRKUSDT BUY @ 0.142800 (16.00 USDT, 信心度75.0%, 多因子4/5)
2025-11-13 15:15:49 - INFO - 【入场】ZKUSDT BUY @ 0.049990 (16.00 USDT, 信心度75.0%, 多因子4/5)
2025-11-13 15:15:55 - INFO - 【离场】ZKUSDT BUY @ 0.049960 (STOP_LOSS) 盈亏: -0.06% (-0.0096)
2025-11-13 15:16:47 - INFO - 【分批平仓】STRKUSDT BUY 数量44.800000 (PARTIAL_STAGE1) 盈亏: +0.84% (+0.0538)
2025-11-13 15:17:05 - INFO - 【入场】DOGEUSDT BUY @ 0.176670 (16.00 USDT, 信心度75.0%, 多因子4/5)
2025-11-13 15:33:15 - INFO - 【离场】DOGEUSDT BUY @ 0.176280 (STOP_LOSS) 盈亏: -0.22% (-0.0351)
2025-11-13 19:14:37 - INFO - 【入场】ENSUSDT BUY @ 14.235000 (16.00 USDT, 信心度75.0%, 多因子4/5)
2025-11-13 19:22:41 - INFO - 【离场】ENSUSDT BUY @ 14.196000 (STOP_LOSS) 盈亏: -0.27% (-0.0429)
2025-11-13 20:22:36 - INFO - 【入场】PUFFERUSDT BUY @ 0.091330 (16.00 USDT, 信心度75.0%, 多因子4/5)
2025-11-13 20:37:00 - INFO - 【离场】PUFFERUSDT BUY @ 0.089960 (STOP_LOSS) 盈亏: -1.50% (-0.2397)
2025-11-13 20:46:43 - INFO - 【入场】ORDIUSDT BUY @ 4.846000 (16.00 USDT, 信心度75.0%, 多因子4/5)
2025-11-13 20:50:32 - INFO - 【入场】ZKUSDT BUY @ 0.049990 (16.00 USDT, 信心度75.0%, 多因子4/5)
2025-11-13 20:54:54 - INFO - 【离场】ORDIUSDT BUY @ 4.836000 (STOP_LOSS) 盈亏: -0.21% (-0.0330)
2025-11-13 20:58:36 - INFO - 【离场】ZKUSDT BUY @ 0.049660 (STOP_LOSS) 盈亏: -0.66% (-0.1056)
2025-11-13 21:02:11 - INFO - 【入场】PYTHUSDT BUY @ 0.102620 (16.00 USDT, 信心度75.0%, 多因子4/5)
2025-11-13 21:16:39 - INFO - 【分批平仓】PYTHUSDT BUY 数量62.000000 (PARTIAL_STAGE1) 盈亏: +0.10% (+0.0062)
2025-11-13 22:26:22 - INFO - 【入场】TRUTHUSDT BUY @ 0.028747 (16.00 USDT, 信心度75.0%, 多因子3/5)
2025-11-13 22:28:25 - INFO - 【分批平仓】TRUTHUSDT BUY 数量222.400000 (PARTIAL_STAGE1) 盈亏: +1.64% (+0.1050)
2025-11-13 23:15:15 - INFO - 【入场】ZENUSDT BUY @ 12.976000 (16.00 USDT, 信心度75.0%, 多因子3/5)
2025-11-13 23:15:21 - INFO - 【入场】TAKEUSDT BUY @ 0.334920 (16.00 USDT, 信心度75.0%, 多因子3/5)
2025-11-13 23:15:26 - INFO - 【入场】OPUSDT BUY @ 0.428800 (16.00 USDT, 信心度75.0%, 多因子4/5)
2025-11-13 23:18:29 - INFO - 【入场】HUSDT BUY @ 0.168560 (16.00 USDT, 信心度75.0%, 多因子3/5)
2025-11-13 23:23:22 - INFO - 【离场】ZENUSDT BUY @ 12.745000 (STOP_LOSS) 盈亏: -1.78% (-0.2772)
2025-11-13 23:23:29 - INFO - 【离场】TAKEUSDT BUY @ 0.332780 (STOP_LOSS) 盈亏: -0.64% (-0.1006)
2025-11-13 23:23:31 - INFO - 【离场】OPUSDT BUY @ 0.425200 (STOP_LOSS) 盈亏: -0.84% (-0.1339)
2025-11-13 23:26:20 - INFO - 【入场】0GUSDT BUY @ 1.374300 (16.00 USDT, 信心度75.0%, 多因子3/5)
2025-11-13 23:32:57 - INFO - 【离场】HUSDT BUY @ 0.167170 (STOP_LOSS) 盈亏: -0.82% (-0.1307)
2025-11-13 23:34:24 - INFO - 【离场】0GUSDT BUY @ 1.363200 (STOP_LOSS) 盈亏: -0.81% (-0.1221)
2025-11-14 00:02:29 - INFO - 【入场】TRBUSDT BUY @ 26.879000 (16.00 USDT, 信心度75.0%, 多因子3/5)
2025-11-14 00:03:21 - INFO - 【入场】LINEAUSDT BUY @ 0.013160 (16.00 USDT, 信心度75.0%, 多因子3/5)
2025-11-14 00:11:06 - INFO - 【离场】TRBUSDT BUY @ 26.747000 (STOP_LOSS) 盈亏: -0.49% (-0.0660)
2025-11-14 00:11:25 - INFO - 【离场】LINEAUSDT BUY @ 0.013090 (STOP_LOSS) 盈亏: -0.53% (-0.0851)
2025-11-14 00:15:13 - INFO - 【入场】ZECUSDT BUY @ 502.290000 (16.00 USDT, 信心度75.0%, 多因子3/5)
2025-11-14 00:25:33 - INFO - 【离场】ZECUSDT BUY @ 495.860000 (STOP_LOSS) 盈亏: -1.28% (-0.1993)
2025-11-14 02:16:25 - INFO - 【入场】TRUTHUSDT BUY @ 0.029372 (16.00 USDT, 信心度66.7%, 多因子4/5)
2025-11-14 02:24:53 - INFO - 【离场】TRUTHUSDT BUY @ 0.029157 (STOP_LOSS) 盈亏: -0.73% (-0.1170)
2025-11-14 05:02:32 - INFO - 【入场】BDXNUSDT BUY @ 0.084240 (16.00 USDT, 信心度77.8%, 多因子4/5)
2025-11-14 05:13:08 - INFO - 【分批平仓】BDXNUSDT BUY 数量75.600000 (PARTIAL_STAGE1) 盈亏: +0.84% (+0.0537)
2025-11-14 06:10:19 - INFO - 【入场】WIFUSDT BUY @ 0.430200 (16.00 USDT, 信心度77.8%, 多因子4/5)
2025-11-14 06:10:31 - INFO - 【入场】SEIUSDT BUY @ 0.165200 (16.00 USDT, 信心度66.7%, 多因子4/5)
2025-11-14 06:10:35 - INFO - 【入场】RENDERUSDT BUY @ 2.201000 (16.00 USDT, 信心度66.7%, 多因子4/5)
2025-11-14 06:10:39 - INFO - 【入场】ATOMUSDT BUY @ 2.815000 (16.00 USDT, 信心度77.8%, 多因子4/5)
2025-11-14 06:10:41 - INFO - 【入场】SPXUSDT BUY @ 0.596700 (16.00 USDT, 信心度66.7%, 多因子4/5)
2025-11-14 06:10:46 - INFO - 【入场】ENSUSDT BUY @ 13.147000 (16.00 USDT, 信心度77.8%, 多因子4/5)
2025-11-14 06:11:38 - INFO - 【分批平仓】ENSUSDT BUY 数量0.480000 (PARTIAL_STAGE1) 盈亏: +0.43% (+0.0269)
2025-11-14 06:11:44 - INFO - 【分批平仓】SEIUSDT BUY 数量38.400000 (PARTIAL_STAGE1) 盈亏: +0.48% (+0.0307)
2025-11-14 06:11:44 - INFO - 【分批平仓】RENDERUSDT BUY 数量2.880000 (PARTIAL_STAGE1) 盈亏: +0.55% (+0.0346)
2025-11-14 06:11:45 - INFO - 【分批平仓】WIFUSDT BUY 数量14.840000 (PARTIAL_STAGE1) 盈亏: +0.56% (+0.0356)
2025-11-14 06:12:32 - INFO - 【入场】POLUSDT BUY @ 0.163510 (16.00 USDT, 信心度66.7%, 多因子4/5)
2025-11-14 06:12:54 - INFO - 【分批平仓】SPXUSDT BUY 数量10.400000 (PARTIAL_STAGE1) 盈亏: +0.60% (+0.0374)
2025-11-14 06:13:23 - INFO - 【入场】TONUSDT BUY @ 1.959000 (16.00 USDT, 信心度77.8%, 多因子4/5)
2025-11-14 06:13:33 - INFO - 【入场】GLMUSDT BUY @ 0.226950 (16.00 USDT, 信心度77.8%, 多因子4/5)
2025-11-14 06:14:32 - INFO - 【分批平仓】ATOMUSDT BUY 数量2.272000 (PARTIAL_STAGE1) 盈亏: +0.39% (+0.0250)
2025-11-14 06:15:10 - INFO - 【分批平仓】GLMUSDT BUY 数量28.000000 (PARTIAL_STAGE1) 盈亏: +0.43% (+0.0272)
2025-11-14 06:23:49 - INFO - 【分批平仓】POLUSDT BUY 数量38.800000 (PARTIAL_STAGE1) 盈亏: +0.35% (+0.0225)
2025-11-14 06:25:59 - INFO - 【分批平仓】TONUSDT BUY 数量3.240000 (PARTIAL_STAGE1) 盈亏: +0.36% (+0.0227)
2025-11-14 06:46:15 - INFO - 【入场】PARTIUSDT BUY @ 0.081010 (16.00 USDT, 信心度66.7%, 多因子4/5)
2025-11-14 06:50:26 - INFO - 【分批平仓】PARTIUSDT BUY 数量78.800000 (PARTIAL_STAGE1) 盈亏: +0.58% (+0.0370)
2025-11-14 07:15:28 - INFO - 【入场】CAKEUSDT BUY @ 2.391400 (16.00 USDT, 信心度66.7%, 多因子4/5)
2025-11-14 07:17:39 - INFO - 【分批平仓】CAKEUSDT BUY 数量2.400000 (PARTIAL_STAGE1) 盈亏: +0.20% (+0.0115)
2025-11-14 07:21:22 - INFO - 【入场】USUALUSDT BUY @ 0.033880 (16.00 USDT, 信心度66.7%, 多因子4/5)
2025-11-14 07:21:31 - INFO - 【入场】CFXUSDT BUY @ 0.090660 (16.00 USDT, 信心度88.9%, 多因子4/5)
2025-11-14 07:21:36 - INFO - 【入场】JUPUSDT BUY @ 0.313100 (16.00 USDT, 信心度77.8%, 多因子4/5)
2025-11-14 07:39:04 - INFO - 【分批平仓】JUPUSDT BUY 数量20.400000 (PARTIAL_STAGE1) 盈亏: +0.35% (+0.0224)
2025-11-14 07:47:40 - INFO - 【离场】CFXUSDT BUY @ 0.090460 (STOP_LOSS) 盈亏: -0.22% (-0.0352)
2025-11-14 07:50:29 - INFO - 【入场】GLMUSDT BUY @ 0.228780 (16.00 USDT, 信心度77.8%, 多因子4/5)
2025-11-14 07:50:32 - INFO - 【离场】GLMUSDT BUY @ 0.228780 (TIME_STOP) 盈亏: +0.00% (+0.0000)
2025-11-14 07:52:06 - INFO - 【离场】USUALUSDT BUY @ 0.033620 (STOP_LOSS) 盈亏: -0.77% (-0.1227)
2025-11-14 10:31:44 - INFO - 【入场】DOGEUSDT BUY @ 0.165080 (16.00 USDT, 信心度66.7%, 多因子4/5)
2025-11-14 10:31:49 - INFO - 【入场】RESOLVUSDT BUY @ 0.152990 (16.00 USDT, 信心度66.7%, 多因子4/5)
2025-11-14 10:39:34 - INFO - 【分批平仓】RESOLVUSDT BUY 数量41.600000 (PARTIAL_STAGE1) 盈亏: +1.33% (+0.0849)
2025-11-14 10:39:45 - INFO - 【分批平仓】DOGEUSDT BUY 数量38.400000 (PARTIAL_STAGE1) 盈亏: +0.16% (+0.0100)
2025-11-14 10:56:31 - INFO - 【入场】SYRUPUSDT BUY @ 0.462470 (16.00 USDT, 信心度77.8%, 多因子4/5)
2025-11-14 11:01:48 - INFO - 【入场】ORDIUSDT BUY @ 4.565000 (16.00 USDT, 信心度66.7%, 多因子4/5)
2025-11-14 11:04:35 - INFO - 【离场】SYRUPUSDT BUY @ 0.459790 (STOP_LOSS) 盈亏: -0.58% (-0.0911)
2025-11-14 11:11:50 - INFO - 【离场】ORDIUSDT BUY @ 4.554000 (STOP_LOSS) 盈亏: -0.24% (-0.0385)
2025-11-14 11:55:56 - INFO - 【入场】ICPUSDT BUY @ 5.996000 (16.00 USDT, 信心度77.8%, 多因子4/5)
2025-11-14 11:59:54 - INFO - 【入场】BANKUSDT BUY @ 0.054860 (16.00 USDT, 信心度66.7%, 多因子4/5)
2025-11-14 12:04:04 - INFO - 【离场】ICPUSDT BUY @ 5.969000 (STOP_LOSS) 盈亏: -0.45% (-0.0540)
2025-11-14 12:08:00 - INFO - 【离场】BANKUSDT BUY @ 0.053880 (STOP_LOSS) 盈亏: -1.79% (-0.2852)
2025-11-14 12:15:56 - INFO - 【入场】ICPUSDT BUY @ 5.991000 (16.00 USDT, 信心度77.8%, 多因子4/5)
2025-11-14 12:23:58 - INFO - 【离场】ICPUSDT BUY @ 5.966000 (STOP_LOSS) 盈亏: -0.42% (-0.0500)
2025-11-14 13:27:25 - INFO - 【入场】GLMUSDT BUY @ 0.239090 (16.00 USDT, 信心度66.7%, 多因子4/5)
2025-11-14 13:27:27 - INFO - 【离场】GLMUSDT BUY @ 0.239090 (TIME_STOP) 盈亏: +3.38% (+0.5371)
2025-11-14 13:29:25 - INFO - 【入场】GLMUSDT BUY @ 0.239570 (16.00 USDT, 信心度66.7%, 多因子4/5)
2025-11-14 13:37:53 - INFO - 【离场】GLMUSDT BUY @ 0.237640 (STOP_LOSS) 盈亏: -0.81% (-0.1274)
2025-11-14 14:00:24 - INFO - 【入场】BABYUSDT BUY @ 0.027580 (16.00 USDT, 信心度66.7%, 多因子4/5)
2025-11-14 14:00:58 - INFO - 【入场】ARBUSDT BUY @ 0.241200 (16.00 USDT, 信心度66.7%, 多因子4/5)
2025-11-14 14:04:04 - INFO - 【分批平仓】BABYUSDT BUY 数量232.000000 (PARTIAL_STAGE1) 盈亏: +0.62% (+0.0394)
2025-11-14 14:09:11 - INFO - 【离场】ARBUSDT BUY @ 0.240000 (STOP_LOSS) 盈亏: -0.50% (-0.0796)
2025-11-14 15:50:28 - INFO - 【入场】SAFEUSDT BUY @ 0.172800 (16.00 USDT, 信心度62.5%, 多因子4/5)
2025-11-14 15:58:34 - INFO - 【离场】SAFEUSDT BUY @ 0.172100 (STOP_LOSS) 盈亏: -0.41% (-0.0644)
2025-11-14 17:01:49 - INFO - 【入场】GLMUSDT BUY @ 0.239790 (16.00 USDT, 信心度62.5%, 多因子4/5)
2025-11-14 17:07:15 - INFO - 【分批平仓】GLMUSDT BUY 数量26.400000 (PARTIAL_STAGE1) 盈亏: +0.69% (+0.0436)
2025-11-14 17:16:37 - INFO - 【入场】METUSDT BUY @ 0.490600 (16.00 USDT, 信心度62.5%, 多因子4/5)
2025-11-14 17:17:49 - INFO - 【入场】GLMUSDT BUY @ 0.243830 (16.00 USDT, 信心度62.5%, 多因子4/5)
2025-11-14 17:17:56 - INFO - 【分批平仓】GLMUSDT BUY 数量11.880000 (PARTIAL_STAGE2) 盈亏: +0.21% (+0.0059)
2025-11-14 17:19:58 - INFO - 【离场】GLMUSDT BUY @ 0.244110 (STOP_LOSS) 盈亏: +0.13% (+0.0208)
2025-11-14 17:25:41 - INFO - 【离场】METUSDT BUY @ 0.485400 (STOP_LOSS) 盈亏: -1.06% (-0.1664)
2025-11-14 17:45:46 - INFO - 【入场】GLMUSDT BUY @ 0.244450 (16.00 USDT, 信心度62.5%, 多因子4/5)
2025-11-14 17:55:41 - INFO - 【离场】GLMUSDT BUY @ 0.242350 (STOP_LOSS) 盈亏: -0.86% (-0.1365)
2025-11-14 18:05:36 - INFO - 【入场】METUSDT BUY @ 0.489400 (16.00 USDT, 信心度62.5%, 多因子4/5)
2025-11-14 18:13:52 - INFO - 【离场】METUSDT BUY @ 0.485800 (STOP_LOSS) 盈亏: -0.74% (-0.1152)
2025-11-14 18:17:45 - INFO - 【入场】TRUTHUSDT BUY @ 0.031376 (16.00 USDT, 信心度62.5%, 多因子4/5)
2025-11-14 18:28:53 - INFO - 【入场】OMUSDT SELL @ 0.088010 (16.00 USDT, 信心度62.5%, 多因子4/5)
2025-11-14 18:37:03 - INFO - 【离场】OMUSDT SELL @ 0.088260 (STOP_LOSS) 盈亏: -0.28% (-0.0454)
2025-11-14 18:50:58 - INFO - 【入场】COAIUSDT BUY @ 0.692000 (16.00 USDT, 信心度62.5%, 多因子4/5)
2025-11-14 19:01:17 - INFO - 【离场】COAIUSDT BUY @ 0.687000 (STOP_LOSS) 盈亏: -0.72% (-0.1150)
2025-11-14 19:04:43 - INFO - 【入场】0GUSDT BUY @ 1.242800 (16.00 USDT, 信心度75.0%, 多因子4/5)
2025-11-14 19:12:47 - INFO - 【离场】0GUSDT BUY @ 1.232300 (STOP_LOSS) 盈亏: -0.84% (-0.1260)
2025-11-14 19:23:46 - INFO - 【入场】GLMUSDT BUY @ 0.246840 (16.00 USDT, 信心度62.5%, 多因子4/5)
2025-11-14 19:26:57 - INFO - 【分批平仓】GLMUSDT BUY 数量25.600000 (PARTIAL_STAGE1) 盈亏: +0.98% (+0.0622)
2025-11-14 19:32:56 - INFO - 【分批平仓】TRUTHUSDT BUY 数量203.600000 (PARTIAL_STAGE1) 盈亏: +2.59% (+0.1653)
2025-11-14 19:40:31 - INFO - 【入场】UNIUSDT BUY @ 7.230000 (16.00 USDT, 信心度62.5%, 多因子4/5)
2025-11-14 19:52:16 - INFO - 【离场】UNIUSDT BUY @ 7.211000 (STOP_LOSS) 盈亏: -0.26% (-0.0380)
2025-11-14 20:13:29 - INFO - 【入场】BEATUSDT BUY @ 0.437750 (16.00 USDT, 信心度62.5%, 多因子4/5)
2025-11-14 20:18:40 - INFO - 【分批平仓】BEATUSDT BUY 数量14.400000 (PARTIAL_STAGE1) 盈亏: +1.75% (+0.1102)
2025-11-14 20:24:32 - INFO - 【入场】LSKUSDT BUY @ 0.298300 (16.00 USDT, 信心度62.5%, 多因子4/5)
2025-11-14 20:32:34 - INFO - 【离场】LSKUSDT BUY @ 0.292200 (STOP_LOSS) 盈亏: -2.04% (-0.3233)
2025-11-14 20:47:01 - INFO - 【入场】GLMUSDT BUY @ 0.246320 (16.00 USDT, 信心度62.5%, 多因子4/5)
2025-11-14 20:47:02 - INFO - 【离场】GLMUSDT BUY @ 0.246050 (STOP_LOSS) 盈亏: +0.20% (+0.0319)
2025-11-14 20:48:01 - INFO - 【入场】GLMUSDT BUY @ 0.246270 (16.00 USDT, 信心度75.0%, 多因子4/5)
2025-11-14 20:49:04 - INFO - 【分批平仓】GLMUSDT BUY 数量25.600000 (PARTIAL_STAGE1) 盈亏: +0.57% (+0.0358)
2025-11-14 21:09:47 - INFO - 【入场】MMTUSDT BUY @ 0.372400 (16.00 USDT, 信心度62.5%, 多因子4/5)
2025-11-14 21:30:53 - INFO - 【入场】FOLKSUSDT BUY @ 5.735000 (16.00 USDT, 信心度62.5%, 多因子4/5)
2025-11-14 21:34:54 - INFO - 【离场】MMTUSDT BUY @ 0.369400 (STOP_LOSS) 盈亏: -0.81% (-0.1260)
2025-11-14 21:39:01 - INFO - 【离场】FOLKSUSDT BUY @ 5.699000 (STOP_LOSS) 盈亏: -0.63% (-0.0972)
2025-11-14 21:53:56 - INFO - 【入场】KITEUSDT BUY @ 0.071970 (16.00 USDT, 信心度62.5%, 多因子4/5)
2025-11-14 21:55:45 - INFO - 【入场】TRUMPUSDT BUY @ 7.181000 (16.00 USDT, 信心度62.5%, 多因子4/5)
2025-11-14 21:56:52 - INFO - 【入场】USUALUSDT BUY @ 0.030940 (16.00 USDT, 信心度62.5%, 多因子4/5)
2025-11-14 21:59:48 - INFO - 【入场】OPUSDT BUY @ 0.379500 (16.00 USDT, 信心度62.5%, 多因子4/5)
2025-11-14 22:00:38 - INFO - 【入场】BNBUSDT BUY @ 907.080000 (16.00 USDT, 信心度62.5%, 多因子4/5)
2025-11-14 22:00:54 - INFO - 【入场】INJUSDT BUY @ 7.001000 (16.00 USDT, 信心度62.5%, 多因子4/5)
2025-11-14 22:06:00 - INFO - 【入场】NEIROUSDT BUY @ 0.000144 (16.00 USDT, 信心度62.5%, 多因子4/5)
2025-11-14 22:06:00 - INFO - 【分批平仓】TRUMPUSDT BUY 数量0.888000 (PARTIAL_STAGE1) 盈亏: +0.50% (+0.0320)
2025-11-14 22:06:16 - INFO - 【分批平仓】BNBUSDT BUY 数量0.004000 (PARTIAL_STAGE1) 盈亏: +0.52% (+0.0189)
2025-11-14 22:06:47 - INFO - 【入场】XPLUSDT BUY @ 0.231000 (16.00 USDT, 信心度62.5%, 多因子4/5)
2025-11-14 22:07:35 - INFO - 【分批平仓】OPUSDT BUY 数量16.840000 (PARTIAL_STAGE1) 盈亏: +0.87% (+0.0556)
2025-11-14 22:11:32 - INFO - 【离场】USUALUSDT BUY @ 0.030650 (STOP_LOSS) 盈亏: -0.94% (-0.1499)
2025-11-14 22:12:58 - INFO - 【离场】KITEUSDT BUY @ 0.071390 (STOP_LOSS) 盈亏: -0.81% (-0.1288)
2025-11-14 22:14:03 - INFO - 【离场】NEIROUSDT BUY @ 0.000143 (STOP_LOSS) 盈亏: -0.69% (-0.1107)
2025-11-14 22:14:52 - INFO - 【离场】XPLUSDT BUY @ 0.228800 (STOP_LOSS) 盈亏: -0.95% (-0.1518)
2025-11-14 22:29:38 - INFO - 【离场】INJUSDT BUY @ 6.948000 (STOP_LOSS) 盈亏: -0.76% (-0.1166)
2025-11-14 22:30:01 - INFO - 【入场】SOONUSDT BUY @ 2.070200 (16.00 USDT, 信心度62.5%, 多因子4/5)
2025-11-14 22:38:04 - INFO - 【离场】SOONUSDT BUY @ 2.041200 (STOP_LOSS) 盈亏: -1.40% (-0.2030)
2025-11-14 22:42:57 - INFO - 【入场】RENDERUSDT BUY @ 2.159000 (16.00 USDT, 信心度62.5%, 多因子4/5)
2025-11-14 22:43:00 - INFO - 【离场】RENDERUSDT BUY @ 2.159000 (TIME_STOP) 盈亏: -0.93% (-0.1468)
2025-11-14 22:44:58 - INFO - 【入场】ARUSDT BUY @ 4.589000 (16.00 USDT, 信心度62.5%, 多因子4/5)
2025-11-14 22:50:04 - INFO - 【入场】JUPUSDT BUY @ 0.293400 (16.00 USDT, 信心度62.5%, 多因子4/5)
2025-11-14 22:53:53 - INFO - 【入场】TIAUSDT BUY @ 0.915100 (16.00 USDT, 信心度62.5%, 多因子4/5)
2025-11-14 23:03:39 - INFO - 【离场】TIAUSDT BUY @ 0.906500 (STOP_LOSS) 盈亏: -0.94% (-0.1462)
