2025-11-28 10:32:05,586 - [入场] BANANAS31USDT | 方向:SHORT | 价格:0.0050 | RSI预估:安全 | 止损:0.0050 | 止盈:0.0049
2025-11-28 10:35:52,729 - [离场] TNSRUSDT | 原因:止损 | 方向:SHORT
2025-11-28 10:36:03,014 - [离场] BANANAS31USDT | 原因:止损 | 方向:SHORT
2025-11-28 10:37:13,644 - [入场] SQDUSDT | 方向:LONG | 价格:0.0950 | RSI预估:安全 | 止损:0.0918 | 止盈:0.1010
2025-11-28 10:42:25,547 - [入场] UNIUSDT | 方向:SHORT | 价格:6.0660 | RSI预估:安全 | 止损:6.0927 | 止盈:6.0160
2025-11-28 10:54:23,490 - [离场] UNIUSDT | 原因:止损 | 方向:SHORT
2025-11-28 10:56:26,852 - [离场] PUMPUSDT | 原因:STOP(强平) | 盈亏:-0.0452USDT
2025-11-28 10:56:27,188 - [离场] ENAUSDT | 原因:STOP(强平) | 盈亏:-0.0210USDT
2025-11-28 10:57:12,456 - [入场] PIPPINUSDT | 方向:LONG | 价格:0.0686 | RSI预估:安全 | 止损:0.0668 | 止盈:0.0721
2025-11-28 11:00:24,976 - [离场] RESOLVUSDT | 原因:挂单触发 | 方向:SHORT
2025-11-28 11:00:24,976 - [离场] SQDUSDT | 原因:挂单触发 | 方向:LONG
2025-11-28 11:00:24,976 - [离场] PIPPINUSDT | 原因:挂单触发 | 方向:LONG
2025-11-28 11:05:13,334 - [入场] MONUSDT | 方向:SHORT | 价格:0.0371 | RSI预估:安全 | 止损:0.0378 | 止盈:0.0360
2025-11-28 11:11:39,647 - [入场] ORCAUSDT | 方向:SHORT | 价格:1.3210 | RSI预估:安全 | 止损:1.3465 | 止盈:1.2731
2025-11-28 11:17:03,327 - [入场] XRPUSDT | 方向:SHORT | 价格:2.1795 | RSI预估:安全 | 止损:2.1872 | 止盈:2.1650
2025-11-28 11:32:56,002 - [入场] DASHUSDT | 方向:SHORT | 价格:58.2400 | 止损:58.7937 | 止盈:57.2018
2025-11-28 11:40:06,994 - [入场] ENAUSDT | 方向:SHORT | 价格:0.2802 | 止损:0.2819 | 止盈:0.2769
2025-11-28 12:00:21,965 - [离场] MONUSDT | 原因:挂单触发 | 方向:SHORT
2025-11-28 12:00:21,965 - [离场] DASHUSDT | 原因:挂单触发 | 方向:SHORT
2025-11-28 12:00:21,965 - [离场] ENAUSDT | 原因:挂单触发 | 方向:SHORT
2025-11-28 12:00:21,965 - [离场] ORCAUSDT | 原因:挂单触发 | 方向:SHORT
2025-11-28 12:00:21,965 - [离场] XRPUSDT | 原因:挂单触发 | 方向:SHORT
2025-11-28 12:24:11,959 - [入场] TRUSTUSDT | 方向:LONG | 价格:0.1955 | RSI预估:安全 | 止损:0.1919 | 止盈:0.2023
2025-11-28 12:33:58,861 - [离场] TRUSTUSDT | 原因:止盈 | 方向:LONG
2025-11-28 12:35:35,180 - [入场] HYPEUSDT | 方向:LONG | 价格:35.4790 | RSI预估:安全 | 止损:35.2630 | 止盈:35.8840
2025-11-28 12:45:27,923 - [离场] HYPEUSDT | 原因:止损 | 方向:LONG
2025-11-28 12:47:29,657 - [入场] BANANAS31USDT | 方向:SHORT | 价格:0.0046 | RSI预估:安全 | 止损:0.0047 | 止盈:0.0044
2025-11-28 12:52:30,592 - [离场] BANANAS31USDT | 原因:止损 | 方向:SHORT
2025-11-28 12:57:21,794 - [入场] SOLUSDT | 方向:LONG | 价格:139.9900 | RSI预估:安全 | 止损:139.5414 | 止盈:140.8311
2025-11-28 13:00:24,521 - [离场] SOLUSDT | 原因:挂单触发 | 方向:LONG
2025-11-28 13:09:00,530 - [入场] BNBUSDT | 方向:LONG | 价格:896.6500 | 止损:893.9803 | 止盈:901.6557
2025-11-28 13:11:47,522 - [入场] PUMPUSDT | 方向:LONG | 价格:0.0029 | 止损:0.0029 | 止盈:0.0030
2025-11-28 13:28:23,735 - [入场] YALAUSDT | 方向:SHORT | 价格:0.0447 | 止损:0.0454 | 止盈:0.0432
2025-11-28 13:28:34,689 - [离场] SOLUSDT | 原因:止盈 | 方向:LONG
2025-11-28 13:28:34,689 - [离场] DASHUSDT | 原因:止损 | 方向:SHORT
2025-11-28 13:28:34,690 - [离场] ORCAUSDT | 原因:止盈 | 方向:SHORT
2025-11-28 13:32:11,535 - [离场] PUMPUSDT | 原因:止损 | 方向:LONG
2025-11-28 13:41:22,927 - [入场] BANANAS31USDT | 方向:SHORT | 价格:0.0043 | 止损:0.0044 | 止盈:0.0040
2025-11-28 13:49:24,249 - [离场] YALAUSDT | 原因:止损 | 方向:SHORT
2025-11-28 13:56:49,863 - [入场] TNSRUSDT | 方向:SHORT | 价格:0.1322 | 止损:0.1333 | 止盈:0.1301
2025-11-28 14:00:21,847 - [离场] BNBUSDT | 原因:挂单触发 | 方向:LONG
2025-11-28 14:00:21,847 - [离场] BANANAS31USDT | 原因:挂单触发 | 方向:SHORT
2025-11-28 14:00:21,847 - [离场] TNSRUSDT | 原因:挂单触发 | 方向:SHORT
2025-11-28 14:01:59,353 - [入场] SUPERUSDT | 方向:SHORT | 价格:0.2423 | 止损:0.2451 | 止盈:0.2370
2025-11-28 14:10:19,836 - [入场] MUSDT | 方向:SHORT | 价格:1.2521 | 止损:1.2788 | 止盈:1.2021
2025-11-28 14:15:39,181 - [离场] BNBUSDT | 原因:止损 | 方向:LONG
2025-11-28 14:16:21,563 - [入场] ADAUSDT | 方向:SHORT | 价格:0.4248 | 止损:0.4263 | 止盈:0.4221
2025-11-28 14:33:54,357 - [离场] BANANAS31USDT | 原因:STOP(强平) | 盈亏:-0.2211USDT
2025-11-28 14:34:09,503 - [入场] FILUSDT | 方向:SHORT | 价格:1.6000 | 止损:1.6054 | 止盈:1.5899
2025-11-28 14:36:43,443 - [离场] FILUSDT | 原因:止盈 | 方向:SHORT
2025-11-28 14:47:24,896 - [离场] TNSRUSDT | 原因:TAKE(强平) | 盈亏:+0.3175USDT
2025-11-28 14:51:39,789 - [入场] ENAUSDT | 方向:SHORT | 价格:0.2795 | 止损:0.2807 | 止盈:0.2773
2025-11-28 14:57:13,870 - [离场] MUSDT | 原因:止损 | 方向:SHORT
2025-11-28 14:59:08,603 - [入场] HYPEUSDT | 方向:SHORT | 价格:34.8260 | 止损:35.0415 | 止盈:34.4220
2025-11-28 15:04:19,241 - [入场] TRADOORUSDT | 方向:LONG | 价格:2.1620 | 止损:2.1094 | 止盈:2.2606
2025-11-28 15:05:32,821 - [离场] TRADOORUSDT | 原因:止盈 | 方向:LONG
2025-11-28 15:10:34,873 - [离场] ADAUSDT | 原因:止损 | 方向:SHORT
2025-11-28 15:12:14,316 - [入场] PUMPUSDT | 方向:SHORT | 价格:0.0029 | 止损:0.0029 | 止盈:0.0029
2025-11-28 15:33:05,865 - [入场] MONUSDT | 方向:SHORT | 价格:0.0370 | 止损:0.0375 | 止盈:0.0360
